Archive member included to satisfy reference by file (symbol)

c:/users/sounyz/.eide/tools/gcc_arm/bin/../lib/gcc/arm-none-eabi/10.2.1/../../../../arm-none-eabi/lib/thumb/v7-m/nofp\libc_nano.a(lib_a-exit.o)
                              c:/users/sounyz/.eide/tools/gcc_arm/bin/../lib/gcc/arm-none-eabi/10.2.1/../../../../arm-none-eabi/lib/thumb/v7-m/nofp/crt0.o (exit)
c:/users/sounyz/.eide/tools/gcc_arm/bin/../lib/gcc/arm-none-eabi/10.2.1/../../../../arm-none-eabi/lib/thumb/v7-m/nofp\libc_nano.a(lib_a-impure.o)
                              c:/users/sounyz/.eide/tools/gcc_arm/bin/../lib/gcc/arm-none-eabi/10.2.1/../../../../arm-none-eabi/lib/thumb/v7-m/nofp\libc_nano.a(lib_a-exit.o) (_global_impure_ptr)
c:/users/sounyz/.eide/tools/gcc_arm/bin/../lib/gcc/arm-none-eabi/10.2.1/../../../../arm-none-eabi/lib/thumb/v7-m/nofp\libc_nano.a(lib_a-init.o)
                              c:/users/sounyz/.eide/tools/gcc_arm/bin/../lib/gcc/arm-none-eabi/10.2.1/../../../../arm-none-eabi/lib/thumb/v7-m/nofp/crt0.o (__libc_init_array)
c:/users/sounyz/.eide/tools/gcc_arm/bin/../lib/gcc/arm-none-eabi/10.2.1/../../../../arm-none-eabi/lib/thumb/v7-m/nofp\libc_nano.a(lib_a-memset.o)
                              c:/users/sounyz/.eide/tools/gcc_arm/bin/../lib/gcc/arm-none-eabi/10.2.1/../../../../arm-none-eabi/lib/thumb/v7-m/nofp/crt0.o (memset)
c:/users/sounyz/.eide/tools/gcc_arm/bin/../lib/gcc/arm-none-eabi/10.2.1/../../../../arm-none-eabi/lib/thumb/v7-m/nofp\libnosys.a(_exit.o)
                              c:/users/sounyz/.eide/tools/gcc_arm/bin/../lib/gcc/arm-none-eabi/10.2.1/../../../../arm-none-eabi/lib/thumb/v7-m/nofp\libc_nano.a(lib_a-exit.o) (_exit)

Discarded input sections

 .text          0x00000000        0x0 c:/users/sounyz/.eide/tools/gcc_arm/bin/../lib/gcc/arm-none-eabi/10.2.1/thumb/v7-m/nofp/crti.o
 .data          0x00000000        0x0 c:/users/sounyz/.eide/tools/gcc_arm/bin/../lib/gcc/arm-none-eabi/10.2.1/thumb/v7-m/nofp/crti.o
 .bss           0x00000000        0x0 c:/users/sounyz/.eide/tools/gcc_arm/bin/../lib/gcc/arm-none-eabi/10.2.1/thumb/v7-m/nofp/crti.o
 .data          0x00000000        0x4 c:/users/sounyz/.eide/tools/gcc_arm/bin/../lib/gcc/arm-none-eabi/10.2.1/thumb/v7-m/nofp/crtbegin.o
 .rodata        0x00000000       0x24 c:/users/sounyz/.eide/tools/gcc_arm/bin/../lib/gcc/arm-none-eabi/10.2.1/thumb/v7-m/nofp/crtbegin.o
 .text          0x00000000       0x7c c:/users/sounyz/.eide/tools/gcc_arm/bin/../lib/gcc/arm-none-eabi/10.2.1/../../../../arm-none-eabi/lib/thumb/v7-m/nofp/crt0.o
 .data          0x00000000        0x0 c:/users/sounyz/.eide/tools/gcc_arm/bin/../lib/gcc/arm-none-eabi/10.2.1/../../../../arm-none-eabi/lib/thumb/v7-m/nofp/crt0.o
 .bss           0x00000000        0x0 c:/users/sounyz/.eide/tools/gcc_arm/bin/../lib/gcc/arm-none-eabi/10.2.1/../../../../arm-none-eabi/lib/thumb/v7-m/nofp/crt0.o
 .ARM.extab     0x00000000        0x0 c:/users/sounyz/.eide/tools/gcc_arm/bin/../lib/gcc/arm-none-eabi/10.2.1/../../../../arm-none-eabi/lib/thumb/v7-m/nofp/crt0.o
 .ARM.exidx     0x00000000       0x10 c:/users/sounyz/.eide/tools/gcc_arm/bin/../lib/gcc/arm-none-eabi/10.2.1/../../../../arm-none-eabi/lib/thumb/v7-m/nofp/crt0.o
 .ARM.attributes
                0x00000000       0x1b c:/users/sounyz/.eide/tools/gcc_arm/bin/../lib/gcc/arm-none-eabi/10.2.1/../../../../arm-none-eabi/lib/thumb/v7-m/nofp/crt0.o
 .text          0x00000000        0x0 ./build/Debug/.obj/hal/STM32F10x_StdPeriph_Driver/src/misc.o
 .data          0x00000000        0x0 ./build/Debug/.obj/hal/STM32F10x_StdPeriph_Driver/src/misc.o
 .bss           0x00000000        0x0 ./build/Debug/.obj/hal/STM32F10x_StdPeriph_Driver/src/misc.o
 .text.NVIC_PriorityGroupConfig
                0x00000000       0x14 ./build/Debug/.obj/hal/STM32F10x_StdPeriph_Driver/src/misc.o
 .text.NVIC_SetVectorTable
                0x00000000       0x14 ./build/Debug/.obj/hal/STM32F10x_StdPeriph_Driver/src/misc.o
 .text.NVIC_SystemLPConfig
                0x00000000       0x1c ./build/Debug/.obj/hal/STM32F10x_StdPeriph_Driver/src/misc.o
 .text.SysTick_CLKSourceConfig
                0x00000000       0x20 ./build/Debug/.obj/hal/STM32F10x_StdPeriph_Driver/src/misc.o
 .text          0x00000000        0x0 ./build/Debug/.obj/hal/STM32F10x_StdPeriph_Driver/src/stm32f10x_adc.o
 .data          0x00000000        0x0 ./build/Debug/.obj/hal/STM32F10x_StdPeriph_Driver/src/stm32f10x_adc.o
 .bss           0x00000000        0x0 ./build/Debug/.obj/hal/STM32F10x_StdPeriph_Driver/src/stm32f10x_adc.o
 .text.ADC_DeInit
                0x00000000       0x64 ./build/Debug/.obj/hal/STM32F10x_StdPeriph_Driver/src/stm32f10x_adc.o
 .text.ADC_Init
                0x00000000       0x4c ./build/Debug/.obj/hal/STM32F10x_StdPeriph_Driver/src/stm32f10x_adc.o
 .text.ADC_StructInit
                0x00000000       0x12 ./build/Debug/.obj/hal/STM32F10x_StdPeriph_Driver/src/stm32f10x_adc.o
 .text.ADC_Cmd  0x00000000       0x16 ./build/Debug/.obj/hal/STM32F10x_StdPeriph_Driver/src/stm32f10x_adc.o
 .text.ADC_DMACmd
                0x00000000       0x16 ./build/Debug/.obj/hal/STM32F10x_StdPeriph_Driver/src/stm32f10x_adc.o
 .text.ADC_ITConfig
                0x00000000       0x16 ./build/Debug/.obj/hal/STM32F10x_StdPeriph_Driver/src/stm32f10x_adc.o
 .text.ADC_ResetCalibration
                0x00000000        0xa ./build/Debug/.obj/hal/STM32F10x_StdPeriph_Driver/src/stm32f10x_adc.o
 .text.ADC_GetResetCalibrationStatus
                0x00000000       0x10 ./build/Debug/.obj/hal/STM32F10x_StdPeriph_Driver/src/stm32f10x_adc.o
 .text.ADC_StartCalibration
                0x00000000        0xa ./build/Debug/.obj/hal/STM32F10x_StdPeriph_Driver/src/stm32f10x_adc.o
 .text.ADC_GetCalibrationStatus
                0x00000000       0x10 ./build/Debug/.obj/hal/STM32F10x_StdPeriph_Driver/src/stm32f10x_adc.o
 .text.ADC_SoftwareStartConvCmd
                0x00000000       0x16 ./build/Debug/.obj/hal/STM32F10x_StdPeriph_Driver/src/stm32f10x_adc.o
 .text.ADC_GetSoftwareStartConvStatus
                0x00000000       0x10 ./build/Debug/.obj/hal/STM32F10x_StdPeriph_Driver/src/stm32f10x_adc.o
 .text.ADC_DiscModeChannelCountConfig
                0x00000000       0x10 ./build/Debug/.obj/hal/STM32F10x_StdPeriph_Driver/src/stm32f10x_adc.o
 .text.ADC_DiscModeCmd
                0x00000000       0x16 ./build/Debug/.obj/hal/STM32F10x_StdPeriph_Driver/src/stm32f10x_adc.o
 .text.ADC_RegularChannelConfig
                0x00000000       0x98 ./build/Debug/.obj/hal/STM32F10x_StdPeriph_Driver/src/stm32f10x_adc.o
 .text.ADC_ExternalTrigConvCmd
                0x00000000       0x16 ./build/Debug/.obj/hal/STM32F10x_StdPeriph_Driver/src/stm32f10x_adc.o
 .text.ADC_GetConversionValue
                0x00000000        0x6 ./build/Debug/.obj/hal/STM32F10x_StdPeriph_Driver/src/stm32f10x_adc.o
 .text.ADC_GetDualModeConversionValue
                0x00000000        0xc ./build/Debug/.obj/hal/STM32F10x_StdPeriph_Driver/src/stm32f10x_adc.o
 .text.ADC_AutoInjectedConvCmd
                0x00000000       0x16 ./build/Debug/.obj/hal/STM32F10x_StdPeriph_Driver/src/stm32f10x_adc.o
 .text.ADC_InjectedDiscModeCmd
                0x00000000       0x16 ./build/Debug/.obj/hal/STM32F10x_StdPeriph_Driver/src/stm32f10x_adc.o
 .text.ADC_ExternalTrigInjectedConvConfig
                0x00000000        0xc ./build/Debug/.obj/hal/STM32F10x_StdPeriph_Driver/src/stm32f10x_adc.o
 .text.ADC_ExternalTrigInjectedConvCmd
                0x00000000       0x16 ./build/Debug/.obj/hal/STM32F10x_StdPeriph_Driver/src/stm32f10x_adc.o
 .text.ADC_SoftwareStartInjectedConvCmd
                0x00000000       0x16 ./build/Debug/.obj/hal/STM32F10x_StdPeriph_Driver/src/stm32f10x_adc.o
 .text.ADC_GetSoftwareStartInjectedConvCmdStatus
                0x00000000       0x10 ./build/Debug/.obj/hal/STM32F10x_StdPeriph_Driver/src/stm32f10x_adc.o
 .text.ADC_InjectedChannelConfig
                0x00000000       0x62 ./build/Debug/.obj/hal/STM32F10x_StdPeriph_Driver/src/stm32f10x_adc.o
 .text.ADC_InjectedSequencerLengthConfig
                0x00000000       0x10 ./build/Debug/.obj/hal/STM32F10x_StdPeriph_Driver/src/stm32f10x_adc.o
 .text.ADC_SetInjectedOffset
                0x00000000       0x16 ./build/Debug/.obj/hal/STM32F10x_StdPeriph_Driver/src/stm32f10x_adc.o
 .text.ADC_GetInjectedConversionValue
                0x00000000       0x1a ./build/Debug/.obj/hal/STM32F10x_StdPeriph_Driver/src/stm32f10x_adc.o
 .text.ADC_AnalogWatchdogCmd
                0x00000000       0x10 ./build/Debug/.obj/hal/STM32F10x_StdPeriph_Driver/src/stm32f10x_adc.o
 .text.ADC_AnalogWatchdogThresholdsConfig
                0x00000000        0x6 ./build/Debug/.obj/hal/STM32F10x_StdPeriph_Driver/src/stm32f10x_adc.o
 .text.ADC_AnalogWatchdogSingleChannelConfig
                0x00000000        0xc ./build/Debug/.obj/hal/STM32F10x_StdPeriph_Driver/src/stm32f10x_adc.o
 .text.ADC_TempSensorVrefintCmd
                0x00000000       0x20 ./build/Debug/.obj/hal/STM32F10x_StdPeriph_Driver/src/stm32f10x_adc.o
 .text.ADC_GetFlagStatus
                0x00000000        0xe ./build/Debug/.obj/hal/STM32F10x_StdPeriph_Driver/src/stm32f10x_adc.o
 .text.ADC_ClearFlag
                0x00000000        0x6 ./build/Debug/.obj/hal/STM32F10x_StdPeriph_Driver/src/stm32f10x_adc.o
 .text.ADC_GetITStatus
                0x00000000       0x1c ./build/Debug/.obj/hal/STM32F10x_StdPeriph_Driver/src/stm32f10x_adc.o
 .text.ADC_ClearITPendingBit
                0x00000000        0x8 ./build/Debug/.obj/hal/STM32F10x_StdPeriph_Driver/src/stm32f10x_adc.o
 .debug_info    0x00000000      0xd5c ./build/Debug/.obj/hal/STM32F10x_StdPeriph_Driver/src/stm32f10x_adc.o
 .debug_abbrev  0x00000000      0x1fa ./build/Debug/.obj/hal/STM32F10x_StdPeriph_Driver/src/stm32f10x_adc.o
 .debug_loc     0x00000000      0xa91 ./build/Debug/.obj/hal/STM32F10x_StdPeriph_Driver/src/stm32f10x_adc.o
 .debug_aranges
                0x00000000      0x138 ./build/Debug/.obj/hal/STM32F10x_StdPeriph_Driver/src/stm32f10x_adc.o
 .debug_ranges  0x00000000      0x128 ./build/Debug/.obj/hal/STM32F10x_StdPeriph_Driver/src/stm32f10x_adc.o
 .debug_line    0x00000000      0xa5d ./build/Debug/.obj/hal/STM32F10x_StdPeriph_Driver/src/stm32f10x_adc.o
 .debug_str     0x00000000      0x75d ./build/Debug/.obj/hal/STM32F10x_StdPeriph_Driver/src/stm32f10x_adc.o
 .comment       0x00000000       0x4e ./build/Debug/.obj/hal/STM32F10x_StdPeriph_Driver/src/stm32f10x_adc.o
 .debug_frame   0x00000000      0x28c ./build/Debug/.obj/hal/STM32F10x_StdPeriph_Driver/src/stm32f10x_adc.o
 .ARM.attributes
                0x00000000       0x2d ./build/Debug/.obj/hal/STM32F10x_StdPeriph_Driver/src/stm32f10x_adc.o
 .text          0x00000000        0x0 ./build/Debug/.obj/hal/STM32F10x_StdPeriph_Driver/src/stm32f10x_exti.o
 .data          0x00000000        0x0 ./build/Debug/.obj/hal/STM32F10x_StdPeriph_Driver/src/stm32f10x_exti.o
 .bss           0x00000000        0x0 ./build/Debug/.obj/hal/STM32F10x_StdPeriph_Driver/src/stm32f10x_exti.o
 .text.EXTI_DeInit
                0x00000000       0x1c ./build/Debug/.obj/hal/STM32F10x_StdPeriph_Driver/src/stm32f10x_exti.o
 .text.EXTI_Init
                0x00000000       0x8c ./build/Debug/.obj/hal/STM32F10x_StdPeriph_Driver/src/stm32f10x_exti.o
 .text.EXTI_StructInit
                0x00000000        0xe ./build/Debug/.obj/hal/STM32F10x_StdPeriph_Driver/src/stm32f10x_exti.o
 .text.EXTI_GenerateSWInterrupt
                0x00000000       0x10 ./build/Debug/.obj/hal/STM32F10x_StdPeriph_Driver/src/stm32f10x_exti.o
 .text.EXTI_GetFlagStatus
                0x00000000       0x14 ./build/Debug/.obj/hal/STM32F10x_StdPeriph_Driver/src/stm32f10x_exti.o
 .text.EXTI_ClearFlag
                0x00000000        0xc ./build/Debug/.obj/hal/STM32F10x_StdPeriph_Driver/src/stm32f10x_exti.o
 .text          0x00000000        0x0 ./build/Debug/.obj/hal/STM32F10x_StdPeriph_Driver/src/stm32f10x_gpio.o
 .data          0x00000000        0x0 ./build/Debug/.obj/hal/STM32F10x_StdPeriph_Driver/src/stm32f10x_gpio.o
 .bss           0x00000000        0x0 ./build/Debug/.obj/hal/STM32F10x_StdPeriph_Driver/src/stm32f10x_gpio.o
 .text.GPIO_DeInit
                0x00000000       0xcc ./build/Debug/.obj/hal/STM32F10x_StdPeriph_Driver/src/stm32f10x_gpio.o
 .text.GPIO_AFIODeInit
                0x00000000       0x14 ./build/Debug/.obj/hal/STM32F10x_StdPeriph_Driver/src/stm32f10x_gpio.o
 .text.GPIO_StructInit
                0x00000000       0x10 ./build/Debug/.obj/hal/STM32F10x_StdPeriph_Driver/src/stm32f10x_gpio.o
 .text.GPIO_ReadInputData
                0x00000000        0x6 ./build/Debug/.obj/hal/STM32F10x_StdPeriph_Driver/src/stm32f10x_gpio.o
 .text.GPIO_ReadOutputDataBit
                0x00000000        0xe ./build/Debug/.obj/hal/STM32F10x_StdPeriph_Driver/src/stm32f10x_gpio.o
 .text.GPIO_ReadOutputData
                0x00000000        0x6 ./build/Debug/.obj/hal/STM32F10x_StdPeriph_Driver/src/stm32f10x_gpio.o
 .text.GPIO_SetBits
                0x00000000        0x4 ./build/Debug/.obj/hal/STM32F10x_StdPeriph_Driver/src/stm32f10x_gpio.o
 .text.GPIO_ResetBits
                0x00000000        0x4 ./build/Debug/.obj/hal/STM32F10x_StdPeriph_Driver/src/stm32f10x_gpio.o
 .text.GPIO_Write
                0x00000000        0x4 ./build/Debug/.obj/hal/STM32F10x_StdPeriph_Driver/src/stm32f10x_gpio.o
 .text.GPIO_PinLockConfig
                0x00000000       0x10 ./build/Debug/.obj/hal/STM32F10x_StdPeriph_Driver/src/stm32f10x_gpio.o
 .text.GPIO_EventOutputConfig
                0x00000000       0x1c ./build/Debug/.obj/hal/STM32F10x_StdPeriph_Driver/src/stm32f10x_gpio.o
 .text.GPIO_EventOutputCmd
                0x00000000        0xc ./build/Debug/.obj/hal/STM32F10x_StdPeriph_Driver/src/stm32f10x_gpio.o
 .text.GPIO_PinRemapConfig
                0x00000000       0x7c ./build/Debug/.obj/hal/STM32F10x_StdPeriph_Driver/src/stm32f10x_gpio.o
 .text.GPIO_EXTILineConfig
                0x00000000       0x34 ./build/Debug/.obj/hal/STM32F10x_StdPeriph_Driver/src/stm32f10x_gpio.o
 .text.GPIO_ETH_MediaInterfaceConfig
                0x00000000        0xc ./build/Debug/.obj/hal/STM32F10x_StdPeriph_Driver/src/stm32f10x_gpio.o
 .text          0x00000000        0x0 ./build/Debug/.obj/hal/STM32F10x_StdPeriph_Driver/src/stm32f10x_rcc.o
 .data          0x00000000        0x0 ./build/Debug/.obj/hal/STM32F10x_StdPeriph_Driver/src/stm32f10x_rcc.o
 .bss           0x00000000        0x0 ./build/Debug/.obj/hal/STM32F10x_StdPeriph_Driver/src/stm32f10x_rcc.o
 .text.RCC_DeInit
                0x00000000       0x40 ./build/Debug/.obj/hal/STM32F10x_StdPeriph_Driver/src/stm32f10x_rcc.o
 .text.RCC_HSEConfig
                0x00000000       0x3c ./build/Debug/.obj/hal/STM32F10x_StdPeriph_Driver/src/stm32f10x_rcc.o
 .text.RCC_AdjustHSICalibrationValue
                0x00000000       0x14 ./build/Debug/.obj/hal/STM32F10x_StdPeriph_Driver/src/stm32f10x_rcc.o
 .text.RCC_HSICmd
                0x00000000        0xc ./build/Debug/.obj/hal/STM32F10x_StdPeriph_Driver/src/stm32f10x_rcc.o
 .text.RCC_PLLConfig
                0x00000000       0x14 ./build/Debug/.obj/hal/STM32F10x_StdPeriph_Driver/src/stm32f10x_rcc.o
 .text.RCC_PLLCmd
                0x00000000        0xc ./build/Debug/.obj/hal/STM32F10x_StdPeriph_Driver/src/stm32f10x_rcc.o
 .text.RCC_SYSCLKConfig
                0x00000000       0x14 ./build/Debug/.obj/hal/STM32F10x_StdPeriph_Driver/src/stm32f10x_rcc.o
 .text.RCC_GetSYSCLKSource
                0x00000000       0x10 ./build/Debug/.obj/hal/STM32F10x_StdPeriph_Driver/src/stm32f10x_rcc.o
 .text.RCC_HCLKConfig
                0x00000000       0x14 ./build/Debug/.obj/hal/STM32F10x_StdPeriph_Driver/src/stm32f10x_rcc.o
 .text.RCC_PCLK1Config
                0x00000000       0x14 ./build/Debug/.obj/hal/STM32F10x_StdPeriph_Driver/src/stm32f10x_rcc.o
 .text.RCC_PCLK2Config
                0x00000000       0x14 ./build/Debug/.obj/hal/STM32F10x_StdPeriph_Driver/src/stm32f10x_rcc.o
 .text.RCC_ITConfig
                0x00000000       0x1c ./build/Debug/.obj/hal/STM32F10x_StdPeriph_Driver/src/stm32f10x_rcc.o
 .text.RCC_USBCLKConfig
                0x00000000        0xc ./build/Debug/.obj/hal/STM32F10x_StdPeriph_Driver/src/stm32f10x_rcc.o
 .text.RCC_ADCCLKConfig
                0x00000000       0x14 ./build/Debug/.obj/hal/STM32F10x_StdPeriph_Driver/src/stm32f10x_rcc.o
 .text.RCC_LSEConfig
                0x00000000       0x30 ./build/Debug/.obj/hal/STM32F10x_StdPeriph_Driver/src/stm32f10x_rcc.o
 .text.RCC_LSICmd
                0x00000000        0xc ./build/Debug/.obj/hal/STM32F10x_StdPeriph_Driver/src/stm32f10x_rcc.o
 .text.RCC_RTCCLKConfig
                0x00000000       0x10 ./build/Debug/.obj/hal/STM32F10x_StdPeriph_Driver/src/stm32f10x_rcc.o
 .text.RCC_RTCCLKCmd
                0x00000000        0xc ./build/Debug/.obj/hal/STM32F10x_StdPeriph_Driver/src/stm32f10x_rcc.o
 .text.RCC_GetClocksFreq
                0x00000000       0xbc ./build/Debug/.obj/hal/STM32F10x_StdPeriph_Driver/src/stm32f10x_rcc.o
 .text.RCC_AHBPeriphClockCmd
                0x00000000       0x1c ./build/Debug/.obj/hal/STM32F10x_StdPeriph_Driver/src/stm32f10x_rcc.o
 .text.RCC_APB2PeriphResetCmd
                0x00000000       0x1c ./build/Debug/.obj/hal/STM32F10x_StdPeriph_Driver/src/stm32f10x_rcc.o
 .text.RCC_APB1PeriphResetCmd
                0x00000000       0x1c ./build/Debug/.obj/hal/STM32F10x_StdPeriph_Driver/src/stm32f10x_rcc.o
 .text.RCC_BackupResetCmd
                0x00000000        0xc ./build/Debug/.obj/hal/STM32F10x_StdPeriph_Driver/src/stm32f10x_rcc.o
 .text.RCC_ClockSecuritySystemCmd
                0x00000000        0xc ./build/Debug/.obj/hal/STM32F10x_StdPeriph_Driver/src/stm32f10x_rcc.o
 .text.RCC_MCOConfig
                0x00000000        0xc ./build/Debug/.obj/hal/STM32F10x_StdPeriph_Driver/src/stm32f10x_rcc.o
 .text.RCC_GetFlagStatus
                0x00000000       0x34 ./build/Debug/.obj/hal/STM32F10x_StdPeriph_Driver/src/stm32f10x_rcc.o
 .text.RCC_WaitForHSEStartUp
                0x00000000       0x30 ./build/Debug/.obj/hal/STM32F10x_StdPeriph_Driver/src/stm32f10x_rcc.o
 .text.RCC_ClearFlag
                0x00000000       0x10 ./build/Debug/.obj/hal/STM32F10x_StdPeriph_Driver/src/stm32f10x_rcc.o
 .text.RCC_GetITStatus
                0x00000000       0x14 ./build/Debug/.obj/hal/STM32F10x_StdPeriph_Driver/src/stm32f10x_rcc.o
 .text.RCC_ClearITPendingBit
                0x00000000        0xc ./build/Debug/.obj/hal/STM32F10x_StdPeriph_Driver/src/stm32f10x_rcc.o
 .data.ADCPrescTable
                0x00000000        0x4 ./build/Debug/.obj/hal/STM32F10x_StdPeriph_Driver/src/stm32f10x_rcc.o
 .data.APBAHBPrescTable
                0x00000000       0x10 ./build/Debug/.obj/hal/STM32F10x_StdPeriph_Driver/src/stm32f10x_rcc.o
 .text          0x00000000        0x0 ./build/Debug/.obj/hal/STM32F10x_StdPeriph_Driver/src/stm32f10x_spi.o
 .data          0x00000000        0x0 ./build/Debug/.obj/hal/STM32F10x_StdPeriph_Driver/src/stm32f10x_spi.o
 .bss           0x00000000        0x0 ./build/Debug/.obj/hal/STM32F10x_StdPeriph_Driver/src/stm32f10x_spi.o
 .text.SPI_I2S_DeInit
                0x00000000       0x64 ./build/Debug/.obj/hal/STM32F10x_StdPeriph_Driver/src/stm32f10x_spi.o
 .text.SPI_Init
                0x00000000       0x4e ./build/Debug/.obj/hal/STM32F10x_StdPeriph_Driver/src/stm32f10x_spi.o
 .text.I2S_Init
                0x00000000       0xb8 ./build/Debug/.obj/hal/STM32F10x_StdPeriph_Driver/src/stm32f10x_spi.o
 .text.SPI_StructInit
                0x00000000       0x18 ./build/Debug/.obj/hal/STM32F10x_StdPeriph_Driver/src/stm32f10x_spi.o
 .text.I2S_StructInit
                0x00000000       0x12 ./build/Debug/.obj/hal/STM32F10x_StdPeriph_Driver/src/stm32f10x_spi.o
 .text.SPI_Cmd  0x00000000       0x1c ./build/Debug/.obj/hal/STM32F10x_StdPeriph_Driver/src/stm32f10x_spi.o
 .text.I2S_Cmd  0x00000000       0x1c ./build/Debug/.obj/hal/STM32F10x_StdPeriph_Driver/src/stm32f10x_spi.o
 .text.SPI_I2S_ITConfig
                0x00000000       0x20 ./build/Debug/.obj/hal/STM32F10x_StdPeriph_Driver/src/stm32f10x_spi.o
 .text.SPI_I2S_DMACmd
                0x00000000       0x18 ./build/Debug/.obj/hal/STM32F10x_StdPeriph_Driver/src/stm32f10x_spi.o
 .text.SPI_I2S_SendData
                0x00000000        0x4 ./build/Debug/.obj/hal/STM32F10x_StdPeriph_Driver/src/stm32f10x_spi.o
 .text.SPI_I2S_ReceiveData
                0x00000000        0x6 ./build/Debug/.obj/hal/STM32F10x_StdPeriph_Driver/src/stm32f10x_spi.o
 .text.SPI_NSSInternalSoftwareConfig
                0x00000000       0x22 ./build/Debug/.obj/hal/STM32F10x_StdPeriph_Driver/src/stm32f10x_spi.o
 .text.SPI_SSOutputCmd
                0x00000000       0x1c ./build/Debug/.obj/hal/STM32F10x_StdPeriph_Driver/src/stm32f10x_spi.o
 .text.SPI_DataSizeConfig
                0x00000000       0x16 ./build/Debug/.obj/hal/STM32F10x_StdPeriph_Driver/src/stm32f10x_spi.o
 .text.SPI_TransmitCRC
                0x00000000        0xc ./build/Debug/.obj/hal/STM32F10x_StdPeriph_Driver/src/stm32f10x_spi.o
 .text.SPI_CalculateCRC
                0x00000000       0x1c ./build/Debug/.obj/hal/STM32F10x_StdPeriph_Driver/src/stm32f10x_spi.o
 .text.SPI_GetCRC
                0x00000000       0x10 ./build/Debug/.obj/hal/STM32F10x_StdPeriph_Driver/src/stm32f10x_spi.o
 .text.SPI_GetCRCPolynomial
                0x00000000        0x6 ./build/Debug/.obj/hal/STM32F10x_StdPeriph_Driver/src/stm32f10x_spi.o
 .text.SPI_BiDirectionalLineConfig
                0x00000000       0x20 ./build/Debug/.obj/hal/STM32F10x_StdPeriph_Driver/src/stm32f10x_spi.o
 .text.SPI_I2S_GetFlagStatus
                0x00000000        0xe ./build/Debug/.obj/hal/STM32F10x_StdPeriph_Driver/src/stm32f10x_spi.o
 .text.SPI_I2S_ClearFlag
                0x00000000        0x8 ./build/Debug/.obj/hal/STM32F10x_StdPeriph_Driver/src/stm32f10x_spi.o
 .text.SPI_I2S_GetITStatus
                0x00000000       0x2c ./build/Debug/.obj/hal/STM32F10x_StdPeriph_Driver/src/stm32f10x_spi.o
 .text.SPI_I2S_ClearITPendingBit
                0x00000000       0x12 ./build/Debug/.obj/hal/STM32F10x_StdPeriph_Driver/src/stm32f10x_spi.o
 .debug_info    0x00000000      0xaa1 ./build/Debug/.obj/hal/STM32F10x_StdPeriph_Driver/src/stm32f10x_spi.o
 .debug_abbrev  0x00000000      0x1f2 ./build/Debug/.obj/hal/STM32F10x_StdPeriph_Driver/src/stm32f10x_spi.o
 .debug_loc     0x00000000      0x6e3 ./build/Debug/.obj/hal/STM32F10x_StdPeriph_Driver/src/stm32f10x_spi.o
 .debug_aranges
                0x00000000       0xd0 ./build/Debug/.obj/hal/STM32F10x_StdPeriph_Driver/src/stm32f10x_spi.o
 .debug_ranges  0x00000000       0xc0 ./build/Debug/.obj/hal/STM32F10x_StdPeriph_Driver/src/stm32f10x_spi.o
 .debug_line    0x00000000      0x725 ./build/Debug/.obj/hal/STM32F10x_StdPeriph_Driver/src/stm32f10x_spi.o
 .debug_str     0x00000000      0x688 ./build/Debug/.obj/hal/STM32F10x_StdPeriph_Driver/src/stm32f10x_spi.o
 .comment       0x00000000       0x4e ./build/Debug/.obj/hal/STM32F10x_StdPeriph_Driver/src/stm32f10x_spi.o
 .debug_frame   0x00000000      0x1b0 ./build/Debug/.obj/hal/STM32F10x_StdPeriph_Driver/src/stm32f10x_spi.o
 .ARM.attributes
                0x00000000       0x2d ./build/Debug/.obj/hal/STM32F10x_StdPeriph_Driver/src/stm32f10x_spi.o
 .text          0x00000000        0x0 ./build/Debug/.obj/hal/STM32F10x_StdPeriph_Driver/src/stm32f10x_tim.o
 .data          0x00000000        0x0 ./build/Debug/.obj/hal/STM32F10x_StdPeriph_Driver/src/stm32f10x_tim.o
 .bss           0x00000000        0x0 ./build/Debug/.obj/hal/STM32F10x_StdPeriph_Driver/src/stm32f10x_tim.o
 .text.TIM_DeInit
                0x00000000      0x20c ./build/Debug/.obj/hal/STM32F10x_StdPeriph_Driver/src/stm32f10x_tim.o
 .text.TIM_OC1Init
                0x00000000       0x8c ./build/Debug/.obj/hal/STM32F10x_StdPeriph_Driver/src/stm32f10x_tim.o
 .text.TIM_OC2Init
                0x00000000       0x98 ./build/Debug/.obj/hal/STM32F10x_StdPeriph_Driver/src/stm32f10x_tim.o
 .text.TIM_OC3Init
                0x00000000       0x94 ./build/Debug/.obj/hal/STM32F10x_StdPeriph_Driver/src/stm32f10x_tim.o
 .text.TIM_OC4Init
                0x00000000       0x80 ./build/Debug/.obj/hal/STM32F10x_StdPeriph_Driver/src/stm32f10x_tim.o
 .text.TIM_BDTRConfig
                0x00000000       0x2c ./build/Debug/.obj/hal/STM32F10x_StdPeriph_Driver/src/stm32f10x_tim.o
 .text.TIM_TimeBaseStructInit
                0x00000000       0x12 ./build/Debug/.obj/hal/STM32F10x_StdPeriph_Driver/src/stm32f10x_tim.o
 .text.TIM_OCStructInit
                0x00000000       0x14 ./build/Debug/.obj/hal/STM32F10x_StdPeriph_Driver/src/stm32f10x_tim.o
 .text.TIM_ICStructInit
                0x00000000       0x10 ./build/Debug/.obj/hal/STM32F10x_StdPeriph_Driver/src/stm32f10x_tim.o
 .text.TIM_BDTRStructInit
                0x00000000       0x12 ./build/Debug/.obj/hal/STM32F10x_StdPeriph_Driver/src/stm32f10x_tim.o
 .text.TIM_CtrlPWMOutputs
                0x00000000       0x24 ./build/Debug/.obj/hal/STM32F10x_StdPeriph_Driver/src/stm32f10x_tim.o
 .text.TIM_GenerateEvent
                0x00000000        0x4 ./build/Debug/.obj/hal/STM32F10x_StdPeriph_Driver/src/stm32f10x_tim.o
 .text.TIM_DMAConfig
                0x00000000        0x8 ./build/Debug/.obj/hal/STM32F10x_StdPeriph_Driver/src/stm32f10x_tim.o
 .text.TIM_DMACmd
                0x00000000       0x18 ./build/Debug/.obj/hal/STM32F10x_StdPeriph_Driver/src/stm32f10x_tim.o
 .text.TIM_InternalClockConfig
                0x00000000        0xe ./build/Debug/.obj/hal/STM32F10x_StdPeriph_Driver/src/stm32f10x_tim.o
 .text.TIM_ETRConfig
                0x00000000       0x18 ./build/Debug/.obj/hal/STM32F10x_StdPeriph_Driver/src/stm32f10x_tim.o
 .text.TIM_ETRClockMode1Config
                0x00000000       0x14 ./build/Debug/.obj/hal/STM32F10x_StdPeriph_Driver/src/stm32f10x_tim.o
 .text.TIM_ETRClockMode2Config
                0x00000000       0x14 ./build/Debug/.obj/hal/STM32F10x_StdPeriph_Driver/src/stm32f10x_tim.o
 .text.TIM_PrescalerConfig
                0x00000000        0x6 ./build/Debug/.obj/hal/STM32F10x_StdPeriph_Driver/src/stm32f10x_tim.o
 .text.TIM_CounterModeConfig
                0x00000000        0xe ./build/Debug/.obj/hal/STM32F10x_StdPeriph_Driver/src/stm32f10x_tim.o
 .text.TIM_SelectInputTrigger
                0x00000000        0xe ./build/Debug/.obj/hal/STM32F10x_StdPeriph_Driver/src/stm32f10x_tim.o
 .text.TIM_ITRxExternalClockConfig
                0x00000000       0x14 ./build/Debug/.obj/hal/STM32F10x_StdPeriph_Driver/src/stm32f10x_tim.o
 .text.TIM_TIxExternalClockConfig
                0x00000000       0x2e ./build/Debug/.obj/hal/STM32F10x_StdPeriph_Driver/src/stm32f10x_tim.o
 .text.TIM_EncoderInterfaceConfig
                0x00000000       0x46 ./build/Debug/.obj/hal/STM32F10x_StdPeriph_Driver/src/stm32f10x_tim.o
 .text.TIM_ForcedOC1Config
                0x00000000        0xe ./build/Debug/.obj/hal/STM32F10x_StdPeriph_Driver/src/stm32f10x_tim.o
 .text.TIM_ForcedOC2Config
                0x00000000       0x12 ./build/Debug/.obj/hal/STM32F10x_StdPeriph_Driver/src/stm32f10x_tim.o
 .text.TIM_ForcedOC3Config
                0x00000000        0xe ./build/Debug/.obj/hal/STM32F10x_StdPeriph_Driver/src/stm32f10x_tim.o
 .text.TIM_ForcedOC4Config
                0x00000000       0x12 ./build/Debug/.obj/hal/STM32F10x_StdPeriph_Driver/src/stm32f10x_tim.o
 .text.TIM_ARRPreloadConfig
                0x00000000       0x1c ./build/Debug/.obj/hal/STM32F10x_StdPeriph_Driver/src/stm32f10x_tim.o
 .text.TIM_SelectCOM
                0x00000000       0x1c ./build/Debug/.obj/hal/STM32F10x_StdPeriph_Driver/src/stm32f10x_tim.o
 .text.TIM_SelectCCDMA
                0x00000000       0x1c ./build/Debug/.obj/hal/STM32F10x_StdPeriph_Driver/src/stm32f10x_tim.o
 .text.TIM_CCPreloadControl
                0x00000000       0x1c ./build/Debug/.obj/hal/STM32F10x_StdPeriph_Driver/src/stm32f10x_tim.o
 .text.TIM_OC1PreloadConfig
                0x00000000        0xe ./build/Debug/.obj/hal/STM32F10x_StdPeriph_Driver/src/stm32f10x_tim.o
 .text.TIM_OC2PreloadConfig
                0x00000000       0x12 ./build/Debug/.obj/hal/STM32F10x_StdPeriph_Driver/src/stm32f10x_tim.o
 .text.TIM_OC3PreloadConfig
                0x00000000        0xe ./build/Debug/.obj/hal/STM32F10x_StdPeriph_Driver/src/stm32f10x_tim.o
 .text.TIM_OC4PreloadConfig
                0x00000000       0x12 ./build/Debug/.obj/hal/STM32F10x_StdPeriph_Driver/src/stm32f10x_tim.o
 .text.TIM_OC1FastConfig
                0x00000000        0xe ./build/Debug/.obj/hal/STM32F10x_StdPeriph_Driver/src/stm32f10x_tim.o
 .text.TIM_OC2FastConfig
                0x00000000       0x12 ./build/Debug/.obj/hal/STM32F10x_StdPeriph_Driver/src/stm32f10x_tim.o
 .text.TIM_OC3FastConfig
                0x00000000        0xe ./build/Debug/.obj/hal/STM32F10x_StdPeriph_Driver/src/stm32f10x_tim.o
 .text.TIM_OC4FastConfig
                0x00000000       0x12 ./build/Debug/.obj/hal/STM32F10x_StdPeriph_Driver/src/stm32f10x_tim.o
 .text.TIM_ClearOC1Ref
                0x00000000        0xe ./build/Debug/.obj/hal/STM32F10x_StdPeriph_Driver/src/stm32f10x_tim.o
 .text.TIM_ClearOC2Ref
                0x00000000       0x10 ./build/Debug/.obj/hal/STM32F10x_StdPeriph_Driver/src/stm32f10x_tim.o
 .text.TIM_ClearOC3Ref
                0x00000000        0xe ./build/Debug/.obj/hal/STM32F10x_StdPeriph_Driver/src/stm32f10x_tim.o
 .text.TIM_ClearOC4Ref
                0x00000000       0x10 ./build/Debug/.obj/hal/STM32F10x_StdPeriph_Driver/src/stm32f10x_tim.o
 .text.TIM_OC1PolarityConfig
                0x00000000        0xe ./build/Debug/.obj/hal/STM32F10x_StdPeriph_Driver/src/stm32f10x_tim.o
 .text.TIM_OC1NPolarityConfig
                0x00000000        0xe ./build/Debug/.obj/hal/STM32F10x_StdPeriph_Driver/src/stm32f10x_tim.o
 .text.TIM_OC2PolarityConfig
                0x00000000       0x12 ./build/Debug/.obj/hal/STM32F10x_StdPeriph_Driver/src/stm32f10x_tim.o
 .text.TIM_OC2NPolarityConfig
                0x00000000       0x12 ./build/Debug/.obj/hal/STM32F10x_StdPeriph_Driver/src/stm32f10x_tim.o
 .text.TIM_OC3PolarityConfig
                0x00000000       0x12 ./build/Debug/.obj/hal/STM32F10x_StdPeriph_Driver/src/stm32f10x_tim.o
 .text.TIM_OC3NPolarityConfig
                0x00000000       0x12 ./build/Debug/.obj/hal/STM32F10x_StdPeriph_Driver/src/stm32f10x_tim.o
 .text.TIM_OC4PolarityConfig
                0x00000000       0x12 ./build/Debug/.obj/hal/STM32F10x_StdPeriph_Driver/src/stm32f10x_tim.o
 .text.TIM_CCxCmd
                0x00000000       0x22 ./build/Debug/.obj/hal/STM32F10x_StdPeriph_Driver/src/stm32f10x_tim.o
 .text.TIM_CCxNCmd
                0x00000000       0x22 ./build/Debug/.obj/hal/STM32F10x_StdPeriph_Driver/src/stm32f10x_tim.o
 .text.TIM_SelectOCxM
                0x00000000       0x5e ./build/Debug/.obj/hal/STM32F10x_StdPeriph_Driver/src/stm32f10x_tim.o
 .text.TIM_UpdateDisableConfig
                0x00000000       0x1c ./build/Debug/.obj/hal/STM32F10x_StdPeriph_Driver/src/stm32f10x_tim.o
 .text.TIM_UpdateRequestConfig
                0x00000000       0x1c ./build/Debug/.obj/hal/STM32F10x_StdPeriph_Driver/src/stm32f10x_tim.o
 .text.TIM_SelectHallSensor
                0x00000000       0x1c ./build/Debug/.obj/hal/STM32F10x_StdPeriph_Driver/src/stm32f10x_tim.o
 .text.TIM_SelectOnePulseMode
                0x00000000       0x16 ./build/Debug/.obj/hal/STM32F10x_StdPeriph_Driver/src/stm32f10x_tim.o
 .text.TIM_SelectOutputTrigger
                0x00000000       0x16 ./build/Debug/.obj/hal/STM32F10x_StdPeriph_Driver/src/stm32f10x_tim.o
 .text.TIM_SelectSlaveMode
                0x00000000       0x16 ./build/Debug/.obj/hal/STM32F10x_StdPeriph_Driver/src/stm32f10x_tim.o
 .text.TIM_SelectMasterSlaveMode
                0x00000000       0x16 ./build/Debug/.obj/hal/STM32F10x_StdPeriph_Driver/src/stm32f10x_tim.o
 .text.TIM_SetCounter
                0x00000000        0x4 ./build/Debug/.obj/hal/STM32F10x_StdPeriph_Driver/src/stm32f10x_tim.o
 .text.TIM_SetAutoreload
                0x00000000        0x4 ./build/Debug/.obj/hal/STM32F10x_StdPeriph_Driver/src/stm32f10x_tim.o
 .text.TIM_SetCompare1
                0x00000000        0x4 ./build/Debug/.obj/hal/STM32F10x_StdPeriph_Driver/src/stm32f10x_tim.o
 .text.TIM_SetCompare2
                0x00000000        0x4 ./build/Debug/.obj/hal/STM32F10x_StdPeriph_Driver/src/stm32f10x_tim.o
 .text.TIM_SetCompare3
                0x00000000        0x4 ./build/Debug/.obj/hal/STM32F10x_StdPeriph_Driver/src/stm32f10x_tim.o
 .text.TIM_SetCompare4
                0x00000000        0x6 ./build/Debug/.obj/hal/STM32F10x_StdPeriph_Driver/src/stm32f10x_tim.o
 .text.TIM_PWMIConfig
                0x00000000       0x6c ./build/Debug/.obj/hal/STM32F10x_StdPeriph_Driver/src/stm32f10x_tim.o
 .text.TIM_SetClockDivision
                0x00000000       0x16 ./build/Debug/.obj/hal/STM32F10x_StdPeriph_Driver/src/stm32f10x_tim.o
 .text.TIM_GetCapture1
                0x00000000        0x6 ./build/Debug/.obj/hal/STM32F10x_StdPeriph_Driver/src/stm32f10x_tim.o
 .text.TIM_GetCapture2
                0x00000000        0x6 ./build/Debug/.obj/hal/STM32F10x_StdPeriph_Driver/src/stm32f10x_tim.o
 .text.TIM_GetCapture3
                0x00000000        0x6 ./build/Debug/.obj/hal/STM32F10x_StdPeriph_Driver/src/stm32f10x_tim.o
 .text.TIM_GetCapture4
                0x00000000        0x8 ./build/Debug/.obj/hal/STM32F10x_StdPeriph_Driver/src/stm32f10x_tim.o
 .text.TIM_GetPrescaler
                0x00000000        0x6 ./build/Debug/.obj/hal/STM32F10x_StdPeriph_Driver/src/stm32f10x_tim.o
 .text.TIM_GetFlagStatus
                0x00000000        0xe ./build/Debug/.obj/hal/STM32F10x_StdPeriph_Driver/src/stm32f10x_tim.o
 .text.TIM_ClearFlag
                0x00000000        0x8 ./build/Debug/.obj/hal/STM32F10x_StdPeriph_Driver/src/stm32f10x_tim.o
 .text          0x00000000        0x0 ./build/Debug/.obj/hal/STM32F10x_StdPeriph_Driver/src/stm32f10x_usart.o
 .data          0x00000000        0x0 ./build/Debug/.obj/hal/STM32F10x_StdPeriph_Driver/src/stm32f10x_usart.o
 .bss           0x00000000        0x0 ./build/Debug/.obj/hal/STM32F10x_StdPeriph_Driver/src/stm32f10x_usart.o
 .text.USART_DeInit
                0x00000000       0xa4 ./build/Debug/.obj/hal/STM32F10x_StdPeriph_Driver/src/stm32f10x_usart.o
 .text.USART_Init
                0x00000000       0xc4 ./build/Debug/.obj/hal/STM32F10x_StdPeriph_Driver/src/stm32f10x_usart.o
 .text.USART_StructInit
                0x00000000       0x16 ./build/Debug/.obj/hal/STM32F10x_StdPeriph_Driver/src/stm32f10x_usart.o
 .text.USART_ClockInit
                0x00000000       0x26 ./build/Debug/.obj/hal/STM32F10x_StdPeriph_Driver/src/stm32f10x_usart.o
 .text.USART_ClockStructInit
                0x00000000        0xc ./build/Debug/.obj/hal/STM32F10x_StdPeriph_Driver/src/stm32f10x_usart.o
 .text.USART_Cmd
                0x00000000       0x1c ./build/Debug/.obj/hal/STM32F10x_StdPeriph_Driver/src/stm32f10x_usart.o
 .text.USART_ITConfig
                0x00000000       0x36 ./build/Debug/.obj/hal/STM32F10x_StdPeriph_Driver/src/stm32f10x_usart.o
 .text.USART_DMACmd
                0x00000000       0x18 ./build/Debug/.obj/hal/STM32F10x_StdPeriph_Driver/src/stm32f10x_usart.o
 .text.USART_SetAddress
                0x00000000       0x16 ./build/Debug/.obj/hal/STM32F10x_StdPeriph_Driver/src/stm32f10x_usart.o
 .text.USART_WakeUpConfig
                0x00000000       0x16 ./build/Debug/.obj/hal/STM32F10x_StdPeriph_Driver/src/stm32f10x_usart.o
 .text.USART_ReceiverWakeUpCmd
                0x00000000       0x1c ./build/Debug/.obj/hal/STM32F10x_StdPeriph_Driver/src/stm32f10x_usart.o
 .text.USART_LINBreakDetectLengthConfig
                0x00000000       0x16 ./build/Debug/.obj/hal/STM32F10x_StdPeriph_Driver/src/stm32f10x_usart.o
 .text.USART_LINCmd
                0x00000000       0x1c ./build/Debug/.obj/hal/STM32F10x_StdPeriph_Driver/src/stm32f10x_usart.o
 .text.USART_SendData
                0x00000000        0x8 ./build/Debug/.obj/hal/STM32F10x_StdPeriph_Driver/src/stm32f10x_usart.o
 .text.USART_ReceiveData
                0x00000000        0x8 ./build/Debug/.obj/hal/STM32F10x_StdPeriph_Driver/src/stm32f10x_usart.o
 .text.USART_SendBreak
                0x00000000        0xc ./build/Debug/.obj/hal/STM32F10x_StdPeriph_Driver/src/stm32f10x_usart.o
 .text.USART_SetGuardTime
                0x00000000       0x12 ./build/Debug/.obj/hal/STM32F10x_StdPeriph_Driver/src/stm32f10x_usart.o
 .text.USART_SetPrescaler
                0x00000000       0x12 ./build/Debug/.obj/hal/STM32F10x_StdPeriph_Driver/src/stm32f10x_usart.o
 .text.USART_SmartCardCmd
                0x00000000       0x1c ./build/Debug/.obj/hal/STM32F10x_StdPeriph_Driver/src/stm32f10x_usart.o
 .text.USART_SmartCardNACKCmd
                0x00000000       0x1c ./build/Debug/.obj/hal/STM32F10x_StdPeriph_Driver/src/stm32f10x_usart.o
 .text.USART_HalfDuplexCmd
                0x00000000       0x1c ./build/Debug/.obj/hal/STM32F10x_StdPeriph_Driver/src/stm32f10x_usart.o
 .text.USART_OverSampling8Cmd
                0x00000000       0x1c ./build/Debug/.obj/hal/STM32F10x_StdPeriph_Driver/src/stm32f10x_usart.o
 .text.USART_OneBitMethodCmd
                0x00000000       0x1c ./build/Debug/.obj/hal/STM32F10x_StdPeriph_Driver/src/stm32f10x_usart.o
 .text.USART_IrDAConfig
                0x00000000       0x16 ./build/Debug/.obj/hal/STM32F10x_StdPeriph_Driver/src/stm32f10x_usart.o
 .text.USART_IrDACmd
                0x00000000       0x1c ./build/Debug/.obj/hal/STM32F10x_StdPeriph_Driver/src/stm32f10x_usart.o
 .text.USART_GetFlagStatus
                0x00000000        0xe ./build/Debug/.obj/hal/STM32F10x_StdPeriph_Driver/src/stm32f10x_usart.o
 .text.USART_ClearFlag
                0x00000000        0x8 ./build/Debug/.obj/hal/STM32F10x_StdPeriph_Driver/src/stm32f10x_usart.o
 .text.USART_GetITStatus
                0x00000000       0x4a ./build/Debug/.obj/hal/STM32F10x_StdPeriph_Driver/src/stm32f10x_usart.o
 .text.USART_ClearITPendingBit
                0x00000000       0x10 ./build/Debug/.obj/hal/STM32F10x_StdPeriph_Driver/src/stm32f10x_usart.o
 .debug_info    0x00000000      0xc08 ./build/Debug/.obj/hal/STM32F10x_StdPeriph_Driver/src/stm32f10x_usart.o
 .debug_abbrev  0x00000000      0x1dc ./build/Debug/.obj/hal/STM32F10x_StdPeriph_Driver/src/stm32f10x_usart.o
 .debug_loc     0x00000000      0x80c ./build/Debug/.obj/hal/STM32F10x_StdPeriph_Driver/src/stm32f10x_usart.o
 .debug_aranges
                0x00000000      0x100 ./build/Debug/.obj/hal/STM32F10x_StdPeriph_Driver/src/stm32f10x_usart.o
 .debug_ranges  0x00000000       0xf0 ./build/Debug/.obj/hal/STM32F10x_StdPeriph_Driver/src/stm32f10x_usart.o
 .debug_line    0x00000000      0x886 ./build/Debug/.obj/hal/STM32F10x_StdPeriph_Driver/src/stm32f10x_usart.o
 .debug_str     0x00000000      0x71b ./build/Debug/.obj/hal/STM32F10x_StdPeriph_Driver/src/stm32f10x_usart.o
 .comment       0x00000000       0x4e ./build/Debug/.obj/hal/STM32F10x_StdPeriph_Driver/src/stm32f10x_usart.o
 .debug_frame   0x00000000      0x204 ./build/Debug/.obj/hal/STM32F10x_StdPeriph_Driver/src/stm32f10x_usart.o
 .ARM.attributes
                0x00000000       0x2d ./build/Debug/.obj/hal/STM32F10x_StdPeriph_Driver/src/stm32f10x_usart.o
 .text          0x00000000        0x0 ./build/Debug/.obj/hal/STM32F10x_StdPeriph_Driver/system_stm32f10x.o
 .data          0x00000000        0x0 ./build/Debug/.obj/hal/STM32F10x_StdPeriph_Driver/system_stm32f10x.o
 .bss           0x00000000        0x0 ./build/Debug/.obj/hal/STM32F10x_StdPeriph_Driver/system_stm32f10x.o
 .text.SystemCoreClockUpdate
                0x00000000       0x94 ./build/Debug/.obj/hal/STM32F10x_StdPeriph_Driver/system_stm32f10x.o
 .data.AHBPrescTable
                0x00000000       0x10 ./build/Debug/.obj/hal/STM32F10x_StdPeriph_Driver/system_stm32f10x.o
 .data.SystemCoreClock
                0x00000000        0x4 ./build/Debug/.obj/hal/STM32F10x_StdPeriph_Driver/system_stm32f10x.o
 .text          0x00000000        0x0 ./build/Debug/.obj/src/drive/src/Buzzer.o
 .data          0x00000000        0x0 ./build/Debug/.obj/src/drive/src/Buzzer.o
 .bss           0x00000000        0x0 ./build/Debug/.obj/src/drive/src/Buzzer.o
 .text.Buzzer_Init
                0x00000000       0x38 ./build/Debug/.obj/src/drive/src/Buzzer.o
 .text.Buzzer_Set_ON
                0x00000000       0x14 ./build/Debug/.obj/src/drive/src/Buzzer.o
 .text.Buzzer_Set_OFF
                0x00000000       0x14 ./build/Debug/.obj/src/drive/src/Buzzer.o
 .text.Buzzer_Turn
                0x00000000       0x3c ./build/Debug/.obj/src/drive/src/Buzzer.o
 .debug_info    0x00000000      0x39f ./build/Debug/.obj/src/drive/src/Buzzer.o
 .debug_abbrev  0x00000000      0x174 ./build/Debug/.obj/src/drive/src/Buzzer.o
 .debug_loc     0x00000000       0x25 ./build/Debug/.obj/src/drive/src/Buzzer.o
 .debug_aranges
                0x00000000       0x38 ./build/Debug/.obj/src/drive/src/Buzzer.o
 .debug_ranges  0x00000000       0x28 ./build/Debug/.obj/src/drive/src/Buzzer.o
 .debug_line    0x00000000      0x209 ./build/Debug/.obj/src/drive/src/Buzzer.o
 .debug_str     0x00000000      0x38b ./build/Debug/.obj/src/drive/src/Buzzer.o
 .comment       0x00000000       0x4e ./build/Debug/.obj/src/drive/src/Buzzer.o
 .debug_frame   0x00000000       0x74 ./build/Debug/.obj/src/drive/src/Buzzer.o
 .ARM.attributes
                0x00000000       0x2d ./build/Debug/.obj/src/drive/src/Buzzer.o
 .text          0x00000000        0x0 ./build/Debug/.obj/src/drive/src/EC11.o
 .data          0x00000000        0x0 ./build/Debug/.obj/src/drive/src/EC11.o
 .bss           0x00000000        0x0 ./build/Debug/.obj/src/drive/src/EC11.o
 .text.encoder_init
                0x00000000       0x70 ./build/Debug/.obj/src/drive/src/EC11.o
 .text.encoder_get
                0x00000000       0x14 ./build/Debug/.obj/src/drive/src/EC11.o
 .text          0x00000000        0x0 ./build/Debug/.obj/src/drive/src/Key_Onboard.o
 .data          0x00000000        0x0 ./build/Debug/.obj/src/drive/src/Key_Onboard.o
 .bss           0x00000000        0x0 ./build/Debug/.obj/src/drive/src/Key_Onboard.o
 .text.KEY_Init
                0x00000000       0x6c ./build/Debug/.obj/src/drive/src/Key_Onboard.o
 .text.KEY_Scan
                0x00000000       0x30 ./build/Debug/.obj/src/drive/src/Key_Onboard.o
 .debug_info    0x00000000      0x3d2 ./build/Debug/.obj/src/drive/src/Key_Onboard.o
 .debug_abbrev  0x00000000      0x17f ./build/Debug/.obj/src/drive/src/Key_Onboard.o
 .debug_loc     0x00000000       0x6c ./build/Debug/.obj/src/drive/src/Key_Onboard.o
 .debug_aranges
                0x00000000       0x28 ./build/Debug/.obj/src/drive/src/Key_Onboard.o
 .debug_ranges  0x00000000       0x18 ./build/Debug/.obj/src/drive/src/Key_Onboard.o
 .debug_line    0x00000000      0x231 ./build/Debug/.obj/src/drive/src/Key_Onboard.o
 .debug_str     0x00000000      0x3bc ./build/Debug/.obj/src/drive/src/Key_Onboard.o
 .comment       0x00000000       0x4e ./build/Debug/.obj/src/drive/src/Key_Onboard.o
 .debug_frame   0x00000000       0x4c ./build/Debug/.obj/src/drive/src/Key_Onboard.o
 .ARM.attributes
                0x00000000       0x2d ./build/Debug/.obj/src/drive/src/Key_Onboard.o
 .text          0x00000000        0x0 ./build/Debug/.obj/src/drive/src/LDR.o
 .data          0x00000000        0x0 ./build/Debug/.obj/src/drive/src/LDR.o
 .bss           0x00000000        0x0 ./build/Debug/.obj/src/drive/src/LDR.o
 .text.LDR_Init
                0x00000000       0xa0 ./build/Debug/.obj/src/drive/src/LDR.o
 .text.Read_Light_Sensor
                0x00000000       0x1c ./build/Debug/.obj/src/drive/src/LDR.o
 .text.LDR_Digital_Init
                0x00000000       0x38 ./build/Debug/.obj/src/drive/src/LDR.o
 .text.Read_Light_Sensor_Digital
                0x00000000       0x14 ./build/Debug/.obj/src/drive/src/LDR.o
 .debug_info    0x00000000      0x64d ./build/Debug/.obj/src/drive/src/LDR.o
 .debug_abbrev  0x00000000      0x16b ./build/Debug/.obj/src/drive/src/LDR.o
 .debug_aranges
                0x00000000       0x38 ./build/Debug/.obj/src/drive/src/LDR.o
 .debug_ranges  0x00000000       0x28 ./build/Debug/.obj/src/drive/src/LDR.o
 .debug_line    0x00000000      0x2a9 ./build/Debug/.obj/src/drive/src/LDR.o
 .debug_str     0x00000000      0x535 ./build/Debug/.obj/src/drive/src/LDR.o
 .comment       0x00000000       0x4e ./build/Debug/.obj/src/drive/src/LDR.o
 .debug_frame   0x00000000       0x80 ./build/Debug/.obj/src/drive/src/LDR.o
 .ARM.attributes
                0x00000000       0x2d ./build/Debug/.obj/src/drive/src/LDR.o
 .text          0x00000000        0x0 ./build/Debug/.obj/src/drive/src/Led_Onboard.o
 .data          0x00000000        0x0 ./build/Debug/.obj/src/drive/src/Led_Onboard.o
 .bss           0x00000000        0x0 ./build/Debug/.obj/src/drive/src/Led_Onboard.o
 .text.LED_Init
                0x00000000       0x4c ./build/Debug/.obj/src/drive/src/Led_Onboard.o
 .text.LED_Set_ON
                0x00000000        0x8 ./build/Debug/.obj/src/drive/src/Led_Onboard.o
 .text.LED_Set_OFF
                0x00000000        0x8 ./build/Debug/.obj/src/drive/src/Led_Onboard.o
 .text.Turn_LED
                0x00000000       0x20 ./build/Debug/.obj/src/drive/src/Led_Onboard.o
 .debug_info    0x00000000      0x3fb ./build/Debug/.obj/src/drive/src/Led_Onboard.o
 .debug_abbrev  0x00000000      0x16a ./build/Debug/.obj/src/drive/src/Led_Onboard.o
 .debug_loc     0x00000000       0xdb ./build/Debug/.obj/src/drive/src/Led_Onboard.o
 .debug_aranges
                0x00000000       0x38 ./build/Debug/.obj/src/drive/src/Led_Onboard.o
 .debug_ranges  0x00000000       0x28 ./build/Debug/.obj/src/drive/src/Led_Onboard.o
 .debug_line    0x00000000      0x1f5 ./build/Debug/.obj/src/drive/src/Led_Onboard.o
 .debug_str     0x00000000      0x37a ./build/Debug/.obj/src/drive/src/Led_Onboard.o
 .comment       0x00000000       0x4e ./build/Debug/.obj/src/drive/src/Led_Onboard.o
 .debug_frame   0x00000000       0x7c ./build/Debug/.obj/src/drive/src/Led_Onboard.o
 .ARM.attributes
                0x00000000       0x2d ./build/Debug/.obj/src/drive/src/Led_Onboard.o
 .text          0x00000000        0x0 ./build/Debug/.obj/src/drive/src/MyDelay.o
 .data          0x00000000        0x0 ./build/Debug/.obj/src/drive/src/MyDelay.o
 .bss           0x00000000        0x0 ./build/Debug/.obj/src/drive/src/MyDelay.o
 .text.Delay_us
                0x00000000       0x2a ./build/Debug/.obj/src/drive/src/MyDelay.o
 .text.Delay_ms
                0x00000000       0x16 ./build/Debug/.obj/src/drive/src/MyDelay.o
 .text.Delay_s  0x00000000       0x16 ./build/Debug/.obj/src/drive/src/MyDelay.o
 .debug_info    0x00000000      0x17c ./build/Debug/.obj/src/drive/src/MyDelay.o
 .debug_abbrev  0x00000000       0xe8 ./build/Debug/.obj/src/drive/src/MyDelay.o
 .debug_loc     0x00000000       0x9d ./build/Debug/.obj/src/drive/src/MyDelay.o
 .debug_aranges
                0x00000000       0x30 ./build/Debug/.obj/src/drive/src/MyDelay.o
 .debug_ranges  0x00000000       0x20 ./build/Debug/.obj/src/drive/src/MyDelay.o
 .debug_line    0x00000000      0x1ab ./build/Debug/.obj/src/drive/src/MyDelay.o
 .debug_str     0x00000000      0x1dc ./build/Debug/.obj/src/drive/src/MyDelay.o
 .comment       0x00000000       0x4e ./build/Debug/.obj/src/drive/src/MyDelay.o
 .debug_frame   0x00000000       0x50 ./build/Debug/.obj/src/drive/src/MyDelay.o
 .ARM.attributes
                0x00000000       0x2d ./build/Debug/.obj/src/drive/src/MyDelay.o
 .text          0x00000000        0x0 ./build/Debug/.obj/src/drive/src/OLED.o
 .data          0x00000000        0x0 ./build/Debug/.obj/src/drive/src/OLED.o
 .bss           0x00000000        0x0 ./build/Debug/.obj/src/drive/src/OLED.o
 .text.OLED_ShowSignedNum
                0x00000000       0x64 ./build/Debug/.obj/src/drive/src/OLED.o
 .text.OLED_ShowHexNum
                0x00000000       0x4c ./build/Debug/.obj/src/drive/src/OLED.o
 .text.OLED_ShowBinNum
                0x00000000       0x3e ./build/Debug/.obj/src/drive/src/OLED.o
 .text          0x00000000        0x0 ./build/Debug/.obj/src/drive/src/Ranging.o
 .data          0x00000000        0x0 ./build/Debug/.obj/src/drive/src/Ranging.o
 .bss           0x00000000        0x0 ./build/Debug/.obj/src/drive/src/Ranging.o
 .text.TIM3_IRQnHandler
                0x00000000       0x28 ./build/Debug/.obj/src/drive/src/Ranging.o
 .text.Trigger_Ultrasonic
                0x00000000       0x34 ./build/Debug/.obj/src/drive/src/Ranging.o
 .text.Get_distance_value
                0x00000000        0xc ./build/Debug/.obj/src/drive/src/Ranging.o
 .bss.distance  0x00000000        0x4 ./build/Debug/.obj/src/drive/src/Ranging.o
 .bss.fallTime  0x00000000        0x4 ./build/Debug/.obj/src/drive/src/Ranging.o
 .bss.riseTime  0x00000000        0x4 ./build/Debug/.obj/src/drive/src/Ranging.o
 .text          0x00000000        0x0 ./build/Debug/.obj/src/drive/src/Timer.o
 .data          0x00000000        0x0 ./build/Debug/.obj/src/drive/src/Timer.o
 .bss           0x00000000        0x0 ./build/Debug/.obj/src/drive/src/Timer.o
 .text.Timer_Init
                0x00000000       0x70 ./build/Debug/.obj/src/drive/src/Timer.o
 .text.Get_Value
                0x00000000        0xc ./build/Debug/.obj/src/drive/src/Timer.o
 .text          0x00000000        0x0 ./build/Debug/.obj/src/drive/src/Tracking.o
 .data          0x00000000        0x0 ./build/Debug/.obj/src/drive/src/Tracking.o
 .bss           0x00000000        0x0 ./build/Debug/.obj/src/drive/src/Tracking.o
 .text.TIM3_CH1_Config
                0x00000000       0xa0 ./build/Debug/.obj/src/drive/src/Tracking.o
 .text.Read_Pulse_Width
                0x00000000        0xc ./build/Debug/.obj/src/drive/src/Tracking.o
 .text          0x00000000        0x0 ./build/Debug/.obj/src/main.o
 .data          0x00000000        0x0 ./build/Debug/.obj/src/main.o
 .bss           0x00000000        0x0 ./build/Debug/.obj/src/main.o
 .text          0x00000000       0x14 ./build/Debug/.obj/src/startup_stm32f10x_md.o
 .data          0x00000000        0x0 ./build/Debug/.obj/src/startup_stm32f10x_md.o
 .bss           0x00000000        0x0 ./build/Debug/.obj/src/startup_stm32f10x_md.o
 .text          0x00000000        0x0 ./build/Debug/.obj/src/stm32f10x_it.o
 .data          0x00000000        0x0 ./build/Debug/.obj/src/stm32f10x_it.o
 .bss           0x00000000        0x0 ./build/Debug/.obj/src/stm32f10x_it.o
 .text          0x00000000        0x0 c:/users/sounyz/.eide/tools/gcc_arm/bin/../lib/gcc/arm-none-eabi/10.2.1/../../../../arm-none-eabi/lib/thumb/v7-m/nofp\libc_nano.a(lib_a-exit.o)
 .data          0x00000000        0x0 c:/users/sounyz/.eide/tools/gcc_arm/bin/../lib/gcc/arm-none-eabi/10.2.1/../../../../arm-none-eabi/lib/thumb/v7-m/nofp\libc_nano.a(lib_a-exit.o)
 .bss           0x00000000        0x0 c:/users/sounyz/.eide/tools/gcc_arm/bin/../lib/gcc/arm-none-eabi/10.2.1/../../../../arm-none-eabi/lib/thumb/v7-m/nofp\libc_nano.a(lib_a-exit.o)
 .text.exit     0x00000000       0x28 c:/users/sounyz/.eide/tools/gcc_arm/bin/../lib/gcc/arm-none-eabi/10.2.1/../../../../arm-none-eabi/lib/thumb/v7-m/nofp\libc_nano.a(lib_a-exit.o)
 .debug_frame   0x00000000       0x28 c:/users/sounyz/.eide/tools/gcc_arm/bin/../lib/gcc/arm-none-eabi/10.2.1/../../../../arm-none-eabi/lib/thumb/v7-m/nofp\libc_nano.a(lib_a-exit.o)
 .ARM.attributes
                0x00000000       0x2d c:/users/sounyz/.eide/tools/gcc_arm/bin/../lib/gcc/arm-none-eabi/10.2.1/../../../../arm-none-eabi/lib/thumb/v7-m/nofp\libc_nano.a(lib_a-exit.o)
 .text          0x00000000        0x0 c:/users/sounyz/.eide/tools/gcc_arm/bin/../lib/gcc/arm-none-eabi/10.2.1/../../../../arm-none-eabi/lib/thumb/v7-m/nofp\libc_nano.a(lib_a-impure.o)
 .data          0x00000000        0x0 c:/users/sounyz/.eide/tools/gcc_arm/bin/../lib/gcc/arm-none-eabi/10.2.1/../../../../arm-none-eabi/lib/thumb/v7-m/nofp\libc_nano.a(lib_a-impure.o)
 .bss           0x00000000        0x0 c:/users/sounyz/.eide/tools/gcc_arm/bin/../lib/gcc/arm-none-eabi/10.2.1/../../../../arm-none-eabi/lib/thumb/v7-m/nofp\libc_nano.a(lib_a-impure.o)
 .data._impure_ptr
                0x00000000        0x4 c:/users/sounyz/.eide/tools/gcc_arm/bin/../lib/gcc/arm-none-eabi/10.2.1/../../../../arm-none-eabi/lib/thumb/v7-m/nofp\libc_nano.a(lib_a-impure.o)
 .data.impure_data
                0x00000000       0x60 c:/users/sounyz/.eide/tools/gcc_arm/bin/../lib/gcc/arm-none-eabi/10.2.1/../../../../arm-none-eabi/lib/thumb/v7-m/nofp\libc_nano.a(lib_a-impure.o)
 .rodata._global_impure_ptr
                0x00000000        0x4 c:/users/sounyz/.eide/tools/gcc_arm/bin/../lib/gcc/arm-none-eabi/10.2.1/../../../../arm-none-eabi/lib/thumb/v7-m/nofp\libc_nano.a(lib_a-impure.o)
 .ARM.attributes
                0x00000000       0x2d c:/users/sounyz/.eide/tools/gcc_arm/bin/../lib/gcc/arm-none-eabi/10.2.1/../../../../arm-none-eabi/lib/thumb/v7-m/nofp\libc_nano.a(lib_a-impure.o)
 .text          0x00000000        0x0 c:/users/sounyz/.eide/tools/gcc_arm/bin/../lib/gcc/arm-none-eabi/10.2.1/../../../../arm-none-eabi/lib/thumb/v7-m/nofp\libc_nano.a(lib_a-init.o)
 .data          0x00000000        0x0 c:/users/sounyz/.eide/tools/gcc_arm/bin/../lib/gcc/arm-none-eabi/10.2.1/../../../../arm-none-eabi/lib/thumb/v7-m/nofp\libc_nano.a(lib_a-init.o)
 .bss           0x00000000        0x0 c:/users/sounyz/.eide/tools/gcc_arm/bin/../lib/gcc/arm-none-eabi/10.2.1/../../../../arm-none-eabi/lib/thumb/v7-m/nofp\libc_nano.a(lib_a-init.o)
 .text          0x00000000        0x0 c:/users/sounyz/.eide/tools/gcc_arm/bin/../lib/gcc/arm-none-eabi/10.2.1/../../../../arm-none-eabi/lib/thumb/v7-m/nofp\libc_nano.a(lib_a-memset.o)
 .data          0x00000000        0x0 c:/users/sounyz/.eide/tools/gcc_arm/bin/../lib/gcc/arm-none-eabi/10.2.1/../../../../arm-none-eabi/lib/thumb/v7-m/nofp\libc_nano.a(lib_a-memset.o)
 .bss           0x00000000        0x0 c:/users/sounyz/.eide/tools/gcc_arm/bin/../lib/gcc/arm-none-eabi/10.2.1/../../../../arm-none-eabi/lib/thumb/v7-m/nofp\libc_nano.a(lib_a-memset.o)
 .text.memset   0x00000000       0x10 c:/users/sounyz/.eide/tools/gcc_arm/bin/../lib/gcc/arm-none-eabi/10.2.1/../../../../arm-none-eabi/lib/thumb/v7-m/nofp\libc_nano.a(lib_a-memset.o)
 .debug_frame   0x00000000       0x20 c:/users/sounyz/.eide/tools/gcc_arm/bin/../lib/gcc/arm-none-eabi/10.2.1/../../../../arm-none-eabi/lib/thumb/v7-m/nofp\libc_nano.a(lib_a-memset.o)
 .ARM.attributes
                0x00000000       0x2d c:/users/sounyz/.eide/tools/gcc_arm/bin/../lib/gcc/arm-none-eabi/10.2.1/../../../../arm-none-eabi/lib/thumb/v7-m/nofp\libc_nano.a(lib_a-memset.o)
 .text          0x00000000        0x0 c:/users/sounyz/.eide/tools/gcc_arm/bin/../lib/gcc/arm-none-eabi/10.2.1/../../../../arm-none-eabi/lib/thumb/v7-m/nofp\libnosys.a(_exit.o)
 .data          0x00000000        0x0 c:/users/sounyz/.eide/tools/gcc_arm/bin/../lib/gcc/arm-none-eabi/10.2.1/../../../../arm-none-eabi/lib/thumb/v7-m/nofp\libnosys.a(_exit.o)
 .bss           0x00000000        0x0 c:/users/sounyz/.eide/tools/gcc_arm/bin/../lib/gcc/arm-none-eabi/10.2.1/../../../../arm-none-eabi/lib/thumb/v7-m/nofp\libnosys.a(_exit.o)
 .text._exit    0x00000000        0x4 c:/users/sounyz/.eide/tools/gcc_arm/bin/../lib/gcc/arm-none-eabi/10.2.1/../../../../arm-none-eabi/lib/thumb/v7-m/nofp\libnosys.a(_exit.o)
 .debug_frame   0x00000000       0x20 c:/users/sounyz/.eide/tools/gcc_arm/bin/../lib/gcc/arm-none-eabi/10.2.1/../../../../arm-none-eabi/lib/thumb/v7-m/nofp\libnosys.a(_exit.o)
 .ARM.attributes
                0x00000000       0x2d c:/users/sounyz/.eide/tools/gcc_arm/bin/../lib/gcc/arm-none-eabi/10.2.1/../../../../arm-none-eabi/lib/thumb/v7-m/nofp\libnosys.a(_exit.o)
 .text          0x00000000        0x0 c:/users/sounyz/.eide/tools/gcc_arm/bin/../lib/gcc/arm-none-eabi/10.2.1/thumb/v7-m/nofp/crtend.o
 .data          0x00000000        0x0 c:/users/sounyz/.eide/tools/gcc_arm/bin/../lib/gcc/arm-none-eabi/10.2.1/thumb/v7-m/nofp/crtend.o
 .bss           0x00000000        0x0 c:/users/sounyz/.eide/tools/gcc_arm/bin/../lib/gcc/arm-none-eabi/10.2.1/thumb/v7-m/nofp/crtend.o
 .rodata        0x00000000       0x24 c:/users/sounyz/.eide/tools/gcc_arm/bin/../lib/gcc/arm-none-eabi/10.2.1/thumb/v7-m/nofp/crtend.o
 .eh_frame      0x00000000        0x4 c:/users/sounyz/.eide/tools/gcc_arm/bin/../lib/gcc/arm-none-eabi/10.2.1/thumb/v7-m/nofp/crtend.o
 .ARM.attributes
                0x00000000       0x2d c:/users/sounyz/.eide/tools/gcc_arm/bin/../lib/gcc/arm-none-eabi/10.2.1/thumb/v7-m/nofp/crtend.o
 .text          0x00000000        0x0 c:/users/sounyz/.eide/tools/gcc_arm/bin/../lib/gcc/arm-none-eabi/10.2.1/thumb/v7-m/nofp/crtn.o
 .data          0x00000000        0x0 c:/users/sounyz/.eide/tools/gcc_arm/bin/../lib/gcc/arm-none-eabi/10.2.1/thumb/v7-m/nofp/crtn.o
 .bss           0x00000000        0x0 c:/users/sounyz/.eide/tools/gcc_arm/bin/../lib/gcc/arm-none-eabi/10.2.1/thumb/v7-m/nofp/crtn.o

Memory Configuration

Name             Origin             Length             Attributes
FLASH            0x08000000         0x00020000         xr
RAM              0x20000000         0x00005000         xrw
MEMORY_B1        0x60000000         0x00000000         xr
*default*        0x00000000         0xffffffff

Linker script and memory map

LOAD c:/users/sounyz/.eide/tools/gcc_arm/bin/../lib/gcc/arm-none-eabi/10.2.1/thumb/v7-m/nofp/crti.o
LOAD c:/users/sounyz/.eide/tools/gcc_arm/bin/../lib/gcc/arm-none-eabi/10.2.1/thumb/v7-m/nofp/crtbegin.o
LOAD c:/users/sounyz/.eide/tools/gcc_arm/bin/../lib/gcc/arm-none-eabi/10.2.1/../../../../arm-none-eabi/lib/thumb/v7-m/nofp/crt0.o
LOAD ./build/Debug/.obj/hal/STM32F10x_StdPeriph_Driver/src/misc.o
LOAD ./build/Debug/.obj/hal/STM32F10x_StdPeriph_Driver/src/stm32f10x_adc.o
LOAD ./build/Debug/.obj/hal/STM32F10x_StdPeriph_Driver/src/stm32f10x_exti.o
LOAD ./build/Debug/.obj/hal/STM32F10x_StdPeriph_Driver/src/stm32f10x_gpio.o
LOAD ./build/Debug/.obj/hal/STM32F10x_StdPeriph_Driver/src/stm32f10x_rcc.o
LOAD ./build/Debug/.obj/hal/STM32F10x_StdPeriph_Driver/src/stm32f10x_spi.o
LOAD ./build/Debug/.obj/hal/STM32F10x_StdPeriph_Driver/src/stm32f10x_tim.o
LOAD ./build/Debug/.obj/hal/STM32F10x_StdPeriph_Driver/src/stm32f10x_usart.o
LOAD ./build/Debug/.obj/hal/STM32F10x_StdPeriph_Driver/system_stm32f10x.o
LOAD ./build/Debug/.obj/src/drive/src/Buzzer.o
LOAD ./build/Debug/.obj/src/drive/src/EC11.o
LOAD ./build/Debug/.obj/src/drive/src/Key_Onboard.o
LOAD ./build/Debug/.obj/src/drive/src/LDR.o
LOAD ./build/Debug/.obj/src/drive/src/Led_Onboard.o
LOAD ./build/Debug/.obj/src/drive/src/MyDelay.o
LOAD ./build/Debug/.obj/src/drive/src/OLED.o
LOAD ./build/Debug/.obj/src/drive/src/Ranging.o
LOAD ./build/Debug/.obj/src/drive/src/Timer.o
LOAD ./build/Debug/.obj/src/drive/src/Tracking.o
LOAD ./build/Debug/.obj/src/main.o
LOAD ./build/Debug/.obj/src/startup_stm32f10x_md.o
LOAD ./build/Debug/.obj/src/stm32f10x_it.o
LOAD c:/users/sounyz/.eide/tools/gcc_arm/bin/../lib/gcc/arm-none-eabi/10.2.1/../../../../arm-none-eabi/lib/thumb/v7-m/nofp\libm.a
START GROUP
LOAD c:/users/sounyz/.eide/tools/gcc_arm/bin/../lib/gcc/arm-none-eabi/10.2.1/thumb/v7-m/nofp\libgcc.a
LOAD c:/users/sounyz/.eide/tools/gcc_arm/bin/../lib/gcc/arm-none-eabi/10.2.1/../../../../arm-none-eabi/lib/thumb/v7-m/nofp\libc_nano.a
END GROUP
START GROUP
LOAD c:/users/sounyz/.eide/tools/gcc_arm/bin/../lib/gcc/arm-none-eabi/10.2.1/thumb/v7-m/nofp\libgcc.a
LOAD c:/users/sounyz/.eide/tools/gcc_arm/bin/../lib/gcc/arm-none-eabi/10.2.1/../../../../arm-none-eabi/lib/thumb/v7-m/nofp\libc_nano.a
LOAD c:/users/sounyz/.eide/tools/gcc_arm/bin/../lib/gcc/arm-none-eabi/10.2.1/../../../../arm-none-eabi/lib/thumb/v7-m/nofp\libnosys.a
END GROUP
START GROUP
LOAD c:/users/sounyz/.eide/tools/gcc_arm/bin/../lib/gcc/arm-none-eabi/10.2.1/thumb/v7-m/nofp\libgcc.a
LOAD c:/users/sounyz/.eide/tools/gcc_arm/bin/../lib/gcc/arm-none-eabi/10.2.1/../../../../arm-none-eabi/lib/thumb/v7-m/nofp\libc_nano.a
LOAD c:/users/sounyz/.eide/tools/gcc_arm/bin/../lib/gcc/arm-none-eabi/10.2.1/../../../../arm-none-eabi/lib/thumb/v7-m/nofp\libnosys.a
END GROUP
LOAD c:/users/sounyz/.eide/tools/gcc_arm/bin/../lib/gcc/arm-none-eabi/10.2.1/thumb/v7-m/nofp/crtend.o
LOAD c:/users/sounyz/.eide/tools/gcc_arm/bin/../lib/gcc/arm-none-eabi/10.2.1/thumb/v7-m/nofp/crtn.o
                0x20005000                _estack = 0x20005000
                0x00000000                _Min_Heap_Size = 0x0
                0x00000100                _Min_Stack_Size = 0x100

.isr_vector     0x08000000      0x10c
                0x08000000                . = ALIGN (0x4)
 *(.isr_vector)
 .isr_vector    0x08000000      0x10c ./build/Debug/.obj/src/startup_stm32f10x_md.o
                0x08000000                g_pfnVectors
                0x0800010c                . = ALIGN (0x4)

.eh_frame       0x0800010c        0x0
 .eh_frame      0x0800010c        0x0 c:/users/sounyz/.eide/tools/gcc_arm/bin/../lib/gcc/arm-none-eabi/10.2.1/thumb/v7-m/nofp/crtbegin.o

.text           0x0800010c     0x12dc
                0x0800010c                . = ALIGN (0x4)
 *(.text)
 .text          0x0800010c       0x40 c:/users/sounyz/.eide/tools/gcc_arm/bin/../lib/gcc/arm-none-eabi/10.2.1/thumb/v7-m/nofp/crtbegin.o
 *(.text*)
 .text.NVIC_Init
                0x0800014c       0x64 ./build/Debug/.obj/hal/STM32F10x_StdPeriph_Driver/src/misc.o
                0x0800014c                NVIC_Init
 .text.EXTI_GetITStatus
                0x080001b0       0x20 ./build/Debug/.obj/hal/STM32F10x_StdPeriph_Driver/src/stm32f10x_exti.o
                0x080001b0                EXTI_GetITStatus
 .text.EXTI_ClearITPendingBit
                0x080001d0        0xc ./build/Debug/.obj/hal/STM32F10x_StdPeriph_Driver/src/stm32f10x_exti.o
                0x080001d0                EXTI_ClearITPendingBit
 .text.GPIO_Init
                0x080001dc       0xb2 ./build/Debug/.obj/hal/STM32F10x_StdPeriph_Driver/src/stm32f10x_gpio.o
                0x080001dc                GPIO_Init
 .text.GPIO_ReadInputDataBit
                0x0800028e        0xe ./build/Debug/.obj/hal/STM32F10x_StdPeriph_Driver/src/stm32f10x_gpio.o
                0x0800028e                GPIO_ReadInputDataBit
 .text.GPIO_WriteBit
                0x0800029c        0xa ./build/Debug/.obj/hal/STM32F10x_StdPeriph_Driver/src/stm32f10x_gpio.o
                0x0800029c                GPIO_WriteBit
 *fill*         0x080002a6        0x2 
 .text.RCC_APB2PeriphClockCmd
                0x080002a8       0x1c ./build/Debug/.obj/hal/STM32F10x_StdPeriph_Driver/src/stm32f10x_rcc.o
                0x080002a8                RCC_APB2PeriphClockCmd
 .text.RCC_APB1PeriphClockCmd
                0x080002c4       0x1c ./build/Debug/.obj/hal/STM32F10x_StdPeriph_Driver/src/stm32f10x_rcc.o
                0x080002c4                RCC_APB1PeriphClockCmd
 .text.TI1_Config
                0x080002e0       0x88 ./build/Debug/.obj/hal/STM32F10x_StdPeriph_Driver/src/stm32f10x_tim.o
 .text.TI2_Config
                0x08000368       0x94 ./build/Debug/.obj/hal/STM32F10x_StdPeriph_Driver/src/stm32f10x_tim.o
 .text.TI3_Config
                0x080003fc       0x84 ./build/Debug/.obj/hal/STM32F10x_StdPeriph_Driver/src/stm32f10x_tim.o
 .text.TI4_Config
                0x08000480       0x98 ./build/Debug/.obj/hal/STM32F10x_StdPeriph_Driver/src/stm32f10x_tim.o
 .text.TIM_TimeBaseInit
                0x08000518       0x94 ./build/Debug/.obj/hal/STM32F10x_StdPeriph_Driver/src/stm32f10x_tim.o
                0x08000518                TIM_TimeBaseInit
 .text.TIM_Cmd  0x080005ac       0x1c ./build/Debug/.obj/hal/STM32F10x_StdPeriph_Driver/src/stm32f10x_tim.o
                0x080005ac                TIM_Cmd
 .text.TIM_ITConfig
                0x080005c8       0x18 ./build/Debug/.obj/hal/STM32F10x_StdPeriph_Driver/src/stm32f10x_tim.o
                0x080005c8                TIM_ITConfig
 .text.TIM_SetIC1Prescaler
                0x080005e0       0x16 ./build/Debug/.obj/hal/STM32F10x_StdPeriph_Driver/src/stm32f10x_tim.o
                0x080005e0                TIM_SetIC1Prescaler
 .text.TIM_SetIC2Prescaler
                0x080005f6       0x1a ./build/Debug/.obj/hal/STM32F10x_StdPeriph_Driver/src/stm32f10x_tim.o
                0x080005f6                TIM_SetIC2Prescaler
 .text.TIM_SetIC3Prescaler
                0x08000610       0x16 ./build/Debug/.obj/hal/STM32F10x_StdPeriph_Driver/src/stm32f10x_tim.o
                0x08000610                TIM_SetIC3Prescaler
 .text.TIM_SetIC4Prescaler
                0x08000626       0x1a ./build/Debug/.obj/hal/STM32F10x_StdPeriph_Driver/src/stm32f10x_tim.o
                0x08000626                TIM_SetIC4Prescaler
 .text.TIM_ICInit
                0x08000640       0x62 ./build/Debug/.obj/hal/STM32F10x_StdPeriph_Driver/src/stm32f10x_tim.o
                0x08000640                TIM_ICInit
 .text.TIM_GetCounter
                0x080006a2        0x6 ./build/Debug/.obj/hal/STM32F10x_StdPeriph_Driver/src/stm32f10x_tim.o
                0x080006a2                TIM_GetCounter
 .text.TIM_GetITStatus
                0x080006a8       0x18 ./build/Debug/.obj/hal/STM32F10x_StdPeriph_Driver/src/stm32f10x_tim.o
                0x080006a8                TIM_GetITStatus
 .text.TIM_ClearITPendingBit
                0x080006c0        0x8 ./build/Debug/.obj/hal/STM32F10x_StdPeriph_Driver/src/stm32f10x_tim.o
                0x080006c0                TIM_ClearITPendingBit
 .text.SetSysClockTo72
                0x080006c8       0xc4 ./build/Debug/.obj/hal/STM32F10x_StdPeriph_Driver/system_stm32f10x.o
 .text.SetSysClock
                0x0800078c        0x8 ./build/Debug/.obj/hal/STM32F10x_StdPeriph_Driver/system_stm32f10x.o
 .text.SystemInit
                0x08000794       0x50 ./build/Debug/.obj/hal/STM32F10x_StdPeriph_Driver/system_stm32f10x.o
                0x08000794                SystemInit
 .text.EXTI0_IRQHandler
                0x080007e4       0x80 ./build/Debug/.obj/src/drive/src/EC11.o
                0x080007e4                EXTI0_IRQHandler
 .text.OLED_I2C_Init
                0x08000864       0x58 ./build/Debug/.obj/src/drive/src/OLED.o
                0x08000864                OLED_I2C_Init
 .text.OLED_I2C_Start
                0x080008bc       0x3c ./build/Debug/.obj/src/drive/src/OLED.o
                0x080008bc                OLED_I2C_Start
 .text.OLED_I2C_Stop
                0x080008f8       0x30 ./build/Debug/.obj/src/drive/src/OLED.o
                0x080008f8                OLED_I2C_Stop
 .text.OLED_I2C_SendByte
                0x08000928       0x60 ./build/Debug/.obj/src/drive/src/OLED.o
                0x08000928                OLED_I2C_SendByte
 .text.OLED_WriteCommand
                0x08000988       0x20 ./build/Debug/.obj/src/drive/src/OLED.o
                0x08000988                OLED_WriteCommand
 .text.OLED_WriteData
                0x080009a8       0x20 ./build/Debug/.obj/src/drive/src/OLED.o
                0x080009a8                OLED_WriteData
 .text.OLED_SetCursor
                0x080009c8       0x20 ./build/Debug/.obj/src/drive/src/OLED.o
                0x080009c8                OLED_SetCursor
 .text.OLED_Clear
                0x080009e8       0x2c ./build/Debug/.obj/src/drive/src/OLED.o
                0x080009e8                OLED_Clear
 .text.OLED_ShowChar
                0x08000a14       0x64 ./build/Debug/.obj/src/drive/src/OLED.o
                0x08000a14                OLED_ShowChar
 .text.OLED_ShowString
                0x08000a78       0x22 ./build/Debug/.obj/src/drive/src/OLED.o
                0x08000a78                OLED_ShowString
 .text.OLED_Pow
                0x08000a9a       0x14 ./build/Debug/.obj/src/drive/src/OLED.o
                0x08000a9a                OLED_Pow
 *fill*         0x08000aae        0x2 
 .text.OLED_ShowNum
                0x08000ab0       0x50 ./build/Debug/.obj/src/drive/src/OLED.o
                0x08000ab0                OLED_ShowNum
 .text.OLED_Init
                0x08000b00       0xae ./build/Debug/.obj/src/drive/src/OLED.o
                0x08000b00                OLED_Init
 *fill*         0x08000bae        0x2 
 .text.GPIO_Init_Config
                0x08000bb0       0x4c ./build/Debug/.obj/src/drive/src/Ranging.o
                0x08000bb0                GPIO_Init_Config
 .text.TIM3_CH_Config
                0x08000bfc       0x80 ./build/Debug/.obj/src/drive/src/Ranging.o
                0x08000bfc                TIM3_CH_Config
 .text.Get_captureStatus
                0x08000c7c        0xc ./build/Debug/.obj/src/drive/src/Ranging.o
                0x08000c7c                Get_captureStatus
 .text.TIM4_IRQHandler
                0x08000c88       0x2c ./build/Debug/.obj/src/drive/src/Timer.o
                0x08000c88                TIM4_IRQHandler
 .text.TIM3_IRQHandler
                0x08000cb4       0x30 ./build/Debug/.obj/src/drive/src/Tracking.o
                0x08000cb4                TIM3_IRQHandler
 .text.main     0x08000ce4       0x4c ./build/Debug/.obj/src/main.o
                0x08000ce4                main
 .text.Reset_Handler
                0x08000d30       0x48 ./build/Debug/.obj/src/startup_stm32f10x_md.o
                0x08000d30                Reset_Handler
 .text.Default_Handler
                0x08000d78        0x2 ./build/Debug/.obj/src/startup_stm32f10x_md.o
                0x08000d78                EXTI2_IRQHandler
                0x08000d78                TIM1_CC_IRQHandler
                0x08000d78                PVD_IRQHandler
                0x08000d78                EXTI3_IRQHandler
                0x08000d78                I2C2_EV_IRQHandler
                0x08000d78                ADC1_2_IRQHandler
                0x08000d78                SPI1_IRQHandler
                0x08000d78                TAMPER_IRQHandler
                0x08000d78                DMA1_Channel4_IRQHandler
                0x08000d78                USART3_IRQHandler
                0x08000d78                RTC_IRQHandler
                0x08000d78                DMA1_Channel7_IRQHandler
                0x08000d78                CAN1_RX1_IRQHandler
                0x08000d78                I2C1_EV_IRQHandler
                0x08000d78                DMA1_Channel6_IRQHandler
                0x08000d78                RCC_IRQHandler
                0x08000d78                TIM1_TRG_COM_IRQHandler
                0x08000d78                DMA1_Channel1_IRQHandler
                0x08000d78                Default_Handler
                0x08000d78                EXTI15_10_IRQHandler
                0x08000d78                EXTI9_5_IRQHandler
                0x08000d78                SPI2_IRQHandler
                0x08000d78                DMA1_Channel5_IRQHandler
                0x08000d78                EXTI4_IRQHandler
                0x08000d78                USB_LP_CAN1_RX0_IRQHandler
                0x08000d78                USB_HP_CAN1_TX_IRQHandler
                0x08000d78                DMA1_Channel3_IRQHandler
                0x08000d78                TIM1_UP_IRQHandler
                0x08000d78                WWDG_IRQHandler
                0x08000d78                TIM2_IRQHandler
                0x08000d78                TIM1_BRK_IRQHandler
                0x08000d78                EXTI1_IRQHandler
                0x08000d78                RTCAlarm_IRQHandler
                0x08000d78                USART2_IRQHandler
                0x08000d78                I2C2_ER_IRQHandler
                0x08000d78                DMA1_Channel2_IRQHandler
                0x08000d78                CAN1_SCE_IRQHandler
                0x08000d78                FLASH_IRQHandler
                0x08000d78                USART1_IRQHandler
                0x08000d78                I2C1_ER_IRQHandler
                0x08000d78                USBWakeUp_IRQHandler
 .text.NMI_Handler
                0x08000d7a        0x2 ./build/Debug/.obj/src/stm32f10x_it.o
                0x08000d7a                NMI_Handler
 .text.HardFault_Handler
                0x08000d7c        0x2 ./build/Debug/.obj/src/stm32f10x_it.o
                0x08000d7c                HardFault_Handler
 .text.MemManage_Handler
                0x08000d7e        0x2 ./build/Debug/.obj/src/stm32f10x_it.o
                0x08000d7e                MemManage_Handler
 .text.BusFault_Handler
                0x08000d80        0x2 ./build/Debug/.obj/src/stm32f10x_it.o
                0x08000d80                BusFault_Handler
 .text.UsageFault_Handler
                0x08000d82        0x2 ./build/Debug/.obj/src/stm32f10x_it.o
                0x08000d82                UsageFault_Handler
 .text.SVC_Handler
                0x08000d84        0x2 ./build/Debug/.obj/src/stm32f10x_it.o
                0x08000d84                SVC_Handler
 .text.DebugMon_Handler
                0x08000d86        0x2 ./build/Debug/.obj/src/stm32f10x_it.o
                0x08000d86                DebugMon_Handler
 .text.PendSV_Handler
                0x08000d88        0x2 ./build/Debug/.obj/src/stm32f10x_it.o
                0x08000d88                PendSV_Handler
 .text.SysTick_Handler
                0x08000d8a        0x2 ./build/Debug/.obj/src/stm32f10x_it.o
                0x08000d8a                SysTick_Handler
 .text.__libc_init_array
                0x08000d8c       0x48 c:/users/sounyz/.eide/tools/gcc_arm/bin/../lib/gcc/arm-none-eabi/10.2.1/../../../../arm-none-eabi/lib/thumb/v7-m/nofp\libc_nano.a(lib_a-init.o)
                0x08000d8c                __libc_init_array
 *(.rodata)
 *(.rodata*)
 .rodata.OLED_F8x16
                0x08000dd4      0x5f0 ./build/Debug/.obj/src/drive/src/OLED.o
                0x08000dd4                OLED_F8x16
 .rodata.main.str1.4
                0x080013c4        0xa ./build/Debug/.obj/src/main.o
 *(.glue_7)
 .glue_7        0x080013ce        0x0 linker stubs
 *(.glue_7t)
 .glue_7t       0x080013ce        0x0 linker stubs
 *(.init)
 *fill*         0x080013ce        0x2 
 .init          0x080013d0        0x4 c:/users/sounyz/.eide/tools/gcc_arm/bin/../lib/gcc/arm-none-eabi/10.2.1/thumb/v7-m/nofp/crti.o
                0x080013d0                _init
 .init          0x080013d4        0x8 c:/users/sounyz/.eide/tools/gcc_arm/bin/../lib/gcc/arm-none-eabi/10.2.1/thumb/v7-m/nofp/crtn.o
 *(.fini)
 .fini          0x080013dc        0x4 c:/users/sounyz/.eide/tools/gcc_arm/bin/../lib/gcc/arm-none-eabi/10.2.1/thumb/v7-m/nofp/crti.o
                0x080013dc                _fini
 .fini          0x080013e0        0x8 c:/users/sounyz/.eide/tools/gcc_arm/bin/../lib/gcc/arm-none-eabi/10.2.1/thumb/v7-m/nofp/crtn.o
                0x080013e8                . = ALIGN (0x4)
                0x080013e8                _etext = .

.vfp11_veneer   0x080013e8        0x0
 .vfp11_veneer  0x080013e8        0x0 linker stubs

.v4_bx          0x080013e8        0x0
 .v4_bx         0x080013e8        0x0 linker stubs

.iplt           0x080013e8        0x0
 .iplt          0x080013e8        0x0 c:/users/sounyz/.eide/tools/gcc_arm/bin/../lib/gcc/arm-none-eabi/10.2.1/thumb/v7-m/nofp/crtbegin.o

.rel.dyn        0x080013e8        0x0
 .rel.iplt      0x080013e8        0x0 c:/users/sounyz/.eide/tools/gcc_arm/bin/../lib/gcc/arm-none-eabi/10.2.1/thumb/v7-m/nofp/crtbegin.o

.ARM.extab
 *(.ARM.extab* .gnu.linkonce.armextab.*)

.ARM            0x080013e8        0x0
                0x080013e8                __exidx_start = .
 *(.ARM.exidx*)
                0x080013e8                __exidx_end = .

.ARM.attributes
                0x080013e8       0x29
 *(.ARM.attributes)
 .ARM.attributes
                0x080013e8       0x1d c:/users/sounyz/.eide/tools/gcc_arm/bin/../lib/gcc/arm-none-eabi/10.2.1/thumb/v7-m/nofp/crti.o
 .ARM.attributes
                0x08001405       0x2d c:/users/sounyz/.eide/tools/gcc_arm/bin/../lib/gcc/arm-none-eabi/10.2.1/thumb/v7-m/nofp/crtbegin.o
 .ARM.attributes
                0x08001432       0x2d ./build/Debug/.obj/hal/STM32F10x_StdPeriph_Driver/src/misc.o
 .ARM.attributes
                0x0800145f       0x2d ./build/Debug/.obj/hal/STM32F10x_StdPeriph_Driver/src/stm32f10x_exti.o
 .ARM.attributes
                0x0800148c       0x2d ./build/Debug/.obj/hal/STM32F10x_StdPeriph_Driver/src/stm32f10x_gpio.o
 .ARM.attributes
                0x080014b9       0x2d ./build/Debug/.obj/hal/STM32F10x_StdPeriph_Driver/src/stm32f10x_rcc.o
 .ARM.attributes
                0x080014e6       0x2d ./build/Debug/.obj/hal/STM32F10x_StdPeriph_Driver/src/stm32f10x_tim.o
 .ARM.attributes
                0x08001513       0x2d ./build/Debug/.obj/hal/STM32F10x_StdPeriph_Driver/system_stm32f10x.o
 .ARM.attributes
                0x08001540       0x2d ./build/Debug/.obj/src/drive/src/EC11.o
 .ARM.attributes
                0x0800156d       0x2d ./build/Debug/.obj/src/drive/src/OLED.o
 .ARM.attributes
                0x0800159a       0x2d ./build/Debug/.obj/src/drive/src/Ranging.o
 .ARM.attributes
                0x080015c7       0x2d ./build/Debug/.obj/src/drive/src/Timer.o
 .ARM.attributes
                0x080015f4       0x2d ./build/Debug/.obj/src/drive/src/Tracking.o
 .ARM.attributes
                0x08001621       0x2d ./build/Debug/.obj/src/main.o
 .ARM.attributes
                0x0800164e       0x21 ./build/Debug/.obj/src/startup_stm32f10x_md.o
 .ARM.attributes
                0x0800166f       0x2d ./build/Debug/.obj/src/stm32f10x_it.o
 .ARM.attributes
                0x0800169c       0x2d c:/users/sounyz/.eide/tools/gcc_arm/bin/../lib/gcc/arm-none-eabi/10.2.1/../../../../arm-none-eabi/lib/thumb/v7-m/nofp\libc_nano.a(lib_a-init.o)
 .ARM.attributes
                0x080016c9       0x1d c:/users/sounyz/.eide/tools/gcc_arm/bin/../lib/gcc/arm-none-eabi/10.2.1/thumb/v7-m/nofp/crtn.o

.preinit_array  0x080013e8        0x0
                0x080013e8                PROVIDE (__preinit_array_start = .)
 *(.preinit_array*)
                0x080013e8                PROVIDE (__preinit_array_end = .)

.init_array     0x080013e8        0x4
                0x080013e8                PROVIDE (__init_array_start = .)
 *(SORT_BY_NAME(.init_array.*))
 *(.init_array*)
 .init_array    0x080013e8        0x4 c:/users/sounyz/.eide/tools/gcc_arm/bin/../lib/gcc/arm-none-eabi/10.2.1/thumb/v7-m/nofp/crtbegin.o
                0x080013ec                PROVIDE (__init_array_end = .)

.fini_array     0x080013ec        0x4
                [!provide]                PROVIDE (__fini_array_start = .)
 *(.fini_array*)
 .fini_array    0x080013ec        0x4 c:/users/sounyz/.eide/tools/gcc_arm/bin/../lib/gcc/arm-none-eabi/10.2.1/thumb/v7-m/nofp/crtbegin.o
 *(SORT_BY_NAME(.fini_array.*))
                [!provide]                PROVIDE (__fini_array_end = .)
                0x080013f0                _sidata = .

.data           0x20000000        0x8 load address 0x080013f0
                0x20000000                . = ALIGN (0x4)
                0x20000000                _sdata = .
 *(.data)
 *(.data*)
 .data.Count    0x20000000        0x8 ./build/Debug/.obj/src/drive/src/Tracking.o
                0x20000000                Count
                0x20000008                . = ALIGN (0x4)
                0x20000008                _edata = .

.igot.plt       0x20000008        0x0 load address 0x080013f8
 .igot.plt      0x20000008        0x0 c:/users/sounyz/.eide/tools/gcc_arm/bin/../lib/gcc/arm-none-eabi/10.2.1/thumb/v7-m/nofp/crtbegin.o
                0x20000008                . = ALIGN (0x4)

.bss            0x20000008       0x28 load address 0x080013f8
                0x20000008                _sbss = .
                0x20000008                __bss_start__ = _sbss
 *(.bss)
 .bss           0x20000008       0x1c c:/users/sounyz/.eide/tools/gcc_arm/bin/../lib/gcc/arm-none-eabi/10.2.1/thumb/v7-m/nofp/crtbegin.o
 *(.bss*)
 .bss.encoderCount
                0x20000024        0x2 ./build/Debug/.obj/src/drive/src/EC11.o
                0x20000024                encoderCount
 .bss.lastA.0   0x20000026        0x2 ./build/Debug/.obj/src/drive/src/EC11.o
 .bss.captureStatus
                0x20000028        0x2 ./build/Debug/.obj/src/drive/src/Ranging.o
                0x20000028                captureStatus
 .bss.Timer_Count_Number
                0x2000002a        0x2 ./build/Debug/.obj/src/drive/src/Timer.o
                0x2000002a                Timer_Count_Number
 .bss.Distance  0x2000002c        0x2 ./build/Debug/.obj/src/main.o
                0x2000002c                Distance
 *(COMMON)
                0x20000030                . = ALIGN (0x4)
 *fill*         0x2000002e        0x2 
                0x20000030                _ebss = .
                0x20000030                __bss_end__ = _ebss
                [!provide]                PROVIDE (end = _ebss)
                [!provide]                PROVIDE (_end = _ebss)

._user_heap_stack
                0x20000030      0x100 load address 0x08001420
                0x20000030                . = ALIGN (0x4)
                0x20000030                . = (. + _Min_Heap_Size)
                0x20000130                . = (. + _Min_Stack_Size)
 *fill*         0x20000030      0x100 
                0x20000130                . = ALIGN (0x4)

.memory_b1_text
 *(.mb1text)
 *(.mb1text*)
 *(.mb1rodata)
 *(.mb1rodata*)

/DISCARD/
 libc.a(*)
 libm.a(*)
 libgcc.a(*)
OUTPUT(./build/Debug/STM32F103-Demo.elf elf32-littlearm)
LOAD linker stubs
LOAD c:/users/sounyz/.eide/tools/gcc_arm/bin/../lib/gcc/arm-none-eabi/10.2.1/../../../../arm-none-eabi/lib/thumb/v7-m/nofp\libc.a
LOAD c:/users/sounyz/.eide/tools/gcc_arm/bin/../lib/gcc/arm-none-eabi/10.2.1/../../../../arm-none-eabi/lib/thumb/v7-m/nofp\libm.a
LOAD c:/users/sounyz/.eide/tools/gcc_arm/bin/../lib/gcc/arm-none-eabi/10.2.1/thumb/v7-m/nofp\libgcc.a

.debug_info     0x00000000     0x788d
 .debug_info    0x00000000      0x57c ./build/Debug/.obj/hal/STM32F10x_StdPeriph_Driver/src/misc.o
 .debug_info    0x0000057c      0x370 ./build/Debug/.obj/hal/STM32F10x_StdPeriph_Driver/src/stm32f10x_exti.o
 .debug_info    0x000008ec      0x91e ./build/Debug/.obj/hal/STM32F10x_StdPeriph_Driver/src/stm32f10x_gpio.o
 .debug_info    0x0000120a      0x97f ./build/Debug/.obj/hal/STM32F10x_StdPeriph_Driver/src/stm32f10x_rcc.o
 .debug_info    0x00001b89     0x2500 ./build/Debug/.obj/hal/STM32F10x_StdPeriph_Driver/src/stm32f10x_tim.o
 .debug_info    0x00004089      0x4dd ./build/Debug/.obj/hal/STM32F10x_StdPeriph_Driver/system_stm32f10x.o
 .debug_info    0x00004566      0x684 ./build/Debug/.obj/src/drive/src/EC11.o
 .debug_info    0x00004bea      0xde4 ./build/Debug/.obj/src/drive/src/OLED.o
 .debug_info    0x000059ce      0x9ec ./build/Debug/.obj/src/drive/src/Ranging.o
 .debug_info    0x000063ba      0x6c8 ./build/Debug/.obj/src/drive/src/Timer.o
 .debug_info    0x00006a82      0x8df ./build/Debug/.obj/src/drive/src/Tracking.o
 .debug_info    0x00007361      0x3fc ./build/Debug/.obj/src/main.o
 .debug_info    0x0000775d       0x22 ./build/Debug/.obj/src/startup_stm32f10x_md.o
 .debug_info    0x0000777f      0x10e ./build/Debug/.obj/src/stm32f10x_it.o

.debug_abbrev   0x00000000     0x14ff
 .debug_abbrev  0x00000000      0x187 ./build/Debug/.obj/hal/STM32F10x_StdPeriph_Driver/src/misc.o
 .debug_abbrev  0x00000187      0x182 ./build/Debug/.obj/hal/STM32F10x_StdPeriph_Driver/src/stm32f10x_exti.o
 .debug_abbrev  0x00000309      0x220 ./build/Debug/.obj/hal/STM32F10x_StdPeriph_Driver/src/stm32f10x_gpio.o
 .debug_abbrev  0x00000529      0x204 ./build/Debug/.obj/hal/STM32F10x_StdPeriph_Driver/src/stm32f10x_rcc.o
 .debug_abbrev  0x0000072d      0x206 ./build/Debug/.obj/hal/STM32F10x_StdPeriph_Driver/src/stm32f10x_tim.o
 .debug_abbrev  0x00000933      0x187 ./build/Debug/.obj/hal/STM32F10x_StdPeriph_Driver/system_stm32f10x.o
 .debug_abbrev  0x00000aba      0x1b9 ./build/Debug/.obj/src/drive/src/EC11.o
 .debug_abbrev  0x00000c73      0x225 ./build/Debug/.obj/src/drive/src/OLED.o
 .debug_abbrev  0x00000e98      0x1b4 ./build/Debug/.obj/src/drive/src/Ranging.o
 .debug_abbrev  0x0000104c      0x1a1 ./build/Debug/.obj/src/drive/src/Timer.o
 .debug_abbrev  0x000011ed      0x1b6 ./build/Debug/.obj/src/drive/src/Tracking.o
 .debug_abbrev  0x000013a3      0x106 ./build/Debug/.obj/src/main.o
 .debug_abbrev  0x000014a9       0x12 ./build/Debug/.obj/src/startup_stm32f10x_md.o
 .debug_abbrev  0x000014bb       0x44 ./build/Debug/.obj/src/stm32f10x_it.o

.debug_loc      0x00000000     0x326f
 .debug_loc     0x00000000      0x16b ./build/Debug/.obj/hal/STM32F10x_StdPeriph_Driver/src/misc.o
 .debug_loc     0x0000016b      0x17d ./build/Debug/.obj/hal/STM32F10x_StdPeriph_Driver/src/stm32f10x_exti.o
 .debug_loc     0x000002e8      0x62c ./build/Debug/.obj/hal/STM32F10x_StdPeriph_Driver/src/stm32f10x_gpio.o
 .debug_loc     0x00000914      0x654 ./build/Debug/.obj/hal/STM32F10x_StdPeriph_Driver/src/stm32f10x_rcc.o
 .debug_loc     0x00000f68     0x1a55 ./build/Debug/.obj/hal/STM32F10x_StdPeriph_Driver/src/stm32f10x_tim.o
 .debug_loc     0x000029bd       0xff ./build/Debug/.obj/hal/STM32F10x_StdPeriph_Driver/system_stm32f10x.o
 .debug_loc     0x00002abc       0x37 ./build/Debug/.obj/src/drive/src/EC11.o
 .debug_loc     0x00002af3      0x77c ./build/Debug/.obj/src/drive/src/OLED.o

.debug_aranges  0x00000000      0x798
 .debug_aranges
                0x00000000       0x40 ./build/Debug/.obj/hal/STM32F10x_StdPeriph_Driver/src/misc.o
 .debug_aranges
                0x00000040       0x58 ./build/Debug/.obj/hal/STM32F10x_StdPeriph_Driver/src/stm32f10x_exti.o
 .debug_aranges
                0x00000098       0xa8 ./build/Debug/.obj/hal/STM32F10x_StdPeriph_Driver/src/stm32f10x_gpio.o
 .debug_aranges
                0x00000140      0x118 ./build/Debug/.obj/hal/STM32F10x_StdPeriph_Driver/src/stm32f10x_rcc.o
 .debug_aranges
                0x00000258      0x2f0 ./build/Debug/.obj/hal/STM32F10x_StdPeriph_Driver/src/stm32f10x_tim.o
 .debug_aranges
                0x00000548       0x38 ./build/Debug/.obj/hal/STM32F10x_StdPeriph_Driver/system_stm32f10x.o
 .debug_aranges
                0x00000580       0x30 ./build/Debug/.obj/src/drive/src/EC11.o
 .debug_aranges
                0x000005b0       0x98 ./build/Debug/.obj/src/drive/src/OLED.o
 .debug_aranges
                0x00000648       0x48 ./build/Debug/.obj/src/drive/src/Ranging.o
 .debug_aranges
                0x00000690       0x30 ./build/Debug/.obj/src/drive/src/Timer.o
 .debug_aranges
                0x000006c0       0x30 ./build/Debug/.obj/src/drive/src/Tracking.o
 .debug_aranges
                0x000006f0       0x20 ./build/Debug/.obj/src/main.o
 .debug_aranges
                0x00000710       0x28 ./build/Debug/.obj/src/startup_stm32f10x_md.o
 .debug_aranges
                0x00000738       0x60 ./build/Debug/.obj/src/stm32f10x_it.o

.debug_ranges   0x00000000      0x6d8
 .debug_ranges  0x00000000       0x30 ./build/Debug/.obj/hal/STM32F10x_StdPeriph_Driver/src/misc.o
 .debug_ranges  0x00000030       0x48 ./build/Debug/.obj/hal/STM32F10x_StdPeriph_Driver/src/stm32f10x_exti.o
 .debug_ranges  0x00000078       0x98 ./build/Debug/.obj/hal/STM32F10x_StdPeriph_Driver/src/stm32f10x_gpio.o
 .debug_ranges  0x00000110      0x108 ./build/Debug/.obj/hal/STM32F10x_StdPeriph_Driver/src/stm32f10x_rcc.o
 .debug_ranges  0x00000218      0x2e0 ./build/Debug/.obj/hal/STM32F10x_StdPeriph_Driver/src/stm32f10x_tim.o
 .debug_ranges  0x000004f8       0x28 ./build/Debug/.obj/hal/STM32F10x_StdPeriph_Driver/system_stm32f10x.o
 .debug_ranges  0x00000520       0x38 ./build/Debug/.obj/src/drive/src/EC11.o
 .debug_ranges  0x00000558       0x88 ./build/Debug/.obj/src/drive/src/OLED.o
 .debug_ranges  0x000005e0       0x38 ./build/Debug/.obj/src/drive/src/Ranging.o
 .debug_ranges  0x00000618       0x20 ./build/Debug/.obj/src/drive/src/Timer.o
 .debug_ranges  0x00000638       0x20 ./build/Debug/.obj/src/drive/src/Tracking.o
 .debug_ranges  0x00000658       0x10 ./build/Debug/.obj/src/main.o
 .debug_ranges  0x00000668       0x20 ./build/Debug/.obj/src/startup_stm32f10x_md.o
 .debug_ranges  0x00000688       0x50 ./build/Debug/.obj/src/stm32f10x_it.o

.debug_line     0x00000000     0x46cd
 .debug_line    0x00000000      0x29b ./build/Debug/.obj/hal/STM32F10x_StdPeriph_Driver/src/misc.o
 .debug_line    0x0000029b      0x362 ./build/Debug/.obj/hal/STM32F10x_StdPeriph_Driver/src/stm32f10x_exti.o
 .debug_line    0x000005fd      0x6af ./build/Debug/.obj/hal/STM32F10x_StdPeriph_Driver/src/stm32f10x_gpio.o
 .debug_line    0x00000cac      0x85d ./build/Debug/.obj/hal/STM32F10x_StdPeriph_Driver/src/stm32f10x_rcc.o
 .debug_line    0x00001509     0x1a16 ./build/Debug/.obj/hal/STM32F10x_StdPeriph_Driver/src/stm32f10x_tim.o
 .debug_line    0x00002f1f      0x3a4 ./build/Debug/.obj/hal/STM32F10x_StdPeriph_Driver/system_stm32f10x.o
 .debug_line    0x000032c3      0x292 ./build/Debug/.obj/src/drive/src/EC11.o
 .debug_line    0x00003555      0x6e9 ./build/Debug/.obj/src/drive/src/OLED.o
 .debug_line    0x00003c3e      0x2e5 ./build/Debug/.obj/src/drive/src/Ranging.o
 .debug_line    0x00003f23      0x20a ./build/Debug/.obj/src/drive/src/Timer.o
 .debug_line    0x0000412d      0x24e ./build/Debug/.obj/src/drive/src/Tracking.o
 .debug_line    0x0000437b      0x1b3 ./build/Debug/.obj/src/main.o
 .debug_line    0x0000452e       0x79 ./build/Debug/.obj/src/startup_stm32f10x_md.o
 .debug_line    0x000045a7      0x126 ./build/Debug/.obj/src/stm32f10x_it.o

.debug_str      0x00000000     0x20fd
 .debug_str     0x00000000      0x3c4 ./build/Debug/.obj/hal/STM32F10x_StdPeriph_Driver/src/misc.o
                                0x409 (size before relaxing)
 .debug_str     0x000003c4      0x1d0 ./build/Debug/.obj/hal/STM32F10x_StdPeriph_Driver/src/stm32f10x_exti.o
                                0x394 (size before relaxing)
 .debug_str     0x00000594      0x399 ./build/Debug/.obj/hal/STM32F10x_StdPeriph_Driver/src/stm32f10x_gpio.o
                                0x57b (size before relaxing)
 .debug_str     0x0000092d      0x42f ./build/Debug/.obj/hal/STM32F10x_StdPeriph_Driver/src/stm32f10x_rcc.o
                                0x665 (size before relaxing)
 .debug_str     0x00000d5c      0xba1 ./build/Debug/.obj/hal/STM32F10x_StdPeriph_Driver/src/stm32f10x_tim.o
                                0xe56 (size before relaxing)
 .debug_str     0x000018fd       0xa5 ./build/Debug/.obj/hal/STM32F10x_StdPeriph_Driver/system_stm32f10x.o
                                0x337 (size before relaxing)
 .debug_str     0x000019a2      0x36b ./build/Debug/.obj/src/drive/src/EC11.o
                                0x849 (size before relaxing)
 .debug_str     0x00001d0d      0x14b ./build/Debug/.obj/src/drive/src/OLED.o
                                0x4b1 (size before relaxing)
 .debug_str     0x00001e58       0xe9 ./build/Debug/.obj/src/drive/src/Ranging.o
                                0x9d9 (size before relaxing)
 .debug_str     0x00001f41       0x66 ./build/Debug/.obj/src/drive/src/Timer.o
                                0x790 (size before relaxing)
 .debug_str     0x00001fa7       0x6b ./build/Debug/.obj/src/drive/src/Tracking.o
                                0x957 (size before relaxing)
 .debug_str     0x00002012       0x1b ./build/Debug/.obj/src/main.o
                                0x339 (size before relaxing)
 .debug_str     0x0000202d       0x2b ./build/Debug/.obj/src/startup_stm32f10x_md.o
                                 0x90 (size before relaxing)
 .debug_str     0x00002058       0xa5 ./build/Debug/.obj/src/stm32f10x_it.o
                                0x21c (size before relaxing)

.comment        0x00000000       0x4d
 .comment       0x00000000       0x4d ./build/Debug/.obj/hal/STM32F10x_StdPeriph_Driver/src/misc.o
                                 0x4e (size before relaxing)
 .comment       0x0000004d       0x4e ./build/Debug/.obj/hal/STM32F10x_StdPeriph_Driver/src/stm32f10x_exti.o
 .comment       0x0000004d       0x4e ./build/Debug/.obj/hal/STM32F10x_StdPeriph_Driver/src/stm32f10x_gpio.o
 .comment       0x0000004d       0x4e ./build/Debug/.obj/hal/STM32F10x_StdPeriph_Driver/src/stm32f10x_rcc.o
 .comment       0x0000004d       0x4e ./build/Debug/.obj/hal/STM32F10x_StdPeriph_Driver/src/stm32f10x_tim.o
 .comment       0x0000004d       0x4e ./build/Debug/.obj/hal/STM32F10x_StdPeriph_Driver/system_stm32f10x.o
 .comment       0x0000004d       0x4e ./build/Debug/.obj/src/drive/src/EC11.o
 .comment       0x0000004d       0x4e ./build/Debug/.obj/src/drive/src/OLED.o
 .comment       0x0000004d       0x4e ./build/Debug/.obj/src/drive/src/Ranging.o
 .comment       0x0000004d       0x4e ./build/Debug/.obj/src/drive/src/Timer.o
 .comment       0x0000004d       0x4e ./build/Debug/.obj/src/drive/src/Tracking.o
 .comment       0x0000004d       0x4e ./build/Debug/.obj/src/main.o
 .comment       0x0000004d       0x4e ./build/Debug/.obj/src/stm32f10x_it.o

.debug_frame    0x00000000      0xfe0
 .debug_frame   0x00000000       0x60 ./build/Debug/.obj/hal/STM32F10x_StdPeriph_Driver/src/misc.o
 .debug_frame   0x00000060       0xa0 ./build/Debug/.obj/hal/STM32F10x_StdPeriph_Driver/src/stm32f10x_exti.o
 .debug_frame   0x00000100      0x160 ./build/Debug/.obj/hal/STM32F10x_StdPeriph_Driver/src/stm32f10x_gpio.o
 .debug_frame   0x00000260      0x228 ./build/Debug/.obj/hal/STM32F10x_StdPeriph_Driver/src/stm32f10x_rcc.o
 .debug_frame   0x00000488      0x66c ./build/Debug/.obj/hal/STM32F10x_StdPeriph_Driver/src/stm32f10x_tim.o
 .debug_frame   0x00000af4       0x6c ./build/Debug/.obj/hal/STM32F10x_StdPeriph_Driver/system_stm32f10x.o
 .debug_frame   0x00000b60       0x5c ./build/Debug/.obj/src/drive/src/EC11.o
 .debug_frame   0x00000bbc      0x1d8 ./build/Debug/.obj/src/drive/src/OLED.o
 .debug_frame   0x00000d94       0xa4 ./build/Debug/.obj/src/drive/src/Ranging.o
 .debug_frame   0x00000e38       0x58 ./build/Debug/.obj/src/drive/src/Timer.o
 .debug_frame   0x00000e90       0x5c ./build/Debug/.obj/src/drive/src/Tracking.o
 .debug_frame   0x00000eec       0x28 ./build/Debug/.obj/src/main.o
 .debug_frame   0x00000f14       0xa0 ./build/Debug/.obj/src/stm32f10x_it.o
 .debug_frame   0x00000fb4       0x2c c:/users/sounyz/.eide/tools/gcc_arm/bin/../lib/gcc/arm-none-eabi/10.2.1/../../../../arm-none-eabi/lib/thumb/v7-m/nofp\libc_nano.a(lib_a-init.o)
