[2025-05-21 22:57:42]	[info] incremental build: 22 source files changed
These source files will be recompiled
---
'e:\gitee\Cpp\STM32\Project\13..STM32F103-GPIO-TIM-Interrupt - ExternalColck1-TIM3-IC Capture-ranging\hal\STM32F10x_StdPeriph_Driver\src\misc.c': object (.o) file not exist
'e:\gitee\Cpp\STM32\Project\13..STM32F103-GPIO-TIM-Interrupt - ExternalColck1-TIM3-IC Capture-ranging\hal\STM32F10x_StdPeriph_Driver\src\stm32f10x_adc.c': object (.o) file not exist
'e:\gitee\Cpp\STM32\Project\13..STM32F103-GPIO-TIM-Interrupt - ExternalColck1-TIM3-IC Capture-ranging\hal\STM32F10x_StdPeriph_Driver\src\stm32f10x_exti.c': object (.o) file not exist
'e:\gitee\Cpp\STM32\Project\13..STM32F103-GPIO-TIM-Interrupt - ExternalColck1-TIM3-IC Capture-ranging\hal\STM32F10x_StdPeriph_Driver\src\stm32f10x_gpio.c': object (.o) file not exist
'e:\gitee\Cpp\STM32\Project\13..STM32F103-GPIO-TIM-Interrupt - ExternalColck1-TIM3-IC Capture-ranging\hal\STM32F10x_StdPeriph_Driver\src\stm32f10x_rcc.c': object (.o) file not exist
'e:\gitee\Cpp\STM32\Project\13..STM32F103-GPIO-TIM-Interrupt - ExternalColck1-TIM3-IC Capture-ranging\hal\STM32F10x_StdPeriph_Driver\src\stm32f10x_spi.c': object (.o) file not exist
'e:\gitee\Cpp\STM32\Project\13..STM32F103-GPIO-TIM-Interrupt - ExternalColck1-TIM3-IC Capture-ranging\hal\STM32F10x_StdPeriph_Driver\src\stm32f10x_tim.c': object (.o) file not exist
'e:\gitee\Cpp\STM32\Project\13..STM32F103-GPIO-TIM-Interrupt - ExternalColck1-TIM3-IC Capture-ranging\hal\STM32F10x_StdPeriph_Driver\src\stm32f10x_usart.c': object (.o) file not exist
'e:\gitee\Cpp\STM32\Project\13..STM32F103-GPIO-TIM-Interrupt - ExternalColck1-TIM3-IC Capture-ranging\hal\STM32F10x_StdPeriph_Driver\system_stm32f10x.c': object (.o) file not exist
'e:\gitee\Cpp\STM32\Project\13..STM32F103-GPIO-TIM-Interrupt - ExternalColck1-TIM3-IC Capture-ranging\src\drive\src\Buzzer.c': object (.o) file not exist
'e:\gitee\Cpp\STM32\Project\13..STM32F103-GPIO-TIM-Interrupt - ExternalColck1-TIM3-IC Capture-ranging\src\drive\src\EC11.c': object (.o) file not exist
'e:\gitee\Cpp\STM32\Project\13..STM32F103-GPIO-TIM-Interrupt - ExternalColck1-TIM3-IC Capture-ranging\src\drive\src\Key_Onboard.c': object (.o) file not exist
'e:\gitee\Cpp\STM32\Project\13..STM32F103-GPIO-TIM-Interrupt - ExternalColck1-TIM3-IC Capture-ranging\src\drive\src\LDR.c': object (.o) file not exist
'e:\gitee\Cpp\STM32\Project\13..STM32F103-GPIO-TIM-Interrupt - ExternalColck1-TIM3-IC Capture-ranging\src\drive\src\Led_Onboard.c': object (.o) file not exist
'e:\gitee\Cpp\STM32\Project\13..STM32F103-GPIO-TIM-Interrupt - ExternalColck1-TIM3-IC Capture-ranging\src\drive\src\MyDelay.c': object (.o) file not exist
'e:\gitee\Cpp\STM32\Project\13..STM32F103-GPIO-TIM-Interrupt - ExternalColck1-TIM3-IC Capture-ranging\src\drive\src\OLED.c': object (.o) file not exist
'e:\gitee\Cpp\STM32\Project\13..STM32F103-GPIO-TIM-Interrupt - ExternalColck1-TIM3-IC Capture-ranging\src\drive\src\Ranging.c': object (.o) file not exist
'e:\gitee\Cpp\STM32\Project\13..STM32F103-GPIO-TIM-Interrupt - ExternalColck1-TIM3-IC Capture-ranging\src\drive\src\Timer.c': object (.o) file not exist
'e:\gitee\Cpp\STM32\Project\13..STM32F103-GPIO-TIM-Interrupt - ExternalColck1-TIM3-IC Capture-ranging\src\drive\src\Tracking.c': object (.o) file not exist
'e:\gitee\Cpp\STM32\Project\13..STM32F103-GPIO-TIM-Interrupt - ExternalColck1-TIM3-IC Capture-ranging\src\main.c': object (.o) file not exist
'e:\gitee\Cpp\STM32\Project\13..STM32F103-GPIO-TIM-Interrupt - ExternalColck1-TIM3-IC Capture-ranging\src\startup_stm32f10x_md.s': object (.o) file not exist
'e:\gitee\Cpp\STM32\Project\13..STM32F103-GPIO-TIM-Interrupt - ExternalColck1-TIM3-IC Capture-ranging\src\stm32f10x_it.c': object (.o) file not exist

[2025-05-21 22:57:44]	[done]
	build successfully !

[2025-05-21 22:58:34]	[info] incremental build: 1 source files changed
These source files will be recompiled
---
'e:\gitee\Cpp\STM32\Project\13..STM32F103-GPIO-TIM-Interrupt - ExternalColck1-TIM3-IC Capture-ranging\src\main.c': source file has been changed.

[2025-05-21 22:58:35]	[done]
	build successfully !

[2025-05-21 22:59:44]	[info] incremental build: 1 source files changed
These source files will be recompiled
---
'e:\gitee\Cpp\STM32\Project\13..STM32F103-GPIO-TIM-Interrupt - ExternalColck1-TIM3-IC Capture-ranging\src\main.c': source file has been changed.

[2025-05-21 22:59:45]	[done]
	build successfully !

[2025-05-21 23:01:30]	[info] incremental build: 1 source files changed
These source files will be recompiled
---
'e:\gitee\Cpp\STM32\Project\13..STM32F103-GPIO-TIM-Interrupt - ExternalColck1-TIM3-IC Capture-ranging\src\main.c': source file has been changed.

[2025-05-21 23:01:31]	[done]
	build successfully !

[2025-05-21 23:04:44]	[done]
	build successfully !

[2025-05-21 23:15:44]	[info] incremental build: 1 source files changed
These source files will be recompiled
---
'e:\gitee\Cpp\STM32\Project\13..STM32F103-GPIO-TIM-Interrupt - ExternalColck1-TIM3-IC Capture-ranging\src\drive\src\Ranging.c': source file has been changed.

[2025-05-21 23:15:45]	[done]
	build successfully !

[2025-05-21 23:21:00]	[info] incremental build: 1 source files changed
These source files will be recompiled
---
'e:\gitee\Cpp\STM32\Project\13..STM32F103-GPIO-TIM-Interrupt - ExternalColck1-TIM3-IC Capture-ranging\src\drive\src\Ranging.c': source file has been changed.

[2025-05-21 23:21:00]	[done]
	build successfully !

[2025-05-21 23:22:37]	[info] incremental build: 1 source files changed
These source files will be recompiled
---
'e:\gitee\Cpp\STM32\Project\13..STM32F103-GPIO-TIM-Interrupt - ExternalColck1-TIM3-IC Capture-ranging\src\drive\src\Ranging.c': source file has been changed.

[2025-05-21 23:22:38]	[done]
	build successfully !

[2025-05-21 23:26:10]	[info] incremental build: 2 source files changed
These source files will be recompiled
---
'e:\gitee\Cpp\STM32\Project\13..STM32F103-GPIO-TIM-Interrupt - ExternalColck1-TIM3-IC Capture-ranging\src\drive\src\Ranging.c': source file has been changed.
'e:\gitee\Cpp\STM32\Project\13..STM32F103-GPIO-TIM-Interrupt - ExternalColck1-TIM3-IC Capture-ranging\src\main.c': source file has been changed.

[2025-05-21 23:26:13]	[done]
	build successfully !

[2025-05-21 23:27:12]	[info] incremental build: 1 source files changed
These source files will be recompiled
---
'e:\gitee\Cpp\STM32\Project\13..STM32F103-GPIO-TIM-Interrupt - ExternalColck1-TIM3-IC Capture-ranging\src\drive\src\Ranging.c': source file has been changed.

[2025-05-21 23:27:13]	[done]
	build successfully !

[2025-05-21 23:29:36]	[info] incremental build: 2 source files changed
These source files will be recompiled
---
'e:\gitee\Cpp\STM32\Project\13..STM32F103-GPIO-TIM-Interrupt - ExternalColck1-TIM3-IC Capture-ranging\src\drive\src\Ranging.c': source file has been changed.
'e:\gitee\Cpp\STM32\Project\13..STM32F103-GPIO-TIM-Interrupt - ExternalColck1-TIM3-IC Capture-ranging\src\main.c': source file has been changed.

[2025-05-21 23:29:37]	[done]
	build successfully !

[2025-05-21 23:29:56]	[info] incremental build: 1 source files changed
These source files will be recompiled
---
'e:\gitee\Cpp\STM32\Project\13..STM32F103-GPIO-TIM-Interrupt - ExternalColck1-TIM3-IC Capture-ranging\src\main.c': source file has been changed.

[2025-05-21 23:29:57]	[done]
	build successfully !

[2025-05-21 23:38:38]	[info] incremental build: 2 source files changed
These source files will be recompiled
---
'e:\gitee\Cpp\STM32\Project\13..STM32F103-GPIO-TIM-Interrupt - ExternalColck1-TIM3-IC Capture-ranging\src\drive\src\Ranging.c': source file has been changed.
'e:\gitee\Cpp\STM32\Project\13..STM32F103-GPIO-TIM-Interrupt - ExternalColck1-TIM3-IC Capture-ranging\src\main.c': source file has been changed.

[2025-05-21 23:38:38]	[done]
	build successfully !

[2025-05-21 23:39:37]	[info] incremental build: 2 source files changed
These source files will be recompiled
---
'e:\gitee\Cpp\STM32\Project\13..STM32F103-GPIO-TIM-Interrupt - ExternalColck1-TIM3-IC Capture-ranging\src\drive\src\Ranging.c': source file has been changed.
'e:\gitee\Cpp\STM32\Project\13..STM32F103-GPIO-TIM-Interrupt - ExternalColck1-TIM3-IC Capture-ranging\src\main.c': source file has been changed.

[2025-05-21 23:39:38]	[done]
	build successfully !

[2025-05-21 23:39:58]	[info] incremental build: 1 source files changed
These source files will be recompiled
---
'e:\gitee\Cpp\STM32\Project\13..STM32F103-GPIO-TIM-Interrupt - ExternalColck1-TIM3-IC Capture-ranging\src\main.c': source file has been changed.

[2025-05-21 23:39:59]	[done]
	build successfully !

[2025-05-21 23:41:53]	[info] incremental build: 1 source files changed
These source files will be recompiled
---
'e:\gitee\Cpp\STM32\Project\13..STM32F103-GPIO-TIM-Interrupt - ExternalColck1-TIM3-IC Capture-ranging\src\drive\src\Ranging.c': source file has been changed.

[2025-05-21 23:41:54]	[done]
	build successfully !

[2025-05-21 23:42:48]	[info] incremental build: 1 source files changed
These source files will be recompiled
---
'e:\gitee\Cpp\STM32\Project\13..STM32F103-GPIO-TIM-Interrupt - ExternalColck1-TIM3-IC Capture-ranging\src\drive\src\Ranging.c': source file has been changed.

[2025-05-21 23:42:49]	[done]
	build successfully !

[2025-05-21 23:43:26]	[info] incremental build: 1 source files changed
These source files will be recompiled
---
'e:\gitee\Cpp\STM32\Project\13..STM32F103-GPIO-TIM-Interrupt - ExternalColck1-TIM3-IC Capture-ranging\src\drive\src\Ranging.c': source file has been changed.

[2025-05-21 23:43:26]	[done]
	build successfully !

[2025-05-21 23:44:55]	[info] incremental build: 1 source files changed
These source files will be recompiled
---
'e:\gitee\Cpp\STM32\Project\13..STM32F103-GPIO-TIM-Interrupt - ExternalColck1-TIM3-IC Capture-ranging\src\drive\src\Ranging.c': source file has been changed.

[2025-05-21 23:44:56]	[done]
	build successfully !

[2025-05-21 23:47:45]	[info] incremental build: 2 source files changed
These source files will be recompiled
---
'e:\gitee\Cpp\STM32\Project\13..STM32F103-GPIO-TIM-Interrupt - ExternalColck1-TIM3-IC Capture-ranging\src\drive\src\Ranging.c': source file has been changed.
'e:\gitee\Cpp\STM32\Project\13..STM32F103-GPIO-TIM-Interrupt - ExternalColck1-TIM3-IC Capture-ranging\src\main.c': source file has been changed.

[2025-05-21 23:47:46]	[done]
	build successfully !

[2025-05-21 23:48:14]	[info] incremental build: 1 source files changed
These source files will be recompiled
---
'e:\gitee\Cpp\STM32\Project\13..STM32F103-GPIO-TIM-Interrupt - ExternalColck1-TIM3-IC Capture-ranging\src\drive\src\Ranging.c': source file has been changed.

[2025-05-21 23:48:14]	[done]
	build successfully !

[2025-05-21 23:48:44]	[info] incremental build: 1 source files changed
These source files will be recompiled
---
'e:\gitee\Cpp\STM32\Project\13..STM32F103-GPIO-TIM-Interrupt - ExternalColck1-TIM3-IC Capture-ranging\src\drive\src\Ranging.c': source file has been changed.

[2025-05-21 23:48:44]	[done]
	build successfully !

[2025-05-21 23:55:33]	[info] incremental build: 2 source files changed
These source files will be recompiled
---
'e:\gitee\Cpp\STM32\Project\13..STM32F103-GPIO-TIM-Interrupt - ExternalColck1-TIM3-IC Capture-ranging\src\drive\src\Ranging.c': source file has been changed.
'e:\gitee\Cpp\STM32\Project\13..STM32F103-GPIO-TIM-Interrupt - ExternalColck1-TIM3-IC Capture-ranging\src\main.c': source file has been changed.

[2025-05-21 23:55:34]	[done]
	build successfully !

[2025-05-21 23:57:22]	[info] incremental build: 2 source files changed
These source files will be recompiled
---
'e:\gitee\Cpp\STM32\Project\13..STM32F103-GPIO-TIM-Interrupt - ExternalColck1-TIM3-IC Capture-ranging\src\drive\src\Ranging.c': source file has been changed.
'e:\gitee\Cpp\STM32\Project\13..STM32F103-GPIO-TIM-Interrupt - ExternalColck1-TIM3-IC Capture-ranging\src\main.c': source file has been changed.

[2025-05-21 23:57:23]	[done]
	build successfully !

[2025-05-21 23:59:43]	[info] incremental build: 2 source files changed
These source files will be recompiled
---
'e:\gitee\Cpp\STM32\Project\13..STM32F103-GPIO-TIM-Interrupt - ExternalColck1-TIM3-IC Capture-ranging\src\drive\src\Ranging.c': source file has been changed.
'e:\gitee\Cpp\STM32\Project\13..STM32F103-GPIO-TIM-Interrupt - ExternalColck1-TIM3-IC Capture-ranging\src\main.c': source file has been changed.

[2025-05-21 23:59:43]	[done]
	build successfully !

[2025-05-22 00:00:43]	[info] incremental build: 1 source files changed
These source files will be recompiled
---
'e:\gitee\Cpp\STM32\Project\13..STM32F103-GPIO-TIM-Interrupt - ExternalColck1-TIM3-IC Capture-ranging\src\main.c': source file has been changed.

[2025-05-22 00:00:43]	[done]
	build successfully !

[2025-05-22 00:03:37]	[info] incremental build: 1 source files changed
These source files will be recompiled
---
'e:\gitee\Cpp\STM32\Project\13..STM32F103-GPIO-TIM-Interrupt - ExternalColck1-TIM3-IC Capture-ranging\src\drive\src\Ranging.c': source file has been changed.

[2025-05-22 00:03:37]	[done]
	build successfully !

[2025-05-22 00:04:53]	[info] incremental build: 1 source files changed
These source files will be recompiled
---
'e:\gitee\Cpp\STM32\Project\13..STM32F103-GPIO-TIM-Interrupt - ExternalColck1-TIM3-IC Capture-ranging\src\drive\src\Ranging.c': source file has been changed.

[2025-05-22 00:04:54]	[done]
	build successfully !

[2025-05-22 00:07:27]	[info] incremental build: 2 source files changed
These source files will be recompiled
---
'e:\gitee\Cpp\STM32\Project\13..STM32F103-GPIO-TIM-Interrupt - ExternalColck1-TIM3-IC Capture-ranging\src\drive\src\Ranging.c': source file has been changed.
'e:\gitee\Cpp\STM32\Project\13..STM32F103-GPIO-TIM-Interrupt - ExternalColck1-TIM3-IC Capture-ranging\src\main.c': source file has been changed.

[2025-05-22 00:07:27]	[done]
	build successfully !

[2025-05-22 00:08:57]	[info] incremental build: 1 source files changed
These source files will be recompiled
---
'e:\gitee\Cpp\STM32\Project\13..STM32F103-GPIO-TIM-Interrupt - ExternalColck1-TIM3-IC Capture-ranging\src\main.c': source file has been changed.

[2025-05-22 00:08:57]	[done]
	build successfully !

