[2025-03-03 12:20:08]	[info] incremental build: 12 source files changed
These source files will be recompiled
---
'e:\32\Project\STM32F103-Demo\STM32F103-Demo\hal\STM32F10x_StdPeriph_Driver\src\misc.c': object (.o) file not exist
'e:\32\Project\STM32F103-Demo\STM32F103-Demo\hal\STM32F10x_StdPeriph_Driver\src\stm32f10x_adc.c': object (.o) file not exist
'e:\32\Project\STM32F103-Demo\STM32F103-Demo\hal\STM32F10x_StdPeriph_Driver\src\stm32f10x_exti.c': object (.o) file not exist
'e:\32\Project\STM32F103-Demo\STM32F103-Demo\hal\STM32F10x_StdPeriph_Driver\src\stm32f10x_gpio.c': object (.o) file not exist
'e:\32\Project\STM32F103-Demo\STM32F103-Demo\hal\STM32F10x_StdPeriph_Driver\src\stm32f10x_rcc.c': object (.o) file not exist
'e:\32\Project\STM32F103-Demo\STM32F103-Demo\hal\STM32F10x_StdPeriph_Driver\src\stm32f10x_spi.c': object (.o) file not exist
'e:\32\Project\STM32F103-Demo\STM32F103-Demo\hal\STM32F10x_StdPeriph_Driver\src\stm32f10x_tim.c': object (.o) file not exist
'e:\32\Project\STM32F103-Demo\STM32F103-Demo\hal\STM32F10x_StdPeriph_Driver\src\stm32f10x_usart.c': object (.o) file not exist
'e:\32\Project\STM32F103-Demo\STM32F103-Demo\hal\STM32F10x_StdPeriph_Driver\system_stm32f10x.c': object (.o) file not exist
'e:\32\Project\STM32F103-Demo\STM32F103-Demo\src\main.c': object (.o) file not exist
'e:\32\Project\STM32F103-Demo\STM32F103-Demo\src\startup_stm32f10x_md.s': object (.o) file not exist
'e:\32\Project\STM32F103-Demo\STM32F103-Demo\src\stm32f10x_it.c': object (.o) file not exist

[2025-03-03 12:20:09]	[done]
	build successfully !

[2025-03-03 16:28:37]	[done]
	build successfully !

[2025-03-30 16:10:03]	[info] incremental build: 13 source files changed
These source files will be recompiled
---
'e:\32\Project\STM32F103-Demo\hal\STM32F10x_StdPeriph_Driver\src\misc.c': compiler options has been changed.
'e:\32\Project\STM32F103-Demo\hal\STM32F10x_StdPeriph_Driver\src\stm32f10x_adc.c': compiler options has been changed.
'e:\32\Project\STM32F103-Demo\hal\STM32F10x_StdPeriph_Driver\src\stm32f10x_exti.c': compiler options has been changed.
'e:\32\Project\STM32F103-Demo\hal\STM32F10x_StdPeriph_Driver\src\stm32f10x_gpio.c': compiler options has been changed.
'e:\32\Project\STM32F103-Demo\hal\STM32F10x_StdPeriph_Driver\src\stm32f10x_rcc.c': compiler options has been changed.
'e:\32\Project\STM32F103-Demo\hal\STM32F10x_StdPeriph_Driver\src\stm32f10x_spi.c': compiler options has been changed.
'e:\32\Project\STM32F103-Demo\hal\STM32F10x_StdPeriph_Driver\src\stm32f10x_tim.c': compiler options has been changed.
'e:\32\Project\STM32F103-Demo\hal\STM32F10x_StdPeriph_Driver\src\stm32f10x_usart.c': compiler options has been changed.
'e:\32\Project\STM32F103-Demo\hal\STM32F10x_StdPeriph_Driver\system_stm32f10x.c': compiler options has been changed.
'e:\32\Project\STM32F103-Demo\src\drive\src\MyDelay.c': object (.o) file not exist
'e:\32\Project\STM32F103-Demo\src\main.c': source file has been changed.
'e:\32\Project\STM32F103-Demo\src\startup_stm32f10x_md.s': compiler options has been changed.
'e:\32\Project\STM32F103-Demo\src\stm32f10x_it.c': compiler options has been changed.

[2025-03-30 16:10:04]	[done]
	build successfully !

[2025-03-30 16:10:31]	[info] incremental build: 1 source files changed
These source files will be recompiled
---
'e:\32\Project\STM32F103-Demo\src\main.c': source file has been changed.

[2025-03-30 16:10:32]	[done]
	build successfully !

[2025-03-30 16:10:50]	[info] incremental build: 1 source files changed
These source files will be recompiled
---
'e:\32\Project\STM32F103-Demo\src\main.c': source file has been changed.

[2025-03-30 16:10:51]	[done]
	build successfully !

[2025-03-30 16:11:47]	[info] incremental build: 1 source files changed
These source files will be recompiled
---
'e:\32\Project\STM32F103-Demo\src\drive\src\MyDelay.c': source file has been changed.

[2025-03-30 16:11:48]	[done]
	build successfully !

[2025-04-02 22:35:05]	[info] incremental build: 6 source files changed
These source files will be recompiled
---
'e:\32\Project\7.STM32F103-GPIO-LDR\src\drive\src\Buzzer.c': object (.o) file not exist
'e:\32\Project\7.STM32F103-GPIO-LDR\src\drive\src\Key_Onboard.c': object (.o) file not exist
'e:\32\Project\7.STM32F103-GPIO-LDR\src\drive\src\LDR.c': object (.o) file not exist
'e:\32\Project\7.STM32F103-GPIO-LDR\src\drive\src\Led_Onboard.c': object (.o) file not exist
'e:\32\Project\7.STM32F103-GPIO-LDR\src\drive\src\OLED.c': object (.o) file not exist
'e:\32\Project\7.STM32F103-GPIO-LDR\src\main.c': source file has been changed.

[2025-04-02 22:35:08]	[done]
	build successfully !

[2025-04-02 22:36:43]	[info] incremental build: 1 source files changed
These source files will be recompiled
---
'e:\32\Project\7.STM32F103-GPIO-LDR\src\main.c': source file has been changed.

[2025-04-02 22:36:44]	[done]
	build successfully !

[2025-04-02 22:38:21]	[info] incremental build: 1 source files changed
These source files will be recompiled
---
'e:\32\Project\7.STM32F103-GPIO-LDR\src\drive\src\OLED.c': source file has been changed.

[2025-04-02 22:38:21]	[done]
	build successfully !

[2025-04-02 22:38:57]	[info] incremental build: 1 source files changed
These source files will be recompiled
---
'e:\32\Project\7.STM32F103-GPIO-LDR\src\main.c': source file has been changed.

[2025-04-02 22:38:57]	[done]
	build successfully !

[2025-04-02 22:39:57]	[info] incremental build: 1 source files changed
These source files will be recompiled
---
'e:\32\Project\7.STM32F103-GPIO-LDR\src\main.c': source file has been changed.

[2025-04-02 22:39:58]	[done]
	build successfully !

[2025-04-02 22:40:17]	[info] incremental build: 1 source files changed
These source files will be recompiled
---
'e:\32\Project\7.STM32F103-GPIO-LDR\src\main.c': source file has been changed.

[2025-04-02 22:40:17]	[done]
	build successfully !

[2025-04-02 22:50:41]	[info] incremental build: 1 source files changed
These source files will be recompiled
---
'e:\32\Project\7.STM32F103-GPIO-LDR\src\main.c': source file has been changed.

[2025-04-02 22:50:41]	[done]
	build successfully !

[2025-04-02 22:50:54]	[info] incremental build: 1 source files changed
These source files will be recompiled
---
'e:\32\Project\7.STM32F103-GPIO-LDR\src\main.c': source file has been changed.

[2025-04-02 22:50:55]	[done]
	build successfully !

[2025-04-02 22:54:46]	[info] incremental build: 1 source files changed
These source files will be recompiled
---
'e:\32\Project\7.STM32F103-GPIO-LDR\src\main.c': source file has been changed.

[2025-04-02 22:54:47]	[done]
	build successfully !

[2025-04-02 22:57:06]	[info] incremental build: 1 source files changed
These source files will be recompiled
---
'e:\32\Project\7.STM32F103-GPIO-LDR\src\main.c': source file has been changed.

[2025-04-02 22:57:07]	[done]
	build successfully !

[2025-04-02 23:04:03]	[info] incremental build: 1 source files changed
These source files will be recompiled
---
'e:\32\Project\7.STM32F103-GPIO-LDR\src\main.c': source file has been changed.

[2025-04-02 23:04:03]	[done]
	build successfully !

[2025-04-02 23:08:10]	[info] incremental build: 1 source files changed
These source files will be recompiled
---
'e:\32\Project\7.STM32F103-GPIO-LDR\src\main.c': source file has been changed.

[2025-04-02 23:08:11]	[done]
	build successfully !

[2025-04-02 23:19:53]	[info] incremental build: 1 source files changed
These source files will be recompiled
---
'e:\32\Project\7.STM32F103-GPIO-LDR\src\main.c': source file has been changed.

[2025-04-02 23:19:54]	[done]
	build successfully !

[2025-04-07 21:40:30]	[info] incremental build: 2 source files changed
These source files will be recompiled
---
'e:\32\Project\7.STM32F103-GPIO-LDR-Buzzer\src\drive\src\Led_Onboard.c': source file has been changed.
'e:\32\Project\7.STM32F103-GPIO-LDR-Buzzer\src\main.c': source file has been changed.

[2025-04-07 21:40:31]	compilation failed at : "e:\32\Project\7.STM32F103-GPIO-LDR-Buzzer\src\main.c", exit code: 1
command: 
  "C:\Users\sounyz\.eide\tools\gcc_arm\bin\arm-none-eabi-gcc.exe" -c -xc -mthumb -std=c11 -I. -Isrc -Ilib/cmsis -Ihal/STM32F10x_StdPeriph_Driver -Ihal/STM32F10x_StdPeriph_Driver/inc -Ihal/STM32F10x_StdPeriph_Driver/src -DUSE_STDPERIPH_DRIVER -DSTM32F10X_MD -mcpu=cortex-m3 -Og -Wall -g --specs=nosys.specs --specs=nano.specs -ffunction-sections -fdata-sections -o ./build/Debug/.obj/src/main.o -MMD ./src/main.c
   at unify_builder.Program.Main(String[] args_)
---
./src/main.c: In function 'main':
./src/main.c:21:9: error: called object is not a function or function pointer
   21 |         LED_ON(GPIOA,GPIO_Pin_1);
      |         ^~~~~~
./src/main.c:23:9: error: called object is not a function or function pointer
   23 |         LED_OFF(GPIOA,GPIO_Pin_1);
      |         ^~~~~~~

[2025-04-07 21:41:16]	[info] incremental build: 1 source files changed
These source files will be recompiled
---
'e:\32\Project\7.STM32F103-GPIO-LDR-Buzzer\src\main.c': source file has been changed.

[2025-04-07 21:41:16]	compilation failed at : "e:\32\Project\7.STM32F103-GPIO-LDR-Buzzer\src\main.c", exit code: 1
command: 
  "C:\Users\sounyz\.eide\tools\gcc_arm\bin\arm-none-eabi-gcc.exe" -c -xc -mthumb -std=c11 -I. -Isrc -Ilib/cmsis -Ihal/STM32F10x_StdPeriph_Driver -Ihal/STM32F10x_StdPeriph_Driver/inc -Ihal/STM32F10x_StdPeriph_Driver/src -DUSE_STDPERIPH_DRIVER -DSTM32F10X_MD -mcpu=cortex-m3 -Og -Wall -g --specs=nosys.specs --specs=nano.specs -ffunction-sections -fdata-sections -o ./build/Debug/.obj/src/main.o -MMD ./src/main.c
   at unify_builder.Program.Main(String[] args_)
---
In file included from ./src/main.c:13:
./src/./drive/inc/Led_Onboard.h:18:6: error: 'LED_ON' redeclared as different kind of symbol
   18 | void LED_ON(GPIO_TypeDef *GPIOx, uint16_t GPIO_Pin);
      |      ^~~~~~
./src/./drive/inc/Led_Onboard.h:13:5: note: previous definition of 'LED_ON' was here
   13 |     LED_ON = 1,
      |     ^~~~~~
./src/./drive/inc/Led_Onboard.h:19:6: error: 'LED_OFF' redeclared as different kind of symbol
   19 | void LED_OFF(GPIO_TypeDef *GPIOx, uint16_t GPIO_Pin);
      |      ^~~~~~~
./src/./drive/inc/Led_Onboard.h:14:5: note: previous definition of 'LED_OFF' was here
   14 |     LED_OFF = 0,
      |     ^~~~~~~

[2025-04-07 21:43:01]	[info] incremental build: 2 source files changed
These source files will be recompiled
---
'e:\32\Project\7.STM32F103-GPIO-LDR-Buzzer\src\drive\src\Led_Onboard.c': source file has been changed.
'e:\32\Project\7.STM32F103-GPIO-LDR-Buzzer\src\main.c': source file has been changed.

[2025-04-07 21:43:03]	[done]
	build successfully !

[2025-04-07 21:50:56]	[info] incremental build: 3 source files changed
These source files will be recompiled
---
'e:\32\Project\7.STM32F103-GPIO-LDR-Buzzer\src\drive\src\Buzzer.c': source file has been changed.
'e:\32\Project\7.STM32F103-GPIO-LDR-Buzzer\src\drive\src\Led_Onboard.c': source file has been changed.
'e:\32\Project\7.STM32F103-GPIO-LDR-Buzzer\src\main.c': source file has been changed.

[2025-04-07 21:51:00]	[done]
	build successfully !

[2025-04-07 21:51:58]	[info] incremental build: 1 source files changed
These source files will be recompiled
---
'e:\32\Project\7.STM32F103-GPIO-LDR-Buzzer\src\drive\src\Buzzer.c': source file has been changed.

[2025-04-07 21:51:59]	[done]
	build successfully !

[2025-04-07 21:59:03]	[info] incremental build: 2 source files changed
These source files will be recompiled
---
'e:\32\Project\7.STM32F103-GPIO-LDR-Buzzer\src\drive\src\LDR.c': source file has been changed.
'e:\32\Project\7.STM32F103-GPIO-LDR-Buzzer\src\main.c': source file has been changed.

[2025-04-07 21:59:03]	compilation failed at : "e:\32\Project\7.STM32F103-GPIO-LDR-Buzzer\src\main.c", exit code: 1
command: 
  "C:\Users\sounyz\.eide\tools\gcc_arm\bin\arm-none-eabi-gcc.exe" -c -xc -mthumb -std=c11 -I. -Isrc -Ilib/cmsis -Ihal/STM32F10x_StdPeriph_Driver -Ihal/STM32F10x_StdPeriph_Driver/inc -Ihal/STM32F10x_StdPeriph_Driver/src -DUSE_STDPERIPH_DRIVER -DSTM32F10X_MD -mcpu=cortex-m3 -Og -Wall -g --specs=nosys.specs --specs=nano.specs -ffunction-sections -fdata-sections -o ./build/Debug/.obj/src/main.o -MMD ./src/main.c
   at unify_builder.Program.Main(String[] args_)
---
./src/main.c: In function 'main':
./src/main.c:27:13: error: too few arguments to function 'LED_Close'
   27 |             LED_Close();
      |             ^~~~~~~~~
In file included from ./src/main.c:13:
./src/./drive/inc/Led_Onboard.h:19:6: note: declared here
   19 | void LED_Close(GPIO_TypeDef *GPIOx, uint16_t GPIO_Pin);
      |      ^~~~~~~~~
./src/main.c:17:13: warning: unused variable 'value' [-Wunused-variable]
   17 |     uint8_t value;
      |             ^~~~~

[2025-04-07 21:59:34]	[info] incremental build: 1 source files changed
These source files will be recompiled
---
'e:\32\Project\7.STM32F103-GPIO-LDR-Buzzer\src\main.c': source file has been changed.

[2025-04-07 21:59:34]	[done]
	build successfully !

[2025-04-07 22:05:30]	[info] incremental build: 3 source files changed
These source files will be recompiled
---
'e:\32\Project\7.STM32F103-GPIO-LDR-Buzzer\src\drive\src\Buzzer.c': source file has been changed.
'e:\32\Project\7.STM32F103-GPIO-LDR-Buzzer\src\drive\src\Led_Onboard.c': source file has been changed.
'e:\32\Project\7.STM32F103-GPIO-LDR-Buzzer\src\main.c': source file has been changed.

[2025-04-07 22:05:31]	[done]
	build successfully !

[2025-04-07 22:10:02]	[info] incremental build: 1 source files changed
These source files will be recompiled
---
'e:\32\Project\7.STM32F103-GPIO-LDR-Buzzer\src\drive\src\LDR.c': source file has been changed.

[2025-04-07 22:10:03]	[done]
	build successfully !

[2025-04-07 22:14:54]	[info] incremental build: 2 source files changed
These source files will be recompiled
---
'e:\32\Project\7.STM32F103-GPIO-LDR-Buzzer\src\drive\src\Key_Onboard.c': source file has been changed.
'e:\32\Project\7.STM32F103-GPIO-LDR-Buzzer\src\main.c': dependence 'e:\32\Project\7.STM32F103-GPIO-LDR-Buzzer\src\drive\inc\LDR.h' has been changed.

[2025-04-07 22:14:54]	[done]
	build successfully !

