[2025-05-22 00:10:17]	[info] incremental build: 21 source files changed
These source files will be recompiled
---
'e:\gitee\Cpp\STM32\Project\13..STM32F103-GPIO-TIM-Interrupt - ExternalColck1-TIM3-IC Capture - tracking\hal\STM32F10x_StdPeriph_Driver\src\misc.c': object (.o) file not exist
'e:\gitee\Cpp\STM32\Project\13..STM32F103-GPIO-TIM-Interrupt - ExternalColck1-TIM3-IC Capture - tracking\hal\STM32F10x_StdPeriph_Driver\src\stm32f10x_adc.c': object (.o) file not exist
'e:\gitee\Cpp\STM32\Project\13..STM32F103-GPIO-TIM-Interrupt - ExternalColck1-TIM3-IC Capture - tracking\hal\STM32F10x_StdPeriph_Driver\src\stm32f10x_exti.c': object (.o) file not exist
'e:\gitee\Cpp\STM32\Project\13..STM32F103-GPIO-TIM-Interrupt - ExternalColck1-TIM3-IC Capture - tracking\hal\STM32F10x_StdPeriph_Driver\src\stm32f10x_gpio.c': object (.o) file not exist
'e:\gitee\Cpp\STM32\Project\13..STM32F103-GPIO-TIM-Interrupt - ExternalColck1-TIM3-IC Capture - tracking\hal\STM32F10x_StdPeriph_Driver\src\stm32f10x_rcc.c': object (.o) file not exist
'e:\gitee\Cpp\STM32\Project\13..STM32F103-GPIO-TIM-Interrupt - ExternalColck1-TIM3-IC Capture - tracking\hal\STM32F10x_StdPeriph_Driver\src\stm32f10x_spi.c': object (.o) file not exist
'e:\gitee\Cpp\STM32\Project\13..STM32F103-GPIO-TIM-Interrupt - ExternalColck1-TIM3-IC Capture - tracking\hal\STM32F10x_StdPeriph_Driver\src\stm32f10x_tim.c': object (.o) file not exist
'e:\gitee\Cpp\STM32\Project\13..STM32F103-GPIO-TIM-Interrupt - ExternalColck1-TIM3-IC Capture - tracking\hal\STM32F10x_StdPeriph_Driver\src\stm32f10x_usart.c': object (.o) file not exist
'e:\gitee\Cpp\STM32\Project\13..STM32F103-GPIO-TIM-Interrupt - ExternalColck1-TIM3-IC Capture - tracking\hal\STM32F10x_StdPeriph_Driver\system_stm32f10x.c': object (.o) file not exist
'e:\gitee\Cpp\STM32\Project\13..STM32F103-GPIO-TIM-Interrupt - ExternalColck1-TIM3-IC Capture - tracking\src\drive\src\Buzzer.c': object (.o) file not exist
'e:\gitee\Cpp\STM32\Project\13..STM32F103-GPIO-TIM-Interrupt - ExternalColck1-TIM3-IC Capture - tracking\src\drive\src\EC11.c': object (.o) file not exist
'e:\gitee\Cpp\STM32\Project\13..STM32F103-GPIO-TIM-Interrupt - ExternalColck1-TIM3-IC Capture - tracking\src\drive\src\Key_Onboard.c': object (.o) file not exist
'e:\gitee\Cpp\STM32\Project\13..STM32F103-GPIO-TIM-Interrupt - ExternalColck1-TIM3-IC Capture - tracking\src\drive\src\LDR.c': object (.o) file not exist
'e:\gitee\Cpp\STM32\Project\13..STM32F103-GPIO-TIM-Interrupt - ExternalColck1-TIM3-IC Capture - tracking\src\drive\src\Led_Onboard.c': object (.o) file not exist
'e:\gitee\Cpp\STM32\Project\13..STM32F103-GPIO-TIM-Interrupt - ExternalColck1-TIM3-IC Capture - tracking\src\drive\src\MyDelay.c': object (.o) file not exist
'e:\gitee\Cpp\STM32\Project\13..STM32F103-GPIO-TIM-Interrupt - ExternalColck1-TIM3-IC Capture - tracking\src\drive\src\OLED.c': object (.o) file not exist
'e:\gitee\Cpp\STM32\Project\13..STM32F103-GPIO-TIM-Interrupt - ExternalColck1-TIM3-IC Capture - tracking\src\drive\src\Timer.c': object (.o) file not exist
'e:\gitee\Cpp\STM32\Project\13..STM32F103-GPIO-TIM-Interrupt - ExternalColck1-TIM3-IC Capture - tracking\src\drive\src\Xunji.c': object (.o) file not exist
'e:\gitee\Cpp\STM32\Project\13..STM32F103-GPIO-TIM-Interrupt - ExternalColck1-TIM3-IC Capture - tracking\src\main.c': object (.o) file not exist
'e:\gitee\Cpp\STM32\Project\13..STM32F103-GPIO-TIM-Interrupt - ExternalColck1-TIM3-IC Capture - tracking\src\startup_stm32f10x_md.s': object (.o) file not exist
'e:\gitee\Cpp\STM32\Project\13..STM32F103-GPIO-TIM-Interrupt - ExternalColck1-TIM3-IC Capture - tracking\src\stm32f10x_it.c': object (.o) file not exist

[2025-05-22 00:10:19]	[done]
	build successfully !

[2025-05-22 00:10:47]	[info] incremental build: 1 source files changed
These source files will be recompiled
---
'e:\gitee\Cpp\STM32\Project\13..STM32F103-GPIO-TIM-Interrupt - ExternalColck1-TIM3-IC Capture - tracking\src\drive\src\Xunji.c': source file has been changed.

[2025-05-22 00:10:48]	[done]
	build successfully !

[2025-05-22 00:11:05]	[info] incremental build: 1 source files changed
These source files will be recompiled
---
'e:\gitee\Cpp\STM32\Project\13..STM32F103-GPIO-TIM-Interrupt - ExternalColck1-TIM3-IC Capture - tracking\src\drive\src\Xunji.c': source file has been changed.

[2025-05-22 00:11:06]	[done]
	build successfully !

[2025-05-22 00:12:11]	[info] incremental build: 1 source files changed
These source files will be recompiled
---
'e:\gitee\Cpp\STM32\Project\13..STM32F103-GPIO-TIM-Interrupt - ExternalColck1-TIM3-IC Capture - tracking\src\drive\src\Xunji.c': source file has been changed.

[2025-05-22 00:12:12]	[done]
	build successfully !

[2025-05-22 00:13:33]	[info] incremental build: 1 source files changed
These source files will be recompiled
---
'e:\gitee\Cpp\STM32\Project\13..STM32F103-GPIO-TIM-Interrupt - ExternalColck1-TIM3-IC Capture - tracking\src\drive\src\Xunji.c': source file has been changed.

[2025-05-22 00:13:33]	[done]
	build successfully !

[2025-05-22 00:15:22]	[info] incremental build: 1 source files changed
These source files will be recompiled
---
'e:\gitee\Cpp\STM32\Project\13..STM32F103-GPIO-TIM-Interrupt - ExternalColck1-TIM3-IC Capture - tracking\src\drive\src\Xunji.c': source file has been changed.

[2025-05-22 00:15:22]	[done]
	build successfully !

[2025-05-22 00:16:01]	[info] incremental build: 1 source files changed
These source files will be recompiled
---
'e:\gitee\Cpp\STM32\Project\13..STM32F103-GPIO-TIM-Interrupt - ExternalColck1-TIM3-IC Capture - tracking\src\drive\src\Xunji.c': source file has been changed.

[2025-05-22 00:16:01]	[done]
	build successfully !

