Archive member included to satisfy reference by file (symbol)

c:/users/sounyz/.eide/tools/gcc_arm/bin/../lib/gcc/arm-none-eabi/10.2.1/../../../../arm-none-eabi/lib/thumb/v7-m/nofp\libc_nano.a(lib_a-exit.o)
                              c:/users/sounyz/.eide/tools/gcc_arm/bin/../lib/gcc/arm-none-eabi/10.2.1/../../../../arm-none-eabi/lib/thumb/v7-m/nofp/crt0.o (exit)
c:/users/sounyz/.eide/tools/gcc_arm/bin/../lib/gcc/arm-none-eabi/10.2.1/../../../../arm-none-eabi/lib/thumb/v7-m/nofp\libc_nano.a(lib_a-impure.o)
                              c:/users/sounyz/.eide/tools/gcc_arm/bin/../lib/gcc/arm-none-eabi/10.2.1/../../../../arm-none-eabi/lib/thumb/v7-m/nofp\libc_nano.a(lib_a-exit.o) (_global_impure_ptr)
c:/users/sounyz/.eide/tools/gcc_arm/bin/../lib/gcc/arm-none-eabi/10.2.1/../../../../arm-none-eabi/lib/thumb/v7-m/nofp\libc_nano.a(lib_a-init.o)
                              c:/users/sounyz/.eide/tools/gcc_arm/bin/../lib/gcc/arm-none-eabi/10.2.1/../../../../arm-none-eabi/lib/thumb/v7-m/nofp/crt0.o (__libc_init_array)
c:/users/sounyz/.eide/tools/gcc_arm/bin/../lib/gcc/arm-none-eabi/10.2.1/../../../../arm-none-eabi/lib/thumb/v7-m/nofp\libc_nano.a(lib_a-memset.o)
                              c:/users/sounyz/.eide/tools/gcc_arm/bin/../lib/gcc/arm-none-eabi/10.2.1/../../../../arm-none-eabi/lib/thumb/v7-m/nofp/crt0.o (memset)
c:/users/sounyz/.eide/tools/gcc_arm/bin/../lib/gcc/arm-none-eabi/10.2.1/../../../../arm-none-eabi/lib/thumb/v7-m/nofp\libnosys.a(_exit.o)
                              c:/users/sounyz/.eide/tools/gcc_arm/bin/../lib/gcc/arm-none-eabi/10.2.1/../../../../arm-none-eabi/lib/thumb/v7-m/nofp\libc_nano.a(lib_a-exit.o) (_exit)

Discarded input sections

 .text          0x00000000        0x0 c:/users/sounyz/.eide/tools/gcc_arm/bin/../lib/gcc/arm-none-eabi/10.2.1/thumb/v7-m/nofp/crti.o
 .data          0x00000000        0x0 c:/users/sounyz/.eide/tools/gcc_arm/bin/../lib/gcc/arm-none-eabi/10.2.1/thumb/v7-m/nofp/crti.o
 .bss           0x00000000        0x0 c:/users/sounyz/.eide/tools/gcc_arm/bin/../lib/gcc/arm-none-eabi/10.2.1/thumb/v7-m/nofp/crti.o
 .data          0x00000000        0x4 c:/users/sounyz/.eide/tools/gcc_arm/bin/../lib/gcc/arm-none-eabi/10.2.1/thumb/v7-m/nofp/crtbegin.o
 .rodata        0x00000000       0x24 c:/users/sounyz/.eide/tools/gcc_arm/bin/../lib/gcc/arm-none-eabi/10.2.1/thumb/v7-m/nofp/crtbegin.o
 .text          0x00000000       0x7c c:/users/sounyz/.eide/tools/gcc_arm/bin/../lib/gcc/arm-none-eabi/10.2.1/../../../../arm-none-eabi/lib/thumb/v7-m/nofp/crt0.o
 .data          0x00000000        0x0 c:/users/sounyz/.eide/tools/gcc_arm/bin/../lib/gcc/arm-none-eabi/10.2.1/../../../../arm-none-eabi/lib/thumb/v7-m/nofp/crt0.o
 .bss           0x00000000        0x0 c:/users/sounyz/.eide/tools/gcc_arm/bin/../lib/gcc/arm-none-eabi/10.2.1/../../../../arm-none-eabi/lib/thumb/v7-m/nofp/crt0.o
 .ARM.extab     0x00000000        0x0 c:/users/sounyz/.eide/tools/gcc_arm/bin/../lib/gcc/arm-none-eabi/10.2.1/../../../../arm-none-eabi/lib/thumb/v7-m/nofp/crt0.o
 .ARM.exidx     0x00000000       0x10 c:/users/sounyz/.eide/tools/gcc_arm/bin/../lib/gcc/arm-none-eabi/10.2.1/../../../../arm-none-eabi/lib/thumb/v7-m/nofp/crt0.o
 .ARM.attributes
                0x00000000       0x1b c:/users/sounyz/.eide/tools/gcc_arm/bin/../lib/gcc/arm-none-eabi/10.2.1/../../../../arm-none-eabi/lib/thumb/v7-m/nofp/crt0.o
 .text          0x00000000        0x0 ./build/Debug/.obj/hal/STM32F10x_StdPeriph_Driver/src/misc.o
 .data          0x00000000        0x0 ./build/Debug/.obj/hal/STM32F10x_StdPeriph_Driver/src/misc.o
 .bss           0x00000000        0x0 ./build/Debug/.obj/hal/STM32F10x_StdPeriph_Driver/src/misc.o
 .text.NVIC_SetVectorTable
                0x00000000       0x14 ./build/Debug/.obj/hal/STM32F10x_StdPeriph_Driver/src/misc.o
 .text.NVIC_SystemLPConfig
                0x00000000       0x1c ./build/Debug/.obj/hal/STM32F10x_StdPeriph_Driver/src/misc.o
 .text.SysTick_CLKSourceConfig
                0x00000000       0x20 ./build/Debug/.obj/hal/STM32F10x_StdPeriph_Driver/src/misc.o
 .text          0x00000000        0x0 ./build/Debug/.obj/hal/STM32F10x_StdPeriph_Driver/src/stm32f10x_adc.o
 .data          0x00000000        0x0 ./build/Debug/.obj/hal/STM32F10x_StdPeriph_Driver/src/stm32f10x_adc.o
 .bss           0x00000000        0x0 ./build/Debug/.obj/hal/STM32F10x_StdPeriph_Driver/src/stm32f10x_adc.o
 .text.ADC_DeInit
                0x00000000       0x64 ./build/Debug/.obj/hal/STM32F10x_StdPeriph_Driver/src/stm32f10x_adc.o
 .text.ADC_Init
                0x00000000       0x4c ./build/Debug/.obj/hal/STM32F10x_StdPeriph_Driver/src/stm32f10x_adc.o
 .text.ADC_StructInit
                0x00000000       0x12 ./build/Debug/.obj/hal/STM32F10x_StdPeriph_Driver/src/stm32f10x_adc.o
 .text.ADC_Cmd  0x00000000       0x16 ./build/Debug/.obj/hal/STM32F10x_StdPeriph_Driver/src/stm32f10x_adc.o
 .text.ADC_DMACmd
                0x00000000       0x16 ./build/Debug/.obj/hal/STM32F10x_StdPeriph_Driver/src/stm32f10x_adc.o
 .text.ADC_ITConfig
                0x00000000       0x16 ./build/Debug/.obj/hal/STM32F10x_StdPeriph_Driver/src/stm32f10x_adc.o
 .text.ADC_ResetCalibration
                0x00000000        0xa ./build/Debug/.obj/hal/STM32F10x_StdPeriph_Driver/src/stm32f10x_adc.o
 .text.ADC_GetResetCalibrationStatus
                0x00000000       0x10 ./build/Debug/.obj/hal/STM32F10x_StdPeriph_Driver/src/stm32f10x_adc.o
 .text.ADC_StartCalibration
                0x00000000        0xa ./build/Debug/.obj/hal/STM32F10x_StdPeriph_Driver/src/stm32f10x_adc.o
 .text.ADC_GetCalibrationStatus
                0x00000000       0x10 ./build/Debug/.obj/hal/STM32F10x_StdPeriph_Driver/src/stm32f10x_adc.o
 .text.ADC_SoftwareStartConvCmd
                0x00000000       0x16 ./build/Debug/.obj/hal/STM32F10x_StdPeriph_Driver/src/stm32f10x_adc.o
 .text.ADC_GetSoftwareStartConvStatus
                0x00000000       0x10 ./build/Debug/.obj/hal/STM32F10x_StdPeriph_Driver/src/stm32f10x_adc.o
 .text.ADC_DiscModeChannelCountConfig
                0x00000000       0x10 ./build/Debug/.obj/hal/STM32F10x_StdPeriph_Driver/src/stm32f10x_adc.o
 .text.ADC_DiscModeCmd
                0x00000000       0x16 ./build/Debug/.obj/hal/STM32F10x_StdPeriph_Driver/src/stm32f10x_adc.o
 .text.ADC_RegularChannelConfig
                0x00000000       0x98 ./build/Debug/.obj/hal/STM32F10x_StdPeriph_Driver/src/stm32f10x_adc.o
 .text.ADC_ExternalTrigConvCmd
                0x00000000       0x16 ./build/Debug/.obj/hal/STM32F10x_StdPeriph_Driver/src/stm32f10x_adc.o
 .text.ADC_GetConversionValue
                0x00000000        0x6 ./build/Debug/.obj/hal/STM32F10x_StdPeriph_Driver/src/stm32f10x_adc.o
 .text.ADC_GetDualModeConversionValue
                0x00000000        0xc ./build/Debug/.obj/hal/STM32F10x_StdPeriph_Driver/src/stm32f10x_adc.o
 .text.ADC_AutoInjectedConvCmd
                0x00000000       0x16 ./build/Debug/.obj/hal/STM32F10x_StdPeriph_Driver/src/stm32f10x_adc.o
 .text.ADC_InjectedDiscModeCmd
                0x00000000       0x16 ./build/Debug/.obj/hal/STM32F10x_StdPeriph_Driver/src/stm32f10x_adc.o
 .text.ADC_ExternalTrigInjectedConvConfig
                0x00000000        0xc ./build/Debug/.obj/hal/STM32F10x_StdPeriph_Driver/src/stm32f10x_adc.o
 .text.ADC_ExternalTrigInjectedConvCmd
                0x00000000       0x16 ./build/Debug/.obj/hal/STM32F10x_StdPeriph_Driver/src/stm32f10x_adc.o
 .text.ADC_SoftwareStartInjectedConvCmd
                0x00000000       0x16 ./build/Debug/.obj/hal/STM32F10x_StdPeriph_Driver/src/stm32f10x_adc.o
 .text.ADC_GetSoftwareStartInjectedConvCmdStatus
                0x00000000       0x10 ./build/Debug/.obj/hal/STM32F10x_StdPeriph_Driver/src/stm32f10x_adc.o
 .text.ADC_InjectedChannelConfig
                0x00000000       0x62 ./build/Debug/.obj/hal/STM32F10x_StdPeriph_Driver/src/stm32f10x_adc.o
 .text.ADC_InjectedSequencerLengthConfig
                0x00000000       0x10 ./build/Debug/.obj/hal/STM32F10x_StdPeriph_Driver/src/stm32f10x_adc.o
 .text.ADC_SetInjectedOffset
                0x00000000       0x16 ./build/Debug/.obj/hal/STM32F10x_StdPeriph_Driver/src/stm32f10x_adc.o
 .text.ADC_GetInjectedConversionValue
                0x00000000       0x1a ./build/Debug/.obj/hal/STM32F10x_StdPeriph_Driver/src/stm32f10x_adc.o
 .text.ADC_AnalogWatchdogCmd
                0x00000000       0x10 ./build/Debug/.obj/hal/STM32F10x_StdPeriph_Driver/src/stm32f10x_adc.o
 .text.ADC_AnalogWatchdogThresholdsConfig
                0x00000000        0x6 ./build/Debug/.obj/hal/STM32F10x_StdPeriph_Driver/src/stm32f10x_adc.o
 .text.ADC_AnalogWatchdogSingleChannelConfig
                0x00000000        0xc ./build/Debug/.obj/hal/STM32F10x_StdPeriph_Driver/src/stm32f10x_adc.o
 .text.ADC_TempSensorVrefintCmd
                0x00000000       0x20 ./build/Debug/.obj/hal/STM32F10x_StdPeriph_Driver/src/stm32f10x_adc.o
 .text.ADC_GetFlagStatus
                0x00000000        0xe ./build/Debug/.obj/hal/STM32F10x_StdPeriph_Driver/src/stm32f10x_adc.o
 .text.ADC_ClearFlag
                0x00000000        0x6 ./build/Debug/.obj/hal/STM32F10x_StdPeriph_Driver/src/stm32f10x_adc.o
 .text.ADC_GetITStatus
                0x00000000       0x1c ./build/Debug/.obj/hal/STM32F10x_StdPeriph_Driver/src/stm32f10x_adc.o
 .text.ADC_ClearITPendingBit
                0x00000000        0x8 ./build/Debug/.obj/hal/STM32F10x_StdPeriph_Driver/src/stm32f10x_adc.o
 .debug_info    0x00000000      0xd5c ./build/Debug/.obj/hal/STM32F10x_StdPeriph_Driver/src/stm32f10x_adc.o
 .debug_abbrev  0x00000000      0x1fa ./build/Debug/.obj/hal/STM32F10x_StdPeriph_Driver/src/stm32f10x_adc.o
 .debug_loc     0x00000000      0xa91 ./build/Debug/.obj/hal/STM32F10x_StdPeriph_Driver/src/stm32f10x_adc.o
 .debug_aranges
                0x00000000      0x138 ./build/Debug/.obj/hal/STM32F10x_StdPeriph_Driver/src/stm32f10x_adc.o
 .debug_ranges  0x00000000      0x128 ./build/Debug/.obj/hal/STM32F10x_StdPeriph_Driver/src/stm32f10x_adc.o
 .debug_line    0x00000000      0xa5d ./build/Debug/.obj/hal/STM32F10x_StdPeriph_Driver/src/stm32f10x_adc.o
 .debug_str     0x00000000      0x715 ./build/Debug/.obj/hal/STM32F10x_StdPeriph_Driver/src/stm32f10x_adc.o
 .comment       0x00000000       0x4e ./build/Debug/.obj/hal/STM32F10x_StdPeriph_Driver/src/stm32f10x_adc.o
 .debug_frame   0x00000000      0x28c ./build/Debug/.obj/hal/STM32F10x_StdPeriph_Driver/src/stm32f10x_adc.o
 .ARM.attributes
                0x00000000       0x2d ./build/Debug/.obj/hal/STM32F10x_StdPeriph_Driver/src/stm32f10x_adc.o
 .text          0x00000000        0x0 ./build/Debug/.obj/hal/STM32F10x_StdPeriph_Driver/src/stm32f10x_exti.o
 .data          0x00000000        0x0 ./build/Debug/.obj/hal/STM32F10x_StdPeriph_Driver/src/stm32f10x_exti.o
 .bss           0x00000000        0x0 ./build/Debug/.obj/hal/STM32F10x_StdPeriph_Driver/src/stm32f10x_exti.o
 .text.EXTI_DeInit
                0x00000000       0x1c ./build/Debug/.obj/hal/STM32F10x_StdPeriph_Driver/src/stm32f10x_exti.o
 .text.EXTI_StructInit
                0x00000000        0xe ./build/Debug/.obj/hal/STM32F10x_StdPeriph_Driver/src/stm32f10x_exti.o
 .text.EXTI_GenerateSWInterrupt
                0x00000000       0x10 ./build/Debug/.obj/hal/STM32F10x_StdPeriph_Driver/src/stm32f10x_exti.o
 .text.EXTI_GetFlagStatus
                0x00000000       0x14 ./build/Debug/.obj/hal/STM32F10x_StdPeriph_Driver/src/stm32f10x_exti.o
 .text.EXTI_ClearFlag
                0x00000000        0xc ./build/Debug/.obj/hal/STM32F10x_StdPeriph_Driver/src/stm32f10x_exti.o
 .text          0x00000000        0x0 ./build/Debug/.obj/hal/STM32F10x_StdPeriph_Driver/src/stm32f10x_gpio.o
 .data          0x00000000        0x0 ./build/Debug/.obj/hal/STM32F10x_StdPeriph_Driver/src/stm32f10x_gpio.o
 .bss           0x00000000        0x0 ./build/Debug/.obj/hal/STM32F10x_StdPeriph_Driver/src/stm32f10x_gpio.o
 .text.GPIO_DeInit
                0x00000000       0xcc ./build/Debug/.obj/hal/STM32F10x_StdPeriph_Driver/src/stm32f10x_gpio.o
 .text.GPIO_AFIODeInit
                0x00000000       0x14 ./build/Debug/.obj/hal/STM32F10x_StdPeriph_Driver/src/stm32f10x_gpio.o
 .text.GPIO_StructInit
                0x00000000       0x10 ./build/Debug/.obj/hal/STM32F10x_StdPeriph_Driver/src/stm32f10x_gpio.o
 .text.GPIO_ReadInputData
                0x00000000        0x6 ./build/Debug/.obj/hal/STM32F10x_StdPeriph_Driver/src/stm32f10x_gpio.o
 .text.GPIO_ReadOutputDataBit
                0x00000000        0xe ./build/Debug/.obj/hal/STM32F10x_StdPeriph_Driver/src/stm32f10x_gpio.o
 .text.GPIO_ReadOutputData
                0x00000000        0x6 ./build/Debug/.obj/hal/STM32F10x_StdPeriph_Driver/src/stm32f10x_gpio.o
 .text.GPIO_SetBits
                0x00000000        0x4 ./build/Debug/.obj/hal/STM32F10x_StdPeriph_Driver/src/stm32f10x_gpio.o
 .text.GPIO_ResetBits
                0x00000000        0x4 ./build/Debug/.obj/hal/STM32F10x_StdPeriph_Driver/src/stm32f10x_gpio.o
 .text.GPIO_Write
                0x00000000        0x4 ./build/Debug/.obj/hal/STM32F10x_StdPeriph_Driver/src/stm32f10x_gpio.o
 .text.GPIO_PinLockConfig
                0x00000000       0x10 ./build/Debug/.obj/hal/STM32F10x_StdPeriph_Driver/src/stm32f10x_gpio.o
 .text.GPIO_EventOutputConfig
                0x00000000       0x1c ./build/Debug/.obj/hal/STM32F10x_StdPeriph_Driver/src/stm32f10x_gpio.o
 .text.GPIO_EventOutputCmd
                0x00000000        0xc ./build/Debug/.obj/hal/STM32F10x_StdPeriph_Driver/src/stm32f10x_gpio.o
 .text.GPIO_PinRemapConfig
                0x00000000       0x7c ./build/Debug/.obj/hal/STM32F10x_StdPeriph_Driver/src/stm32f10x_gpio.o
 .text.GPIO_ETH_MediaInterfaceConfig
                0x00000000        0xc ./build/Debug/.obj/hal/STM32F10x_StdPeriph_Driver/src/stm32f10x_gpio.o
 .text          0x00000000        0x0 ./build/Debug/.obj/hal/STM32F10x_StdPeriph_Driver/src/stm32f10x_rcc.o
 .data          0x00000000        0x0 ./build/Debug/.obj/hal/STM32F10x_StdPeriph_Driver/src/stm32f10x_rcc.o
 .bss           0x00000000        0x0 ./build/Debug/.obj/hal/STM32F10x_StdPeriph_Driver/src/stm32f10x_rcc.o
 .text.RCC_DeInit
                0x00000000       0x40 ./build/Debug/.obj/hal/STM32F10x_StdPeriph_Driver/src/stm32f10x_rcc.o
 .text.RCC_HSEConfig
                0x00000000       0x3c ./build/Debug/.obj/hal/STM32F10x_StdPeriph_Driver/src/stm32f10x_rcc.o
 .text.RCC_AdjustHSICalibrationValue
                0x00000000       0x14 ./build/Debug/.obj/hal/STM32F10x_StdPeriph_Driver/src/stm32f10x_rcc.o
 .text.RCC_HSICmd
                0x00000000        0xc ./build/Debug/.obj/hal/STM32F10x_StdPeriph_Driver/src/stm32f10x_rcc.o
 .text.RCC_PLLConfig
                0x00000000       0x14 ./build/Debug/.obj/hal/STM32F10x_StdPeriph_Driver/src/stm32f10x_rcc.o
 .text.RCC_PLLCmd
                0x00000000        0xc ./build/Debug/.obj/hal/STM32F10x_StdPeriph_Driver/src/stm32f10x_rcc.o
 .text.RCC_SYSCLKConfig
                0x00000000       0x14 ./build/Debug/.obj/hal/STM32F10x_StdPeriph_Driver/src/stm32f10x_rcc.o
 .text.RCC_GetSYSCLKSource
                0x00000000       0x10 ./build/Debug/.obj/hal/STM32F10x_StdPeriph_Driver/src/stm32f10x_rcc.o
 .text.RCC_HCLKConfig
                0x00000000       0x14 ./build/Debug/.obj/hal/STM32F10x_StdPeriph_Driver/src/stm32f10x_rcc.o
 .text.RCC_PCLK1Config
                0x00000000       0x14 ./build/Debug/.obj/hal/STM32F10x_StdPeriph_Driver/src/stm32f10x_rcc.o
 .text.RCC_PCLK2Config
                0x00000000       0x14 ./build/Debug/.obj/hal/STM32F10x_StdPeriph_Driver/src/stm32f10x_rcc.o
 .text.RCC_ITConfig
                0x00000000       0x1c ./build/Debug/.obj/hal/STM32F10x_StdPeriph_Driver/src/stm32f10x_rcc.o
 .text.RCC_USBCLKConfig
                0x00000000        0xc ./build/Debug/.obj/hal/STM32F10x_StdPeriph_Driver/src/stm32f10x_rcc.o
 .text.RCC_ADCCLKConfig
                0x00000000       0x14 ./build/Debug/.obj/hal/STM32F10x_StdPeriph_Driver/src/stm32f10x_rcc.o
 .text.RCC_LSEConfig
                0x00000000       0x30 ./build/Debug/.obj/hal/STM32F10x_StdPeriph_Driver/src/stm32f10x_rcc.o
 .text.RCC_LSICmd
                0x00000000        0xc ./build/Debug/.obj/hal/STM32F10x_StdPeriph_Driver/src/stm32f10x_rcc.o
 .text.RCC_RTCCLKConfig
                0x00000000       0x10 ./build/Debug/.obj/hal/STM32F10x_StdPeriph_Driver/src/stm32f10x_rcc.o
 .text.RCC_RTCCLKCmd
                0x00000000        0xc ./build/Debug/.obj/hal/STM32F10x_StdPeriph_Driver/src/stm32f10x_rcc.o
 .text.RCC_GetClocksFreq
                0x00000000       0xbc ./build/Debug/.obj/hal/STM32F10x_StdPeriph_Driver/src/stm32f10x_rcc.o
 .text.RCC_AHBPeriphClockCmd
                0x00000000       0x1c ./build/Debug/.obj/hal/STM32F10x_StdPeriph_Driver/src/stm32f10x_rcc.o
 .text.RCC_APB1PeriphClockCmd
                0x00000000       0x1c ./build/Debug/.obj/hal/STM32F10x_StdPeriph_Driver/src/stm32f10x_rcc.o
 .text.RCC_APB2PeriphResetCmd
                0x00000000       0x1c ./build/Debug/.obj/hal/STM32F10x_StdPeriph_Driver/src/stm32f10x_rcc.o
 .text.RCC_APB1PeriphResetCmd
                0x00000000       0x1c ./build/Debug/.obj/hal/STM32F10x_StdPeriph_Driver/src/stm32f10x_rcc.o
 .text.RCC_BackupResetCmd
                0x00000000        0xc ./build/Debug/.obj/hal/STM32F10x_StdPeriph_Driver/src/stm32f10x_rcc.o
 .text.RCC_ClockSecuritySystemCmd
                0x00000000        0xc ./build/Debug/.obj/hal/STM32F10x_StdPeriph_Driver/src/stm32f10x_rcc.o
 .text.RCC_MCOConfig
                0x00000000        0xc ./build/Debug/.obj/hal/STM32F10x_StdPeriph_Driver/src/stm32f10x_rcc.o
 .text.RCC_GetFlagStatus
                0x00000000       0x34 ./build/Debug/.obj/hal/STM32F10x_StdPeriph_Driver/src/stm32f10x_rcc.o
 .text.RCC_WaitForHSEStartUp
                0x00000000       0x30 ./build/Debug/.obj/hal/STM32F10x_StdPeriph_Driver/src/stm32f10x_rcc.o
 .text.RCC_ClearFlag
                0x00000000       0x10 ./build/Debug/.obj/hal/STM32F10x_StdPeriph_Driver/src/stm32f10x_rcc.o
 .text.RCC_GetITStatus
                0x00000000       0x14 ./build/Debug/.obj/hal/STM32F10x_StdPeriph_Driver/src/stm32f10x_rcc.o
 .text.RCC_ClearITPendingBit
                0x00000000        0xc ./build/Debug/.obj/hal/STM32F10x_StdPeriph_Driver/src/stm32f10x_rcc.o
 .data.ADCPrescTable
                0x00000000        0x4 ./build/Debug/.obj/hal/STM32F10x_StdPeriph_Driver/src/stm32f10x_rcc.o
 .data.APBAHBPrescTable
                0x00000000       0x10 ./build/Debug/.obj/hal/STM32F10x_StdPeriph_Driver/src/stm32f10x_rcc.o
 .text          0x00000000        0x0 ./build/Debug/.obj/hal/STM32F10x_StdPeriph_Driver/src/stm32f10x_spi.o
 .data          0x00000000        0x0 ./build/Debug/.obj/hal/STM32F10x_StdPeriph_Driver/src/stm32f10x_spi.o
 .bss           0x00000000        0x0 ./build/Debug/.obj/hal/STM32F10x_StdPeriph_Driver/src/stm32f10x_spi.o
 .text.SPI_I2S_DeInit
                0x00000000       0x64 ./build/Debug/.obj/hal/STM32F10x_StdPeriph_Driver/src/stm32f10x_spi.o
 .text.SPI_Init
                0x00000000       0x4e ./build/Debug/.obj/hal/STM32F10x_StdPeriph_Driver/src/stm32f10x_spi.o
 .text.I2S_Init
                0x00000000       0xb8 ./build/Debug/.obj/hal/STM32F10x_StdPeriph_Driver/src/stm32f10x_spi.o
 .text.SPI_StructInit
                0x00000000       0x18 ./build/Debug/.obj/hal/STM32F10x_StdPeriph_Driver/src/stm32f10x_spi.o
 .text.I2S_StructInit
                0x00000000       0x12 ./build/Debug/.obj/hal/STM32F10x_StdPeriph_Driver/src/stm32f10x_spi.o
 .text.SPI_Cmd  0x00000000       0x1c ./build/Debug/.obj/hal/STM32F10x_StdPeriph_Driver/src/stm32f10x_spi.o
 .text.I2S_Cmd  0x00000000       0x1c ./build/Debug/.obj/hal/STM32F10x_StdPeriph_Driver/src/stm32f10x_spi.o
 .text.SPI_I2S_ITConfig
                0x00000000       0x20 ./build/Debug/.obj/hal/STM32F10x_StdPeriph_Driver/src/stm32f10x_spi.o
 .text.SPI_I2S_DMACmd
                0x00000000       0x18 ./build/Debug/.obj/hal/STM32F10x_StdPeriph_Driver/src/stm32f10x_spi.o
 .text.SPI_I2S_SendData
                0x00000000        0x4 ./build/Debug/.obj/hal/STM32F10x_StdPeriph_Driver/src/stm32f10x_spi.o
 .text.SPI_I2S_ReceiveData
                0x00000000        0x6 ./build/Debug/.obj/hal/STM32F10x_StdPeriph_Driver/src/stm32f10x_spi.o
 .text.SPI_NSSInternalSoftwareConfig
                0x00000000       0x22 ./build/Debug/.obj/hal/STM32F10x_StdPeriph_Driver/src/stm32f10x_spi.o
 .text.SPI_SSOutputCmd
                0x00000000       0x1c ./build/Debug/.obj/hal/STM32F10x_StdPeriph_Driver/src/stm32f10x_spi.o
 .text.SPI_DataSizeConfig
                0x00000000       0x16 ./build/Debug/.obj/hal/STM32F10x_StdPeriph_Driver/src/stm32f10x_spi.o
 .text.SPI_TransmitCRC
                0x00000000        0xc ./build/Debug/.obj/hal/STM32F10x_StdPeriph_Driver/src/stm32f10x_spi.o
 .text.SPI_CalculateCRC
                0x00000000       0x1c ./build/Debug/.obj/hal/STM32F10x_StdPeriph_Driver/src/stm32f10x_spi.o
 .text.SPI_GetCRC
                0x00000000       0x10 ./build/Debug/.obj/hal/STM32F10x_StdPeriph_Driver/src/stm32f10x_spi.o
 .text.SPI_GetCRCPolynomial
                0x00000000        0x6 ./build/Debug/.obj/hal/STM32F10x_StdPeriph_Driver/src/stm32f10x_spi.o
 .text.SPI_BiDirectionalLineConfig
                0x00000000       0x20 ./build/Debug/.obj/hal/STM32F10x_StdPeriph_Driver/src/stm32f10x_spi.o
 .text.SPI_I2S_GetFlagStatus
                0x00000000        0xe ./build/Debug/.obj/hal/STM32F10x_StdPeriph_Driver/src/stm32f10x_spi.o
 .text.SPI_I2S_ClearFlag
                0x00000000        0x8 ./build/Debug/.obj/hal/STM32F10x_StdPeriph_Driver/src/stm32f10x_spi.o
 .text.SPI_I2S_GetITStatus
                0x00000000       0x2c ./build/Debug/.obj/hal/STM32F10x_StdPeriph_Driver/src/stm32f10x_spi.o
 .text.SPI_I2S_ClearITPendingBit
                0x00000000       0x12 ./build/Debug/.obj/hal/STM32F10x_StdPeriph_Driver/src/stm32f10x_spi.o
 .debug_info    0x00000000      0xaa1 ./build/Debug/.obj/hal/STM32F10x_StdPeriph_Driver/src/stm32f10x_spi.o
 .debug_abbrev  0x00000000      0x1f2 ./build/Debug/.obj/hal/STM32F10x_StdPeriph_Driver/src/stm32f10x_spi.o
 .debug_loc     0x00000000      0x6e3 ./build/Debug/.obj/hal/STM32F10x_StdPeriph_Driver/src/stm32f10x_spi.o
 .debug_aranges
                0x00000000       0xd0 ./build/Debug/.obj/hal/STM32F10x_StdPeriph_Driver/src/stm32f10x_spi.o
 .debug_ranges  0x00000000       0xc0 ./build/Debug/.obj/hal/STM32F10x_StdPeriph_Driver/src/stm32f10x_spi.o
 .debug_line    0x00000000      0x725 ./build/Debug/.obj/hal/STM32F10x_StdPeriph_Driver/src/stm32f10x_spi.o
 .debug_str     0x00000000      0x640 ./build/Debug/.obj/hal/STM32F10x_StdPeriph_Driver/src/stm32f10x_spi.o
 .comment       0x00000000       0x4e ./build/Debug/.obj/hal/STM32F10x_StdPeriph_Driver/src/stm32f10x_spi.o
 .debug_frame   0x00000000      0x1b0 ./build/Debug/.obj/hal/STM32F10x_StdPeriph_Driver/src/stm32f10x_spi.o
 .ARM.attributes
                0x00000000       0x2d ./build/Debug/.obj/hal/STM32F10x_StdPeriph_Driver/src/stm32f10x_spi.o
 .text          0x00000000        0x0 ./build/Debug/.obj/hal/STM32F10x_StdPeriph_Driver/src/stm32f10x_tim.o
 .data          0x00000000        0x0 ./build/Debug/.obj/hal/STM32F10x_StdPeriph_Driver/src/stm32f10x_tim.o
 .bss           0x00000000        0x0 ./build/Debug/.obj/hal/STM32F10x_StdPeriph_Driver/src/stm32f10x_tim.o
 .text.TI1_Config
                0x00000000       0x88 ./build/Debug/.obj/hal/STM32F10x_StdPeriph_Driver/src/stm32f10x_tim.o
 .text.TI2_Config
                0x00000000       0x94 ./build/Debug/.obj/hal/STM32F10x_StdPeriph_Driver/src/stm32f10x_tim.o
 .text.TI3_Config
                0x00000000       0x84 ./build/Debug/.obj/hal/STM32F10x_StdPeriph_Driver/src/stm32f10x_tim.o
 .text.TI4_Config
                0x00000000       0x98 ./build/Debug/.obj/hal/STM32F10x_StdPeriph_Driver/src/stm32f10x_tim.o
 .text.TIM_DeInit
                0x00000000      0x20c ./build/Debug/.obj/hal/STM32F10x_StdPeriph_Driver/src/stm32f10x_tim.o
 .text.TIM_TimeBaseInit
                0x00000000       0x94 ./build/Debug/.obj/hal/STM32F10x_StdPeriph_Driver/src/stm32f10x_tim.o
 .text.TIM_OC1Init
                0x00000000       0x8c ./build/Debug/.obj/hal/STM32F10x_StdPeriph_Driver/src/stm32f10x_tim.o
 .text.TIM_OC2Init
                0x00000000       0x98 ./build/Debug/.obj/hal/STM32F10x_StdPeriph_Driver/src/stm32f10x_tim.o
 .text.TIM_OC3Init
                0x00000000       0x94 ./build/Debug/.obj/hal/STM32F10x_StdPeriph_Driver/src/stm32f10x_tim.o
 .text.TIM_OC4Init
                0x00000000       0x80 ./build/Debug/.obj/hal/STM32F10x_StdPeriph_Driver/src/stm32f10x_tim.o
 .text.TIM_BDTRConfig
                0x00000000       0x2c ./build/Debug/.obj/hal/STM32F10x_StdPeriph_Driver/src/stm32f10x_tim.o
 .text.TIM_TimeBaseStructInit
                0x00000000       0x12 ./build/Debug/.obj/hal/STM32F10x_StdPeriph_Driver/src/stm32f10x_tim.o
 .text.TIM_OCStructInit
                0x00000000       0x14 ./build/Debug/.obj/hal/STM32F10x_StdPeriph_Driver/src/stm32f10x_tim.o
 .text.TIM_ICStructInit
                0x00000000       0x10 ./build/Debug/.obj/hal/STM32F10x_StdPeriph_Driver/src/stm32f10x_tim.o
 .text.TIM_BDTRStructInit
                0x00000000       0x12 ./build/Debug/.obj/hal/STM32F10x_StdPeriph_Driver/src/stm32f10x_tim.o
 .text.TIM_Cmd  0x00000000       0x1c ./build/Debug/.obj/hal/STM32F10x_StdPeriph_Driver/src/stm32f10x_tim.o
 .text.TIM_CtrlPWMOutputs
                0x00000000       0x24 ./build/Debug/.obj/hal/STM32F10x_StdPeriph_Driver/src/stm32f10x_tim.o
 .text.TIM_ITConfig
                0x00000000       0x18 ./build/Debug/.obj/hal/STM32F10x_StdPeriph_Driver/src/stm32f10x_tim.o
 .text.TIM_GenerateEvent
                0x00000000        0x4 ./build/Debug/.obj/hal/STM32F10x_StdPeriph_Driver/src/stm32f10x_tim.o
 .text.TIM_DMAConfig
                0x00000000        0x8 ./build/Debug/.obj/hal/STM32F10x_StdPeriph_Driver/src/stm32f10x_tim.o
 .text.TIM_DMACmd
                0x00000000       0x18 ./build/Debug/.obj/hal/STM32F10x_StdPeriph_Driver/src/stm32f10x_tim.o
 .text.TIM_InternalClockConfig
                0x00000000        0xe ./build/Debug/.obj/hal/STM32F10x_StdPeriph_Driver/src/stm32f10x_tim.o
 .text.TIM_ETRConfig
                0x00000000       0x18 ./build/Debug/.obj/hal/STM32F10x_StdPeriph_Driver/src/stm32f10x_tim.o
 .text.TIM_ETRClockMode1Config
                0x00000000       0x14 ./build/Debug/.obj/hal/STM32F10x_StdPeriph_Driver/src/stm32f10x_tim.o
 .text.TIM_ETRClockMode2Config
                0x00000000       0x14 ./build/Debug/.obj/hal/STM32F10x_StdPeriph_Driver/src/stm32f10x_tim.o
 .text.TIM_PrescalerConfig
                0x00000000        0x6 ./build/Debug/.obj/hal/STM32F10x_StdPeriph_Driver/src/stm32f10x_tim.o
 .text.TIM_CounterModeConfig
                0x00000000        0xe ./build/Debug/.obj/hal/STM32F10x_StdPeriph_Driver/src/stm32f10x_tim.o
 .text.TIM_SelectInputTrigger
                0x00000000        0xe ./build/Debug/.obj/hal/STM32F10x_StdPeriph_Driver/src/stm32f10x_tim.o
 .text.TIM_ITRxExternalClockConfig
                0x00000000       0x14 ./build/Debug/.obj/hal/STM32F10x_StdPeriph_Driver/src/stm32f10x_tim.o
 .text.TIM_TIxExternalClockConfig
                0x00000000       0x2e ./build/Debug/.obj/hal/STM32F10x_StdPeriph_Driver/src/stm32f10x_tim.o
 .text.TIM_EncoderInterfaceConfig
                0x00000000       0x46 ./build/Debug/.obj/hal/STM32F10x_StdPeriph_Driver/src/stm32f10x_tim.o
 .text.TIM_ForcedOC1Config
                0x00000000        0xe ./build/Debug/.obj/hal/STM32F10x_StdPeriph_Driver/src/stm32f10x_tim.o
 .text.TIM_ForcedOC2Config
                0x00000000       0x12 ./build/Debug/.obj/hal/STM32F10x_StdPeriph_Driver/src/stm32f10x_tim.o
 .text.TIM_ForcedOC3Config
                0x00000000        0xe ./build/Debug/.obj/hal/STM32F10x_StdPeriph_Driver/src/stm32f10x_tim.o
 .text.TIM_ForcedOC4Config
                0x00000000       0x12 ./build/Debug/.obj/hal/STM32F10x_StdPeriph_Driver/src/stm32f10x_tim.o
 .text.TIM_ARRPreloadConfig
                0x00000000       0x1c ./build/Debug/.obj/hal/STM32F10x_StdPeriph_Driver/src/stm32f10x_tim.o
 .text.TIM_SelectCOM
                0x00000000       0x1c ./build/Debug/.obj/hal/STM32F10x_StdPeriph_Driver/src/stm32f10x_tim.o
 .text.TIM_SelectCCDMA
                0x00000000       0x1c ./build/Debug/.obj/hal/STM32F10x_StdPeriph_Driver/src/stm32f10x_tim.o
 .text.TIM_CCPreloadControl
                0x00000000       0x1c ./build/Debug/.obj/hal/STM32F10x_StdPeriph_Driver/src/stm32f10x_tim.o
 .text.TIM_OC1PreloadConfig
                0x00000000        0xe ./build/Debug/.obj/hal/STM32F10x_StdPeriph_Driver/src/stm32f10x_tim.o
 .text.TIM_OC2PreloadConfig
                0x00000000       0x12 ./build/Debug/.obj/hal/STM32F10x_StdPeriph_Driver/src/stm32f10x_tim.o
 .text.TIM_OC3PreloadConfig
                0x00000000        0xe ./build/Debug/.obj/hal/STM32F10x_StdPeriph_Driver/src/stm32f10x_tim.o
 .text.TIM_OC4PreloadConfig
                0x00000000       0x12 ./build/Debug/.obj/hal/STM32F10x_StdPeriph_Driver/src/stm32f10x_tim.o
 .text.TIM_OC1FastConfig
                0x00000000        0xe ./build/Debug/.obj/hal/STM32F10x_StdPeriph_Driver/src/stm32f10x_tim.o
 .text.TIM_OC2FastConfig
                0x00000000       0x12 ./build/Debug/.obj/hal/STM32F10x_StdPeriph_Driver/src/stm32f10x_tim.o
 .text.TIM_OC3FastConfig
                0x00000000        0xe ./build/Debug/.obj/hal/STM32F10x_StdPeriph_Driver/src/stm32f10x_tim.o
 .text.TIM_OC4FastConfig
                0x00000000       0x12 ./build/Debug/.obj/hal/STM32F10x_StdPeriph_Driver/src/stm32f10x_tim.o
 .text.TIM_ClearOC1Ref
                0x00000000        0xe ./build/Debug/.obj/hal/STM32F10x_StdPeriph_Driver/src/stm32f10x_tim.o
 .text.TIM_ClearOC2Ref
                0x00000000       0x10 ./build/Debug/.obj/hal/STM32F10x_StdPeriph_Driver/src/stm32f10x_tim.o
 .text.TIM_ClearOC3Ref
                0x00000000        0xe ./build/Debug/.obj/hal/STM32F10x_StdPeriph_Driver/src/stm32f10x_tim.o
 .text.TIM_ClearOC4Ref
                0x00000000       0x10 ./build/Debug/.obj/hal/STM32F10x_StdPeriph_Driver/src/stm32f10x_tim.o
 .text.TIM_OC1PolarityConfig
                0x00000000        0xe ./build/Debug/.obj/hal/STM32F10x_StdPeriph_Driver/src/stm32f10x_tim.o
 .text.TIM_OC1NPolarityConfig
                0x00000000        0xe ./build/Debug/.obj/hal/STM32F10x_StdPeriph_Driver/src/stm32f10x_tim.o
 .text.TIM_OC2PolarityConfig
                0x00000000       0x12 ./build/Debug/.obj/hal/STM32F10x_StdPeriph_Driver/src/stm32f10x_tim.o
 .text.TIM_OC2NPolarityConfig
                0x00000000       0x12 ./build/Debug/.obj/hal/STM32F10x_StdPeriph_Driver/src/stm32f10x_tim.o
 .text.TIM_OC3PolarityConfig
                0x00000000       0x12 ./build/Debug/.obj/hal/STM32F10x_StdPeriph_Driver/src/stm32f10x_tim.o
 .text.TIM_OC3NPolarityConfig
                0x00000000       0x12 ./build/Debug/.obj/hal/STM32F10x_StdPeriph_Driver/src/stm32f10x_tim.o
 .text.TIM_OC4PolarityConfig
                0x00000000       0x12 ./build/Debug/.obj/hal/STM32F10x_StdPeriph_Driver/src/stm32f10x_tim.o
 .text.TIM_CCxCmd
                0x00000000       0x22 ./build/Debug/.obj/hal/STM32F10x_StdPeriph_Driver/src/stm32f10x_tim.o
 .text.TIM_CCxNCmd
                0x00000000       0x22 ./build/Debug/.obj/hal/STM32F10x_StdPeriph_Driver/src/stm32f10x_tim.o
 .text.TIM_SelectOCxM
                0x00000000       0x5e ./build/Debug/.obj/hal/STM32F10x_StdPeriph_Driver/src/stm32f10x_tim.o
 .text.TIM_UpdateDisableConfig
                0x00000000       0x1c ./build/Debug/.obj/hal/STM32F10x_StdPeriph_Driver/src/stm32f10x_tim.o
 .text.TIM_UpdateRequestConfig
                0x00000000       0x1c ./build/Debug/.obj/hal/STM32F10x_StdPeriph_Driver/src/stm32f10x_tim.o
 .text.TIM_SelectHallSensor
                0x00000000       0x1c ./build/Debug/.obj/hal/STM32F10x_StdPeriph_Driver/src/stm32f10x_tim.o
 .text.TIM_SelectOnePulseMode
                0x00000000       0x16 ./build/Debug/.obj/hal/STM32F10x_StdPeriph_Driver/src/stm32f10x_tim.o
 .text.TIM_SelectOutputTrigger
                0x00000000       0x16 ./build/Debug/.obj/hal/STM32F10x_StdPeriph_Driver/src/stm32f10x_tim.o
 .text.TIM_SelectSlaveMode
                0x00000000       0x16 ./build/Debug/.obj/hal/STM32F10x_StdPeriph_Driver/src/stm32f10x_tim.o
 .text.TIM_SelectMasterSlaveMode
                0x00000000       0x16 ./build/Debug/.obj/hal/STM32F10x_StdPeriph_Driver/src/stm32f10x_tim.o
 .text.TIM_SetCounter
                0x00000000        0x4 ./build/Debug/.obj/hal/STM32F10x_StdPeriph_Driver/src/stm32f10x_tim.o
 .text.TIM_SetAutoreload
                0x00000000        0x4 ./build/Debug/.obj/hal/STM32F10x_StdPeriph_Driver/src/stm32f10x_tim.o
 .text.TIM_SetCompare1
                0x00000000        0x4 ./build/Debug/.obj/hal/STM32F10x_StdPeriph_Driver/src/stm32f10x_tim.o
 .text.TIM_SetCompare2
                0x00000000        0x4 ./build/Debug/.obj/hal/STM32F10x_StdPeriph_Driver/src/stm32f10x_tim.o
 .text.TIM_SetCompare3
                0x00000000        0x4 ./build/Debug/.obj/hal/STM32F10x_StdPeriph_Driver/src/stm32f10x_tim.o
 .text.TIM_SetCompare4
                0x00000000        0x6 ./build/Debug/.obj/hal/STM32F10x_StdPeriph_Driver/src/stm32f10x_tim.o
 .text.TIM_SetIC1Prescaler
                0x00000000       0x16 ./build/Debug/.obj/hal/STM32F10x_StdPeriph_Driver/src/stm32f10x_tim.o
 .text.TIM_SetIC2Prescaler
                0x00000000       0x1a ./build/Debug/.obj/hal/STM32F10x_StdPeriph_Driver/src/stm32f10x_tim.o
 .text.TIM_PWMIConfig
                0x00000000       0x6c ./build/Debug/.obj/hal/STM32F10x_StdPeriph_Driver/src/stm32f10x_tim.o
 .text.TIM_SetIC3Prescaler
                0x00000000       0x16 ./build/Debug/.obj/hal/STM32F10x_StdPeriph_Driver/src/stm32f10x_tim.o
 .text.TIM_SetIC4Prescaler
                0x00000000       0x1a ./build/Debug/.obj/hal/STM32F10x_StdPeriph_Driver/src/stm32f10x_tim.o
 .text.TIM_ICInit
                0x00000000       0x62 ./build/Debug/.obj/hal/STM32F10x_StdPeriph_Driver/src/stm32f10x_tim.o
 .text.TIM_SetClockDivision
                0x00000000       0x16 ./build/Debug/.obj/hal/STM32F10x_StdPeriph_Driver/src/stm32f10x_tim.o
 .text.TIM_GetCapture1
                0x00000000        0x6 ./build/Debug/.obj/hal/STM32F10x_StdPeriph_Driver/src/stm32f10x_tim.o
 .text.TIM_GetCapture2
                0x00000000        0x6 ./build/Debug/.obj/hal/STM32F10x_StdPeriph_Driver/src/stm32f10x_tim.o
 .text.TIM_GetCapture3
                0x00000000        0x6 ./build/Debug/.obj/hal/STM32F10x_StdPeriph_Driver/src/stm32f10x_tim.o
 .text.TIM_GetCapture4
                0x00000000        0x8 ./build/Debug/.obj/hal/STM32F10x_StdPeriph_Driver/src/stm32f10x_tim.o
 .text.TIM_GetCounter
                0x00000000        0x6 ./build/Debug/.obj/hal/STM32F10x_StdPeriph_Driver/src/stm32f10x_tim.o
 .text.TIM_GetPrescaler
                0x00000000        0x6 ./build/Debug/.obj/hal/STM32F10x_StdPeriph_Driver/src/stm32f10x_tim.o
 .text.TIM_GetFlagStatus
                0x00000000        0xe ./build/Debug/.obj/hal/STM32F10x_StdPeriph_Driver/src/stm32f10x_tim.o
 .text.TIM_ClearFlag
                0x00000000        0x8 ./build/Debug/.obj/hal/STM32F10x_StdPeriph_Driver/src/stm32f10x_tim.o
 .text.TIM_GetITStatus
                0x00000000       0x18 ./build/Debug/.obj/hal/STM32F10x_StdPeriph_Driver/src/stm32f10x_tim.o
 .text.TIM_ClearITPendingBit
                0x00000000        0x8 ./build/Debug/.obj/hal/STM32F10x_StdPeriph_Driver/src/stm32f10x_tim.o
 .debug_info    0x00000000     0x2500 ./build/Debug/.obj/hal/STM32F10x_StdPeriph_Driver/src/stm32f10x_tim.o
 .debug_abbrev  0x00000000      0x206 ./build/Debug/.obj/hal/STM32F10x_StdPeriph_Driver/src/stm32f10x_tim.o
 .debug_loc     0x00000000     0x1a55 ./build/Debug/.obj/hal/STM32F10x_StdPeriph_Driver/src/stm32f10x_tim.o
 .debug_aranges
                0x00000000      0x2f0 ./build/Debug/.obj/hal/STM32F10x_StdPeriph_Driver/src/stm32f10x_tim.o
 .debug_ranges  0x00000000      0x2e0 ./build/Debug/.obj/hal/STM32F10x_StdPeriph_Driver/src/stm32f10x_tim.o
 .debug_line    0x00000000     0x1a16 ./build/Debug/.obj/hal/STM32F10x_StdPeriph_Driver/src/stm32f10x_tim.o
 .debug_str     0x00000000      0xe0e ./build/Debug/.obj/hal/STM32F10x_StdPeriph_Driver/src/stm32f10x_tim.o
 .comment       0x00000000       0x4e ./build/Debug/.obj/hal/STM32F10x_StdPeriph_Driver/src/stm32f10x_tim.o
 .debug_frame   0x00000000      0x66c ./build/Debug/.obj/hal/STM32F10x_StdPeriph_Driver/src/stm32f10x_tim.o
 .ARM.attributes
                0x00000000       0x2d ./build/Debug/.obj/hal/STM32F10x_StdPeriph_Driver/src/stm32f10x_tim.o
 .text          0x00000000        0x0 ./build/Debug/.obj/hal/STM32F10x_StdPeriph_Driver/src/stm32f10x_usart.o
 .data          0x00000000        0x0 ./build/Debug/.obj/hal/STM32F10x_StdPeriph_Driver/src/stm32f10x_usart.o
 .bss           0x00000000        0x0 ./build/Debug/.obj/hal/STM32F10x_StdPeriph_Driver/src/stm32f10x_usart.o
 .text.USART_DeInit
                0x00000000       0xa4 ./build/Debug/.obj/hal/STM32F10x_StdPeriph_Driver/src/stm32f10x_usart.o
 .text.USART_Init
                0x00000000       0xc4 ./build/Debug/.obj/hal/STM32F10x_StdPeriph_Driver/src/stm32f10x_usart.o
 .text.USART_StructInit
                0x00000000       0x16 ./build/Debug/.obj/hal/STM32F10x_StdPeriph_Driver/src/stm32f10x_usart.o
 .text.USART_ClockInit
                0x00000000       0x26 ./build/Debug/.obj/hal/STM32F10x_StdPeriph_Driver/src/stm32f10x_usart.o
 .text.USART_ClockStructInit
                0x00000000        0xc ./build/Debug/.obj/hal/STM32F10x_StdPeriph_Driver/src/stm32f10x_usart.o
 .text.USART_Cmd
                0x00000000       0x1c ./build/Debug/.obj/hal/STM32F10x_StdPeriph_Driver/src/stm32f10x_usart.o
 .text.USART_ITConfig
                0x00000000       0x36 ./build/Debug/.obj/hal/STM32F10x_StdPeriph_Driver/src/stm32f10x_usart.o
 .text.USART_DMACmd
                0x00000000       0x18 ./build/Debug/.obj/hal/STM32F10x_StdPeriph_Driver/src/stm32f10x_usart.o
 .text.USART_SetAddress
                0x00000000       0x16 ./build/Debug/.obj/hal/STM32F10x_StdPeriph_Driver/src/stm32f10x_usart.o
 .text.USART_WakeUpConfig
                0x00000000       0x16 ./build/Debug/.obj/hal/STM32F10x_StdPeriph_Driver/src/stm32f10x_usart.o
 .text.USART_ReceiverWakeUpCmd
                0x00000000       0x1c ./build/Debug/.obj/hal/STM32F10x_StdPeriph_Driver/src/stm32f10x_usart.o
 .text.USART_LINBreakDetectLengthConfig
                0x00000000       0x16 ./build/Debug/.obj/hal/STM32F10x_StdPeriph_Driver/src/stm32f10x_usart.o
 .text.USART_LINCmd
                0x00000000       0x1c ./build/Debug/.obj/hal/STM32F10x_StdPeriph_Driver/src/stm32f10x_usart.o
 .text.USART_SendData
                0x00000000        0x8 ./build/Debug/.obj/hal/STM32F10x_StdPeriph_Driver/src/stm32f10x_usart.o
 .text.USART_ReceiveData
                0x00000000        0x8 ./build/Debug/.obj/hal/STM32F10x_StdPeriph_Driver/src/stm32f10x_usart.o
 .text.USART_SendBreak
                0x00000000        0xc ./build/Debug/.obj/hal/STM32F10x_StdPeriph_Driver/src/stm32f10x_usart.o
 .text.USART_SetGuardTime
                0x00000000       0x12 ./build/Debug/.obj/hal/STM32F10x_StdPeriph_Driver/src/stm32f10x_usart.o
 .text.USART_SetPrescaler
                0x00000000       0x12 ./build/Debug/.obj/hal/STM32F10x_StdPeriph_Driver/src/stm32f10x_usart.o
 .text.USART_SmartCardCmd
                0x00000000       0x1c ./build/Debug/.obj/hal/STM32F10x_StdPeriph_Driver/src/stm32f10x_usart.o
 .text.USART_SmartCardNACKCmd
                0x00000000       0x1c ./build/Debug/.obj/hal/STM32F10x_StdPeriph_Driver/src/stm32f10x_usart.o
 .text.USART_HalfDuplexCmd
                0x00000000       0x1c ./build/Debug/.obj/hal/STM32F10x_StdPeriph_Driver/src/stm32f10x_usart.o
 .text.USART_OverSampling8Cmd
                0x00000000       0x1c ./build/Debug/.obj/hal/STM32F10x_StdPeriph_Driver/src/stm32f10x_usart.o
 .text.USART_OneBitMethodCmd
                0x00000000       0x1c ./build/Debug/.obj/hal/STM32F10x_StdPeriph_Driver/src/stm32f10x_usart.o
 .text.USART_IrDAConfig
                0x00000000       0x16 ./build/Debug/.obj/hal/STM32F10x_StdPeriph_Driver/src/stm32f10x_usart.o
 .text.USART_IrDACmd
                0x00000000       0x1c ./build/Debug/.obj/hal/STM32F10x_StdPeriph_Driver/src/stm32f10x_usart.o
 .text.USART_GetFlagStatus
                0x00000000        0xe ./build/Debug/.obj/hal/STM32F10x_StdPeriph_Driver/src/stm32f10x_usart.o
 .text.USART_ClearFlag
                0x00000000        0x8 ./build/Debug/.obj/hal/STM32F10x_StdPeriph_Driver/src/stm32f10x_usart.o
 .text.USART_GetITStatus
                0x00000000       0x4a ./build/Debug/.obj/hal/STM32F10x_StdPeriph_Driver/src/stm32f10x_usart.o
 .text.USART_ClearITPendingBit
                0x00000000       0x10 ./build/Debug/.obj/hal/STM32F10x_StdPeriph_Driver/src/stm32f10x_usart.o
 .debug_info    0x00000000      0xc08 ./build/Debug/.obj/hal/STM32F10x_StdPeriph_Driver/src/stm32f10x_usart.o
 .debug_abbrev  0x00000000      0x1dc ./build/Debug/.obj/hal/STM32F10x_StdPeriph_Driver/src/stm32f10x_usart.o
 .debug_loc     0x00000000      0x80c ./build/Debug/.obj/hal/STM32F10x_StdPeriph_Driver/src/stm32f10x_usart.o
 .debug_aranges
                0x00000000      0x100 ./build/Debug/.obj/hal/STM32F10x_StdPeriph_Driver/src/stm32f10x_usart.o
 .debug_ranges  0x00000000       0xf0 ./build/Debug/.obj/hal/STM32F10x_StdPeriph_Driver/src/stm32f10x_usart.o
 .debug_line    0x00000000      0x886 ./build/Debug/.obj/hal/STM32F10x_StdPeriph_Driver/src/stm32f10x_usart.o
 .debug_str     0x00000000      0x6d3 ./build/Debug/.obj/hal/STM32F10x_StdPeriph_Driver/src/stm32f10x_usart.o
 .comment       0x00000000       0x4e ./build/Debug/.obj/hal/STM32F10x_StdPeriph_Driver/src/stm32f10x_usart.o
 .debug_frame   0x00000000      0x204 ./build/Debug/.obj/hal/STM32F10x_StdPeriph_Driver/src/stm32f10x_usart.o
 .ARM.attributes
                0x00000000       0x2d ./build/Debug/.obj/hal/STM32F10x_StdPeriph_Driver/src/stm32f10x_usart.o
 .text          0x00000000        0x0 ./build/Debug/.obj/hal/STM32F10x_StdPeriph_Driver/system_stm32f10x.o
 .data          0x00000000        0x0 ./build/Debug/.obj/hal/STM32F10x_StdPeriph_Driver/system_stm32f10x.o
 .bss           0x00000000        0x0 ./build/Debug/.obj/hal/STM32F10x_StdPeriph_Driver/system_stm32f10x.o
 .text.SystemCoreClockUpdate
                0x00000000       0x94 ./build/Debug/.obj/hal/STM32F10x_StdPeriph_Driver/system_stm32f10x.o
 .data.AHBPrescTable
                0x00000000       0x10 ./build/Debug/.obj/hal/STM32F10x_StdPeriph_Driver/system_stm32f10x.o
 .data.SystemCoreClock
                0x00000000        0x4 ./build/Debug/.obj/hal/STM32F10x_StdPeriph_Driver/system_stm32f10x.o
 .text          0x00000000        0x0 ./build/Debug/.obj/src/drive/src/Buzzer.o
 .data          0x00000000        0x0 ./build/Debug/.obj/src/drive/src/Buzzer.o
 .bss           0x00000000        0x0 ./build/Debug/.obj/src/drive/src/Buzzer.o
 .text.Buzzer_Init
                0x00000000       0x38 ./build/Debug/.obj/src/drive/src/Buzzer.o
 .text.Buzzer_Set_ON
                0x00000000       0x14 ./build/Debug/.obj/src/drive/src/Buzzer.o
 .text.Buzzer_Set_OFF
                0x00000000       0x14 ./build/Debug/.obj/src/drive/src/Buzzer.o
 .text.Buzzer_Turn
                0x00000000       0x3c ./build/Debug/.obj/src/drive/src/Buzzer.o
 .debug_info    0x00000000      0x39f ./build/Debug/.obj/src/drive/src/Buzzer.o
 .debug_abbrev  0x00000000      0x174 ./build/Debug/.obj/src/drive/src/Buzzer.o
 .debug_loc     0x00000000       0x25 ./build/Debug/.obj/src/drive/src/Buzzer.o
 .debug_aranges
                0x00000000       0x38 ./build/Debug/.obj/src/drive/src/Buzzer.o
 .debug_ranges  0x00000000       0x28 ./build/Debug/.obj/src/drive/src/Buzzer.o
 .debug_line    0x00000000      0x209 ./build/Debug/.obj/src/drive/src/Buzzer.o
 .debug_str     0x00000000      0x350 ./build/Debug/.obj/src/drive/src/Buzzer.o
 .comment       0x00000000       0x4e ./build/Debug/.obj/src/drive/src/Buzzer.o
 .debug_frame   0x00000000       0x74 ./build/Debug/.obj/src/drive/src/Buzzer.o
 .ARM.attributes
                0x00000000       0x2d ./build/Debug/.obj/src/drive/src/Buzzer.o
 .text          0x00000000        0x0 ./build/Debug/.obj/src/drive/src/EC11.o
 .data          0x00000000        0x0 ./build/Debug/.obj/src/drive/src/EC11.o
 .bss           0x00000000        0x0 ./build/Debug/.obj/src/drive/src/EC11.o
 .text          0x00000000        0x0 ./build/Debug/.obj/src/drive/src/Key_Onboard.o
 .data          0x00000000        0x0 ./build/Debug/.obj/src/drive/src/Key_Onboard.o
 .bss           0x00000000        0x0 ./build/Debug/.obj/src/drive/src/Key_Onboard.o
 .text.KEY_Init
                0x00000000       0x6c ./build/Debug/.obj/src/drive/src/Key_Onboard.o
 .text.KEY_Scan
                0x00000000       0x30 ./build/Debug/.obj/src/drive/src/Key_Onboard.o
 .debug_info    0x00000000      0x3d2 ./build/Debug/.obj/src/drive/src/Key_Onboard.o
 .debug_abbrev  0x00000000      0x17f ./build/Debug/.obj/src/drive/src/Key_Onboard.o
 .debug_loc     0x00000000       0x6c ./build/Debug/.obj/src/drive/src/Key_Onboard.o
 .debug_aranges
                0x00000000       0x28 ./build/Debug/.obj/src/drive/src/Key_Onboard.o
 .debug_ranges  0x00000000       0x18 ./build/Debug/.obj/src/drive/src/Key_Onboard.o
 .debug_line    0x00000000      0x231 ./build/Debug/.obj/src/drive/src/Key_Onboard.o
 .debug_str     0x00000000      0x381 ./build/Debug/.obj/src/drive/src/Key_Onboard.o
 .comment       0x00000000       0x4e ./build/Debug/.obj/src/drive/src/Key_Onboard.o
 .debug_frame   0x00000000       0x4c ./build/Debug/.obj/src/drive/src/Key_Onboard.o
 .ARM.attributes
                0x00000000       0x2d ./build/Debug/.obj/src/drive/src/Key_Onboard.o
 .text          0x00000000        0x0 ./build/Debug/.obj/src/drive/src/LDR.o
 .data          0x00000000        0x0 ./build/Debug/.obj/src/drive/src/LDR.o
 .bss           0x00000000        0x0 ./build/Debug/.obj/src/drive/src/LDR.o
 .text.LDR_Init
                0x00000000       0xa0 ./build/Debug/.obj/src/drive/src/LDR.o
 .text.Read_Light_Sensor
                0x00000000       0x1c ./build/Debug/.obj/src/drive/src/LDR.o
 .text.LDR_Digital_Init
                0x00000000       0x38 ./build/Debug/.obj/src/drive/src/LDR.o
 .text.Read_Light_Sensor_Digital
                0x00000000       0x14 ./build/Debug/.obj/src/drive/src/LDR.o
 .debug_info    0x00000000      0x64d ./build/Debug/.obj/src/drive/src/LDR.o
 .debug_abbrev  0x00000000      0x16b ./build/Debug/.obj/src/drive/src/LDR.o
 .debug_aranges
                0x00000000       0x38 ./build/Debug/.obj/src/drive/src/LDR.o
 .debug_ranges  0x00000000       0x28 ./build/Debug/.obj/src/drive/src/LDR.o
 .debug_line    0x00000000      0x2a9 ./build/Debug/.obj/src/drive/src/LDR.o
 .debug_str     0x00000000      0x4fa ./build/Debug/.obj/src/drive/src/LDR.o
 .comment       0x00000000       0x4e ./build/Debug/.obj/src/drive/src/LDR.o
 .debug_frame   0x00000000       0x80 ./build/Debug/.obj/src/drive/src/LDR.o
 .ARM.attributes
                0x00000000       0x2d ./build/Debug/.obj/src/drive/src/LDR.o
 .text          0x00000000        0x0 ./build/Debug/.obj/src/drive/src/Led_Onboard.o
 .data          0x00000000        0x0 ./build/Debug/.obj/src/drive/src/Led_Onboard.o
 .bss           0x00000000        0x0 ./build/Debug/.obj/src/drive/src/Led_Onboard.o
 .text.LED_Init
                0x00000000       0x4c ./build/Debug/.obj/src/drive/src/Led_Onboard.o
 .text.LED_Set_ON
                0x00000000        0x8 ./build/Debug/.obj/src/drive/src/Led_Onboard.o
 .text.LED_Set_OFF
                0x00000000        0x8 ./build/Debug/.obj/src/drive/src/Led_Onboard.o
 .text.Turn_LED
                0x00000000       0x20 ./build/Debug/.obj/src/drive/src/Led_Onboard.o
 .debug_info    0x00000000      0x3fb ./build/Debug/.obj/src/drive/src/Led_Onboard.o
 .debug_abbrev  0x00000000      0x16a ./build/Debug/.obj/src/drive/src/Led_Onboard.o
 .debug_loc     0x00000000       0xdb ./build/Debug/.obj/src/drive/src/Led_Onboard.o
 .debug_aranges
                0x00000000       0x38 ./build/Debug/.obj/src/drive/src/Led_Onboard.o
 .debug_ranges  0x00000000       0x28 ./build/Debug/.obj/src/drive/src/Led_Onboard.o
 .debug_line    0x00000000      0x1f5 ./build/Debug/.obj/src/drive/src/Led_Onboard.o
 .debug_str     0x00000000      0x33f ./build/Debug/.obj/src/drive/src/Led_Onboard.o
 .comment       0x00000000       0x4e ./build/Debug/.obj/src/drive/src/Led_Onboard.o
 .debug_frame   0x00000000       0x7c ./build/Debug/.obj/src/drive/src/Led_Onboard.o
 .ARM.attributes
                0x00000000       0x2d ./build/Debug/.obj/src/drive/src/Led_Onboard.o
 .text          0x00000000        0x0 ./build/Debug/.obj/src/drive/src/MyDelay.o
 .data          0x00000000        0x0 ./build/Debug/.obj/src/drive/src/MyDelay.o
 .bss           0x00000000        0x0 ./build/Debug/.obj/src/drive/src/MyDelay.o
 .text.Delay_us
                0x00000000       0x2a ./build/Debug/.obj/src/drive/src/MyDelay.o
 .text.Delay_ms
                0x00000000       0x16 ./build/Debug/.obj/src/drive/src/MyDelay.o
 .text.Delay_s  0x00000000       0x16 ./build/Debug/.obj/src/drive/src/MyDelay.o
 .debug_info    0x00000000      0x17c ./build/Debug/.obj/src/drive/src/MyDelay.o
 .debug_abbrev  0x00000000       0xe8 ./build/Debug/.obj/src/drive/src/MyDelay.o
 .debug_loc     0x00000000       0x9d ./build/Debug/.obj/src/drive/src/MyDelay.o
 .debug_aranges
                0x00000000       0x30 ./build/Debug/.obj/src/drive/src/MyDelay.o
 .debug_ranges  0x00000000       0x20 ./build/Debug/.obj/src/drive/src/MyDelay.o
 .debug_line    0x00000000      0x1ab ./build/Debug/.obj/src/drive/src/MyDelay.o
 .debug_str     0x00000000      0x194 ./build/Debug/.obj/src/drive/src/MyDelay.o
 .comment       0x00000000       0x4e ./build/Debug/.obj/src/drive/src/MyDelay.o
 .debug_frame   0x00000000       0x50 ./build/Debug/.obj/src/drive/src/MyDelay.o
 .ARM.attributes
                0x00000000       0x2d ./build/Debug/.obj/src/drive/src/MyDelay.o
 .text          0x00000000        0x0 ./build/Debug/.obj/src/drive/src/OLED.o
 .data          0x00000000        0x0 ./build/Debug/.obj/src/drive/src/OLED.o
 .bss           0x00000000        0x0 ./build/Debug/.obj/src/drive/src/OLED.o
 .text.OLED_ShowNum
                0x00000000       0x50 ./build/Debug/.obj/src/drive/src/OLED.o
 .text.OLED_ShowHexNum
                0x00000000       0x4c ./build/Debug/.obj/src/drive/src/OLED.o
 .text.OLED_ShowBinNum
                0x00000000       0x3e ./build/Debug/.obj/src/drive/src/OLED.o
 .text          0x00000000        0x0 ./build/Debug/.obj/src/main.o
 .data          0x00000000        0x0 ./build/Debug/.obj/src/main.o
 .bss           0x00000000        0x0 ./build/Debug/.obj/src/main.o
 .text          0x00000000       0x14 ./build/Debug/.obj/src/startup_stm32f10x_md.o
 .data          0x00000000        0x0 ./build/Debug/.obj/src/startup_stm32f10x_md.o
 .bss           0x00000000        0x0 ./build/Debug/.obj/src/startup_stm32f10x_md.o
 .text          0x00000000        0x0 ./build/Debug/.obj/src/stm32f10x_it.o
 .data          0x00000000        0x0 ./build/Debug/.obj/src/stm32f10x_it.o
 .bss           0x00000000        0x0 ./build/Debug/.obj/src/stm32f10x_it.o
 .text          0x00000000        0x0 c:/users/sounyz/.eide/tools/gcc_arm/bin/../lib/gcc/arm-none-eabi/10.2.1/../../../../arm-none-eabi/lib/thumb/v7-m/nofp\libc_nano.a(lib_a-exit.o)
 .data          0x00000000        0x0 c:/users/sounyz/.eide/tools/gcc_arm/bin/../lib/gcc/arm-none-eabi/10.2.1/../../../../arm-none-eabi/lib/thumb/v7-m/nofp\libc_nano.a(lib_a-exit.o)
 .bss           0x00000000        0x0 c:/users/sounyz/.eide/tools/gcc_arm/bin/../lib/gcc/arm-none-eabi/10.2.1/../../../../arm-none-eabi/lib/thumb/v7-m/nofp\libc_nano.a(lib_a-exit.o)
 .text.exit     0x00000000       0x28 c:/users/sounyz/.eide/tools/gcc_arm/bin/../lib/gcc/arm-none-eabi/10.2.1/../../../../arm-none-eabi/lib/thumb/v7-m/nofp\libc_nano.a(lib_a-exit.o)
 .debug_frame   0x00000000       0x28 c:/users/sounyz/.eide/tools/gcc_arm/bin/../lib/gcc/arm-none-eabi/10.2.1/../../../../arm-none-eabi/lib/thumb/v7-m/nofp\libc_nano.a(lib_a-exit.o)
 .ARM.attributes
                0x00000000       0x2d c:/users/sounyz/.eide/tools/gcc_arm/bin/../lib/gcc/arm-none-eabi/10.2.1/../../../../arm-none-eabi/lib/thumb/v7-m/nofp\libc_nano.a(lib_a-exit.o)
 .text          0x00000000        0x0 c:/users/sounyz/.eide/tools/gcc_arm/bin/../lib/gcc/arm-none-eabi/10.2.1/../../../../arm-none-eabi/lib/thumb/v7-m/nofp\libc_nano.a(lib_a-impure.o)
 .data          0x00000000        0x0 c:/users/sounyz/.eide/tools/gcc_arm/bin/../lib/gcc/arm-none-eabi/10.2.1/../../../../arm-none-eabi/lib/thumb/v7-m/nofp\libc_nano.a(lib_a-impure.o)
 .bss           0x00000000        0x0 c:/users/sounyz/.eide/tools/gcc_arm/bin/../lib/gcc/arm-none-eabi/10.2.1/../../../../arm-none-eabi/lib/thumb/v7-m/nofp\libc_nano.a(lib_a-impure.o)
 .data._impure_ptr
                0x00000000        0x4 c:/users/sounyz/.eide/tools/gcc_arm/bin/../lib/gcc/arm-none-eabi/10.2.1/../../../../arm-none-eabi/lib/thumb/v7-m/nofp\libc_nano.a(lib_a-impure.o)
 .data.impure_data
                0x00000000       0x60 c:/users/sounyz/.eide/tools/gcc_arm/bin/../lib/gcc/arm-none-eabi/10.2.1/../../../../arm-none-eabi/lib/thumb/v7-m/nofp\libc_nano.a(lib_a-impure.o)
 .rodata._global_impure_ptr
                0x00000000        0x4 c:/users/sounyz/.eide/tools/gcc_arm/bin/../lib/gcc/arm-none-eabi/10.2.1/../../../../arm-none-eabi/lib/thumb/v7-m/nofp\libc_nano.a(lib_a-impure.o)
 .ARM.attributes
                0x00000000       0x2d c:/users/sounyz/.eide/tools/gcc_arm/bin/../lib/gcc/arm-none-eabi/10.2.1/../../../../arm-none-eabi/lib/thumb/v7-m/nofp\libc_nano.a(lib_a-impure.o)
 .text          0x00000000        0x0 c:/users/sounyz/.eide/tools/gcc_arm/bin/../lib/gcc/arm-none-eabi/10.2.1/../../../../arm-none-eabi/lib/thumb/v7-m/nofp\libc_nano.a(lib_a-init.o)
 .data          0x00000000        0x0 c:/users/sounyz/.eide/tools/gcc_arm/bin/../lib/gcc/arm-none-eabi/10.2.1/../../../../arm-none-eabi/lib/thumb/v7-m/nofp\libc_nano.a(lib_a-init.o)
 .bss           0x00000000        0x0 c:/users/sounyz/.eide/tools/gcc_arm/bin/../lib/gcc/arm-none-eabi/10.2.1/../../../../arm-none-eabi/lib/thumb/v7-m/nofp\libc_nano.a(lib_a-init.o)
 .text          0x00000000        0x0 c:/users/sounyz/.eide/tools/gcc_arm/bin/../lib/gcc/arm-none-eabi/10.2.1/../../../../arm-none-eabi/lib/thumb/v7-m/nofp\libc_nano.a(lib_a-memset.o)
 .data          0x00000000        0x0 c:/users/sounyz/.eide/tools/gcc_arm/bin/../lib/gcc/arm-none-eabi/10.2.1/../../../../arm-none-eabi/lib/thumb/v7-m/nofp\libc_nano.a(lib_a-memset.o)
 .bss           0x00000000        0x0 c:/users/sounyz/.eide/tools/gcc_arm/bin/../lib/gcc/arm-none-eabi/10.2.1/../../../../arm-none-eabi/lib/thumb/v7-m/nofp\libc_nano.a(lib_a-memset.o)
 .text.memset   0x00000000       0x10 c:/users/sounyz/.eide/tools/gcc_arm/bin/../lib/gcc/arm-none-eabi/10.2.1/../../../../arm-none-eabi/lib/thumb/v7-m/nofp\libc_nano.a(lib_a-memset.o)
 .debug_frame   0x00000000       0x20 c:/users/sounyz/.eide/tools/gcc_arm/bin/../lib/gcc/arm-none-eabi/10.2.1/../../../../arm-none-eabi/lib/thumb/v7-m/nofp\libc_nano.a(lib_a-memset.o)
 .ARM.attributes
                0x00000000       0x2d c:/users/sounyz/.eide/tools/gcc_arm/bin/../lib/gcc/arm-none-eabi/10.2.1/../../../../arm-none-eabi/lib/thumb/v7-m/nofp\libc_nano.a(lib_a-memset.o)
 .text          0x00000000        0x0 c:/users/sounyz/.eide/tools/gcc_arm/bin/../lib/gcc/arm-none-eabi/10.2.1/../../../../arm-none-eabi/lib/thumb/v7-m/nofp\libnosys.a(_exit.o)
 .data          0x00000000        0x0 c:/users/sounyz/.eide/tools/gcc_arm/bin/../lib/gcc/arm-none-eabi/10.2.1/../../../../arm-none-eabi/lib/thumb/v7-m/nofp\libnosys.a(_exit.o)
 .bss           0x00000000        0x0 c:/users/sounyz/.eide/tools/gcc_arm/bin/../lib/gcc/arm-none-eabi/10.2.1/../../../../arm-none-eabi/lib/thumb/v7-m/nofp\libnosys.a(_exit.o)
 .text._exit    0x00000000        0x4 c:/users/sounyz/.eide/tools/gcc_arm/bin/../lib/gcc/arm-none-eabi/10.2.1/../../../../arm-none-eabi/lib/thumb/v7-m/nofp\libnosys.a(_exit.o)
 .debug_frame   0x00000000       0x20 c:/users/sounyz/.eide/tools/gcc_arm/bin/../lib/gcc/arm-none-eabi/10.2.1/../../../../arm-none-eabi/lib/thumb/v7-m/nofp\libnosys.a(_exit.o)
 .ARM.attributes
                0x00000000       0x2d c:/users/sounyz/.eide/tools/gcc_arm/bin/../lib/gcc/arm-none-eabi/10.2.1/../../../../arm-none-eabi/lib/thumb/v7-m/nofp\libnosys.a(_exit.o)
 .text          0x00000000        0x0 c:/users/sounyz/.eide/tools/gcc_arm/bin/../lib/gcc/arm-none-eabi/10.2.1/thumb/v7-m/nofp/crtend.o
 .data          0x00000000        0x0 c:/users/sounyz/.eide/tools/gcc_arm/bin/../lib/gcc/arm-none-eabi/10.2.1/thumb/v7-m/nofp/crtend.o
 .bss           0x00000000        0x0 c:/users/sounyz/.eide/tools/gcc_arm/bin/../lib/gcc/arm-none-eabi/10.2.1/thumb/v7-m/nofp/crtend.o
 .rodata        0x00000000       0x24 c:/users/sounyz/.eide/tools/gcc_arm/bin/../lib/gcc/arm-none-eabi/10.2.1/thumb/v7-m/nofp/crtend.o
 .eh_frame      0x00000000        0x4 c:/users/sounyz/.eide/tools/gcc_arm/bin/../lib/gcc/arm-none-eabi/10.2.1/thumb/v7-m/nofp/crtend.o
 .ARM.attributes
                0x00000000       0x2d c:/users/sounyz/.eide/tools/gcc_arm/bin/../lib/gcc/arm-none-eabi/10.2.1/thumb/v7-m/nofp/crtend.o
 .text          0x00000000        0x0 c:/users/sounyz/.eide/tools/gcc_arm/bin/../lib/gcc/arm-none-eabi/10.2.1/thumb/v7-m/nofp/crtn.o
 .data          0x00000000        0x0 c:/users/sounyz/.eide/tools/gcc_arm/bin/../lib/gcc/arm-none-eabi/10.2.1/thumb/v7-m/nofp/crtn.o
 .bss           0x00000000        0x0 c:/users/sounyz/.eide/tools/gcc_arm/bin/../lib/gcc/arm-none-eabi/10.2.1/thumb/v7-m/nofp/crtn.o

Memory Configuration

Name             Origin             Length             Attributes
FLASH            0x08000000         0x00020000         xr
RAM              0x20000000         0x00005000         xrw
MEMORY_B1        0x60000000         0x00000000         xr
*default*        0x00000000         0xffffffff

Linker script and memory map

LOAD c:/users/sounyz/.eide/tools/gcc_arm/bin/../lib/gcc/arm-none-eabi/10.2.1/thumb/v7-m/nofp/crti.o
LOAD c:/users/sounyz/.eide/tools/gcc_arm/bin/../lib/gcc/arm-none-eabi/10.2.1/thumb/v7-m/nofp/crtbegin.o
LOAD c:/users/sounyz/.eide/tools/gcc_arm/bin/../lib/gcc/arm-none-eabi/10.2.1/../../../../arm-none-eabi/lib/thumb/v7-m/nofp/crt0.o
LOAD ./build/Debug/.obj/hal/STM32F10x_StdPeriph_Driver/src/misc.o
LOAD ./build/Debug/.obj/hal/STM32F10x_StdPeriph_Driver/src/stm32f10x_adc.o
LOAD ./build/Debug/.obj/hal/STM32F10x_StdPeriph_Driver/src/stm32f10x_exti.o
LOAD ./build/Debug/.obj/hal/STM32F10x_StdPeriph_Driver/src/stm32f10x_gpio.o
LOAD ./build/Debug/.obj/hal/STM32F10x_StdPeriph_Driver/src/stm32f10x_rcc.o
LOAD ./build/Debug/.obj/hal/STM32F10x_StdPeriph_Driver/src/stm32f10x_spi.o
LOAD ./build/Debug/.obj/hal/STM32F10x_StdPeriph_Driver/src/stm32f10x_tim.o
LOAD ./build/Debug/.obj/hal/STM32F10x_StdPeriph_Driver/src/stm32f10x_usart.o
LOAD ./build/Debug/.obj/hal/STM32F10x_StdPeriph_Driver/system_stm32f10x.o
LOAD ./build/Debug/.obj/src/drive/src/Buzzer.o
LOAD ./build/Debug/.obj/src/drive/src/EC11.o
LOAD ./build/Debug/.obj/src/drive/src/Key_Onboard.o
LOAD ./build/Debug/.obj/src/drive/src/LDR.o
LOAD ./build/Debug/.obj/src/drive/src/Led_Onboard.o
LOAD ./build/Debug/.obj/src/drive/src/MyDelay.o
LOAD ./build/Debug/.obj/src/drive/src/OLED.o
LOAD ./build/Debug/.obj/src/main.o
LOAD ./build/Debug/.obj/src/startup_stm32f10x_md.o
LOAD ./build/Debug/.obj/src/stm32f10x_it.o
LOAD c:/users/sounyz/.eide/tools/gcc_arm/bin/../lib/gcc/arm-none-eabi/10.2.1/../../../../arm-none-eabi/lib/thumb/v7-m/nofp\libm.a
START GROUP
LOAD c:/users/sounyz/.eide/tools/gcc_arm/bin/../lib/gcc/arm-none-eabi/10.2.1/thumb/v7-m/nofp\libgcc.a
LOAD c:/users/sounyz/.eide/tools/gcc_arm/bin/../lib/gcc/arm-none-eabi/10.2.1/../../../../arm-none-eabi/lib/thumb/v7-m/nofp\libc_nano.a
END GROUP
START GROUP
LOAD c:/users/sounyz/.eide/tools/gcc_arm/bin/../lib/gcc/arm-none-eabi/10.2.1/thumb/v7-m/nofp\libgcc.a
LOAD c:/users/sounyz/.eide/tools/gcc_arm/bin/../lib/gcc/arm-none-eabi/10.2.1/../../../../arm-none-eabi/lib/thumb/v7-m/nofp\libc_nano.a
LOAD c:/users/sounyz/.eide/tools/gcc_arm/bin/../lib/gcc/arm-none-eabi/10.2.1/../../../../arm-none-eabi/lib/thumb/v7-m/nofp\libnosys.a
END GROUP
START GROUP
LOAD c:/users/sounyz/.eide/tools/gcc_arm/bin/../lib/gcc/arm-none-eabi/10.2.1/thumb/v7-m/nofp\libgcc.a
LOAD c:/users/sounyz/.eide/tools/gcc_arm/bin/../lib/gcc/arm-none-eabi/10.2.1/../../../../arm-none-eabi/lib/thumb/v7-m/nofp\libc_nano.a
LOAD c:/users/sounyz/.eide/tools/gcc_arm/bin/../lib/gcc/arm-none-eabi/10.2.1/../../../../arm-none-eabi/lib/thumb/v7-m/nofp\libnosys.a
END GROUP
LOAD c:/users/sounyz/.eide/tools/gcc_arm/bin/../lib/gcc/arm-none-eabi/10.2.1/thumb/v7-m/nofp/crtend.o
LOAD c:/users/sounyz/.eide/tools/gcc_arm/bin/../lib/gcc/arm-none-eabi/10.2.1/thumb/v7-m/nofp/crtn.o
                0x20005000                _estack = 0x20005000
                0x00000000                _Min_Heap_Size = 0x0
                0x00000100                _Min_Stack_Size = 0x100

.isr_vector     0x08000000      0x10c
                0x08000000                . = ALIGN (0x4)
 *(.isr_vector)
 .isr_vector    0x08000000      0x10c ./build/Debug/.obj/src/startup_stm32f10x_md.o
                0x08000000                g_pfnVectors
                0x0800010c                . = ALIGN (0x4)

.eh_frame       0x0800010c        0x0
 .eh_frame      0x0800010c        0x0 c:/users/sounyz/.eide/tools/gcc_arm/bin/../lib/gcc/arm-none-eabi/10.2.1/thumb/v7-m/nofp/crtbegin.o

.text           0x0800010c      0xef4
                0x0800010c                . = ALIGN (0x4)
 *(.text)
 .text          0x0800010c       0x40 c:/users/sounyz/.eide/tools/gcc_arm/bin/../lib/gcc/arm-none-eabi/10.2.1/thumb/v7-m/nofp/crtbegin.o
 *(.text*)
 .text.NVIC_PriorityGroupConfig
                0x0800014c       0x14 ./build/Debug/.obj/hal/STM32F10x_StdPeriph_Driver/src/misc.o
                0x0800014c                NVIC_PriorityGroupConfig
 .text.NVIC_Init
                0x08000160       0x64 ./build/Debug/.obj/hal/STM32F10x_StdPeriph_Driver/src/misc.o
                0x08000160                NVIC_Init
 .text.EXTI_Init
                0x080001c4       0x8c ./build/Debug/.obj/hal/STM32F10x_StdPeriph_Driver/src/stm32f10x_exti.o
                0x080001c4                EXTI_Init
 .text.EXTI_GetITStatus
                0x08000250       0x20 ./build/Debug/.obj/hal/STM32F10x_StdPeriph_Driver/src/stm32f10x_exti.o
                0x08000250                EXTI_GetITStatus
 .text.EXTI_ClearITPendingBit
                0x08000270        0xc ./build/Debug/.obj/hal/STM32F10x_StdPeriph_Driver/src/stm32f10x_exti.o
                0x08000270                EXTI_ClearITPendingBit
 .text.GPIO_Init
                0x0800027c       0xb2 ./build/Debug/.obj/hal/STM32F10x_StdPeriph_Driver/src/stm32f10x_gpio.o
                0x0800027c                GPIO_Init
 .text.GPIO_ReadInputDataBit
                0x0800032e        0xe ./build/Debug/.obj/hal/STM32F10x_StdPeriph_Driver/src/stm32f10x_gpio.o
                0x0800032e                GPIO_ReadInputDataBit
 .text.GPIO_WriteBit
                0x0800033c        0xa ./build/Debug/.obj/hal/STM32F10x_StdPeriph_Driver/src/stm32f10x_gpio.o
                0x0800033c                GPIO_WriteBit
 *fill*         0x08000346        0x2 
 .text.GPIO_EXTILineConfig
                0x08000348       0x34 ./build/Debug/.obj/hal/STM32F10x_StdPeriph_Driver/src/stm32f10x_gpio.o
                0x08000348                GPIO_EXTILineConfig
 .text.RCC_APB2PeriphClockCmd
                0x0800037c       0x1c ./build/Debug/.obj/hal/STM32F10x_StdPeriph_Driver/src/stm32f10x_rcc.o
                0x0800037c                RCC_APB2PeriphClockCmd
 .text.SetSysClockTo72
                0x08000398       0xc4 ./build/Debug/.obj/hal/STM32F10x_StdPeriph_Driver/system_stm32f10x.o
 .text.SetSysClock
                0x0800045c        0x8 ./build/Debug/.obj/hal/STM32F10x_StdPeriph_Driver/system_stm32f10x.o
 .text.SystemInit
                0x08000464       0x50 ./build/Debug/.obj/hal/STM32F10x_StdPeriph_Driver/system_stm32f10x.o
                0x08000464                SystemInit
 .text.encoder_init
                0x080004b4       0x70 ./build/Debug/.obj/src/drive/src/EC11.o
                0x080004b4                encoder_init
 .text.EXTI0_IRQHandler
                0x08000524       0x80 ./build/Debug/.obj/src/drive/src/EC11.o
                0x08000524                EXTI0_IRQHandler
 .text.encoder_get
                0x080005a4       0x14 ./build/Debug/.obj/src/drive/src/EC11.o
                0x080005a4                encoder_get
 .text.OLED_I2C_Init
                0x080005b8       0x58 ./build/Debug/.obj/src/drive/src/OLED.o
                0x080005b8                OLED_I2C_Init
 .text.OLED_I2C_Start
                0x08000610       0x3c ./build/Debug/.obj/src/drive/src/OLED.o
                0x08000610                OLED_I2C_Start
 .text.OLED_I2C_Stop
                0x0800064c       0x30 ./build/Debug/.obj/src/drive/src/OLED.o
                0x0800064c                OLED_I2C_Stop
 .text.OLED_I2C_SendByte
                0x0800067c       0x60 ./build/Debug/.obj/src/drive/src/OLED.o
                0x0800067c                OLED_I2C_SendByte
 .text.OLED_WriteCommand
                0x080006dc       0x20 ./build/Debug/.obj/src/drive/src/OLED.o
                0x080006dc                OLED_WriteCommand
 .text.OLED_WriteData
                0x080006fc       0x20 ./build/Debug/.obj/src/drive/src/OLED.o
                0x080006fc                OLED_WriteData
 .text.OLED_SetCursor
                0x0800071c       0x20 ./build/Debug/.obj/src/drive/src/OLED.o
                0x0800071c                OLED_SetCursor
 .text.OLED_Clear
                0x0800073c       0x2c ./build/Debug/.obj/src/drive/src/OLED.o
                0x0800073c                OLED_Clear
 .text.OLED_ShowChar
                0x08000768       0x64 ./build/Debug/.obj/src/drive/src/OLED.o
                0x08000768                OLED_ShowChar
 .text.OLED_ShowString
                0x080007cc       0x22 ./build/Debug/.obj/src/drive/src/OLED.o
                0x080007cc                OLED_ShowString
 .text.OLED_Pow
                0x080007ee       0x14 ./build/Debug/.obj/src/drive/src/OLED.o
                0x080007ee                OLED_Pow
 *fill*         0x08000802        0x2 
 .text.OLED_ShowSignedNum
                0x08000804       0x64 ./build/Debug/.obj/src/drive/src/OLED.o
                0x08000804                OLED_ShowSignedNum
 .text.OLED_Init
                0x08000868       0xae ./build/Debug/.obj/src/drive/src/OLED.o
                0x08000868                OLED_Init
 *fill*         0x08000916        0x2 
 .text.main     0x08000918       0x34 ./build/Debug/.obj/src/main.o
                0x08000918                main
 .text.Reset_Handler
                0x0800094c       0x48 ./build/Debug/.obj/src/startup_stm32f10x_md.o
                0x0800094c                Reset_Handler
 .text.Default_Handler
                0x08000994        0x2 ./build/Debug/.obj/src/startup_stm32f10x_md.o
                0x08000994                EXTI2_IRQHandler
                0x08000994                TIM1_CC_IRQHandler
                0x08000994                PVD_IRQHandler
                0x08000994                EXTI3_IRQHandler
                0x08000994                I2C2_EV_IRQHandler
                0x08000994                ADC1_2_IRQHandler
                0x08000994                SPI1_IRQHandler
                0x08000994                TAMPER_IRQHandler
                0x08000994                DMA1_Channel4_IRQHandler
                0x08000994                USART3_IRQHandler
                0x08000994                RTC_IRQHandler
                0x08000994                DMA1_Channel7_IRQHandler
                0x08000994                CAN1_RX1_IRQHandler
                0x08000994                TIM4_IRQHandler
                0x08000994                I2C1_EV_IRQHandler
                0x08000994                DMA1_Channel6_IRQHandler
                0x08000994                TIM3_IRQHandler
                0x08000994                RCC_IRQHandler
                0x08000994                TIM1_TRG_COM_IRQHandler
                0x08000994                DMA1_Channel1_IRQHandler
                0x08000994                Default_Handler
                0x08000994                EXTI15_10_IRQHandler
                0x08000994                EXTI9_5_IRQHandler
                0x08000994                SPI2_IRQHandler
                0x08000994                DMA1_Channel5_IRQHandler
                0x08000994                EXTI4_IRQHandler
                0x08000994                USB_LP_CAN1_RX0_IRQHandler
                0x08000994                USB_HP_CAN1_TX_IRQHandler
                0x08000994                DMA1_Channel3_IRQHandler
                0x08000994                TIM1_UP_IRQHandler
                0x08000994                WWDG_IRQHandler
                0x08000994                TIM2_IRQHandler
                0x08000994                TIM1_BRK_IRQHandler
                0x08000994                EXTI1_IRQHandler
                0x08000994                RTCAlarm_IRQHandler
                0x08000994                USART2_IRQHandler
                0x08000994                I2C2_ER_IRQHandler
                0x08000994                DMA1_Channel2_IRQHandler
                0x08000994                CAN1_SCE_IRQHandler
                0x08000994                FLASH_IRQHandler
                0x08000994                USART1_IRQHandler
                0x08000994                I2C1_ER_IRQHandler
                0x08000994                USBWakeUp_IRQHandler
 .text.NMI_Handler
                0x08000996        0x2 ./build/Debug/.obj/src/stm32f10x_it.o
                0x08000996                NMI_Handler
 .text.HardFault_Handler
                0x08000998        0x2 ./build/Debug/.obj/src/stm32f10x_it.o
                0x08000998                HardFault_Handler
 .text.MemManage_Handler
                0x0800099a        0x2 ./build/Debug/.obj/src/stm32f10x_it.o
                0x0800099a                MemManage_Handler
 .text.BusFault_Handler
                0x0800099c        0x2 ./build/Debug/.obj/src/stm32f10x_it.o
                0x0800099c                BusFault_Handler
 .text.UsageFault_Handler
                0x0800099e        0x2 ./build/Debug/.obj/src/stm32f10x_it.o
                0x0800099e                UsageFault_Handler
 .text.SVC_Handler
                0x080009a0        0x2 ./build/Debug/.obj/src/stm32f10x_it.o
                0x080009a0                SVC_Handler
 .text.DebugMon_Handler
                0x080009a2        0x2 ./build/Debug/.obj/src/stm32f10x_it.o
                0x080009a2                DebugMon_Handler
 .text.PendSV_Handler
                0x080009a4        0x2 ./build/Debug/.obj/src/stm32f10x_it.o
                0x080009a4                PendSV_Handler
 .text.SysTick_Handler
                0x080009a6        0x2 ./build/Debug/.obj/src/stm32f10x_it.o
                0x080009a6                SysTick_Handler
 .text.__libc_init_array
                0x080009a8       0x48 c:/users/sounyz/.eide/tools/gcc_arm/bin/../lib/gcc/arm-none-eabi/10.2.1/../../../../arm-none-eabi/lib/thumb/v7-m/nofp\libc_nano.a(lib_a-init.o)
                0x080009a8                __libc_init_array
 *(.rodata)
 *(.rodata*)
 .rodata.OLED_F8x16
                0x080009f0      0x5f0 ./build/Debug/.obj/src/drive/src/OLED.o
                0x080009f0                OLED_F8x16
 .rodata.main.str1.4
                0x08000fe0        0x5 ./build/Debug/.obj/src/main.o
 *(.glue_7)
 .glue_7        0x08000fe5        0x0 linker stubs
 *(.glue_7t)
 .glue_7t       0x08000fe5        0x0 linker stubs
 *(.init)
 *fill*         0x08000fe5        0x3 
 .init          0x08000fe8        0x4 c:/users/sounyz/.eide/tools/gcc_arm/bin/../lib/gcc/arm-none-eabi/10.2.1/thumb/v7-m/nofp/crti.o
                0x08000fe8                _init
 .init          0x08000fec        0x8 c:/users/sounyz/.eide/tools/gcc_arm/bin/../lib/gcc/arm-none-eabi/10.2.1/thumb/v7-m/nofp/crtn.o
 *(.fini)
 .fini          0x08000ff4        0x4 c:/users/sounyz/.eide/tools/gcc_arm/bin/../lib/gcc/arm-none-eabi/10.2.1/thumb/v7-m/nofp/crti.o
                0x08000ff4                _fini
 .fini          0x08000ff8        0x8 c:/users/sounyz/.eide/tools/gcc_arm/bin/../lib/gcc/arm-none-eabi/10.2.1/thumb/v7-m/nofp/crtn.o
                0x08001000                . = ALIGN (0x4)
                0x08001000                _etext = .

.vfp11_veneer   0x08001000        0x0
 .vfp11_veneer  0x08001000        0x0 linker stubs

.v4_bx          0x08001000        0x0
 .v4_bx         0x08001000        0x0 linker stubs

.iplt           0x08001000        0x0
 .iplt          0x08001000        0x0 c:/users/sounyz/.eide/tools/gcc_arm/bin/../lib/gcc/arm-none-eabi/10.2.1/thumb/v7-m/nofp/crtbegin.o

.rel.dyn        0x08001000        0x0
 .rel.iplt      0x08001000        0x0 c:/users/sounyz/.eide/tools/gcc_arm/bin/../lib/gcc/arm-none-eabi/10.2.1/thumb/v7-m/nofp/crtbegin.o

.ARM.extab
 *(.ARM.extab* .gnu.linkonce.armextab.*)

.ARM            0x08001000        0x0
                0x08001000                __exidx_start = .
 *(.ARM.exidx*)
                0x08001000                __exidx_end = .

.ARM.attributes
                0x08001000       0x29
 *(.ARM.attributes)
 .ARM.attributes
                0x08001000       0x1d c:/users/sounyz/.eide/tools/gcc_arm/bin/../lib/gcc/arm-none-eabi/10.2.1/thumb/v7-m/nofp/crti.o
 .ARM.attributes
                0x0800101d       0x2d c:/users/sounyz/.eide/tools/gcc_arm/bin/../lib/gcc/arm-none-eabi/10.2.1/thumb/v7-m/nofp/crtbegin.o
 .ARM.attributes
                0x0800104a       0x2d ./build/Debug/.obj/hal/STM32F10x_StdPeriph_Driver/src/misc.o
 .ARM.attributes
                0x08001077       0x2d ./build/Debug/.obj/hal/STM32F10x_StdPeriph_Driver/src/stm32f10x_exti.o
 .ARM.attributes
                0x080010a4       0x2d ./build/Debug/.obj/hal/STM32F10x_StdPeriph_Driver/src/stm32f10x_gpio.o
 .ARM.attributes
                0x080010d1       0x2d ./build/Debug/.obj/hal/STM32F10x_StdPeriph_Driver/src/stm32f10x_rcc.o
 .ARM.attributes
                0x080010fe       0x2d ./build/Debug/.obj/hal/STM32F10x_StdPeriph_Driver/system_stm32f10x.o
 .ARM.attributes
                0x0800112b       0x2d ./build/Debug/.obj/src/drive/src/EC11.o
 .ARM.attributes
                0x08001158       0x2d ./build/Debug/.obj/src/drive/src/OLED.o
 .ARM.attributes
                0x08001185       0x2d ./build/Debug/.obj/src/main.o
 .ARM.attributes
                0x080011b2       0x21 ./build/Debug/.obj/src/startup_stm32f10x_md.o
 .ARM.attributes
                0x080011d3       0x2d ./build/Debug/.obj/src/stm32f10x_it.o
 .ARM.attributes
                0x08001200       0x2d c:/users/sounyz/.eide/tools/gcc_arm/bin/../lib/gcc/arm-none-eabi/10.2.1/../../../../arm-none-eabi/lib/thumb/v7-m/nofp\libc_nano.a(lib_a-init.o)
 .ARM.attributes
                0x0800122d       0x1d c:/users/sounyz/.eide/tools/gcc_arm/bin/../lib/gcc/arm-none-eabi/10.2.1/thumb/v7-m/nofp/crtn.o

.preinit_array  0x08001000        0x0
                0x08001000                PROVIDE (__preinit_array_start = .)
 *(.preinit_array*)
                0x08001000                PROVIDE (__preinit_array_end = .)

.init_array     0x08001000        0x4
                0x08001000                PROVIDE (__init_array_start = .)
 *(SORT_BY_NAME(.init_array.*))
 *(.init_array*)
 .init_array    0x08001000        0x4 c:/users/sounyz/.eide/tools/gcc_arm/bin/../lib/gcc/arm-none-eabi/10.2.1/thumb/v7-m/nofp/crtbegin.o
                0x08001004                PROVIDE (__init_array_end = .)

.fini_array     0x08001004        0x4
                [!provide]                PROVIDE (__fini_array_start = .)
 *(.fini_array*)
 .fini_array    0x08001004        0x4 c:/users/sounyz/.eide/tools/gcc_arm/bin/../lib/gcc/arm-none-eabi/10.2.1/thumb/v7-m/nofp/crtbegin.o
 *(SORT_BY_NAME(.fini_array.*))
                [!provide]                PROVIDE (__fini_array_end = .)
                0x08001008                _sidata = .

.data           0x20000000        0x0 load address 0x08001008
                0x20000000                . = ALIGN (0x4)
                0x20000000                _sdata = .
 *(.data)
 *(.data*)
                0x20000000                . = ALIGN (0x4)
                0x20000000                _edata = .

.igot.plt       0x20000000        0x0
 .igot.plt      0x20000000        0x0 c:/users/sounyz/.eide/tools/gcc_arm/bin/../lib/gcc/arm-none-eabi/10.2.1/thumb/v7-m/nofp/crtbegin.o
                0x20000000                . = ALIGN (0x4)

.bss            0x20000000       0x24
                0x20000000                _sbss = .
                0x20000000                __bss_start__ = _sbss
 *(.bss)
 .bss           0x20000000       0x1c c:/users/sounyz/.eide/tools/gcc_arm/bin/../lib/gcc/arm-none-eabi/10.2.1/thumb/v7-m/nofp/crtbegin.o
 *(.bss*)
 .bss.encoderCount
                0x2000001c        0x2 ./build/Debug/.obj/src/drive/src/EC11.o
                0x2000001c                encoderCount
 .bss.lastA.0   0x2000001e        0x2 ./build/Debug/.obj/src/drive/src/EC11.o
 .bss.num       0x20000020        0x2 ./build/Debug/.obj/src/main.o
                0x20000020                num
 *(COMMON)
                0x20000024                . = ALIGN (0x4)
 *fill*         0x20000022        0x2 
                0x20000024                _ebss = .
                0x20000024                __bss_end__ = _ebss
                [!provide]                PROVIDE (end = _ebss)
                [!provide]                PROVIDE (_end = _ebss)

._user_heap_stack
                0x20000024      0x100
                0x20000024                . = ALIGN (0x4)
                0x20000024                . = (. + _Min_Heap_Size)
                0x20000124                . = (. + _Min_Stack_Size)
 *fill*         0x20000024      0x100 
                0x20000124                . = ALIGN (0x4)

.memory_b1_text
 *(.mb1text)
 *(.mb1text*)
 *(.mb1rodata)
 *(.mb1rodata*)

/DISCARD/
 libc.a(*)
 libm.a(*)
 libgcc.a(*)
OUTPUT(./build/Debug/STM32F103-Demo.elf elf32-littlearm)
LOAD linker stubs
LOAD c:/users/sounyz/.eide/tools/gcc_arm/bin/../lib/gcc/arm-none-eabi/10.2.1/../../../../arm-none-eabi/lib/thumb/v7-m/nofp\libc.a
LOAD c:/users/sounyz/.eide/tools/gcc_arm/bin/../lib/gcc/arm-none-eabi/10.2.1/../../../../arm-none-eabi/lib/thumb/v7-m/nofp\libm.a
LOAD c:/users/sounyz/.eide/tools/gcc_arm/bin/../lib/gcc/arm-none-eabi/10.2.1/thumb/v7-m/nofp\libgcc.a

.debug_info     0x00000000     0x3740
 .debug_info    0x00000000      0x57c ./build/Debug/.obj/hal/STM32F10x_StdPeriph_Driver/src/misc.o
 .debug_info    0x0000057c      0x370 ./build/Debug/.obj/hal/STM32F10x_StdPeriph_Driver/src/stm32f10x_exti.o
 .debug_info    0x000008ec      0x91e ./build/Debug/.obj/hal/STM32F10x_StdPeriph_Driver/src/stm32f10x_gpio.o
 .debug_info    0x0000120a      0x97f ./build/Debug/.obj/hal/STM32F10x_StdPeriph_Driver/src/stm32f10x_rcc.o
 .debug_info    0x00001b89      0x4dd ./build/Debug/.obj/hal/STM32F10x_StdPeriph_Driver/system_stm32f10x.o
 .debug_info    0x00002066      0x684 ./build/Debug/.obj/src/drive/src/EC11.o
 .debug_info    0x000026ea      0xde4 ./build/Debug/.obj/src/drive/src/OLED.o
 .debug_info    0x000034ce      0x142 ./build/Debug/.obj/src/main.o
 .debug_info    0x00003610       0x22 ./build/Debug/.obj/src/startup_stm32f10x_md.o
 .debug_info    0x00003632      0x10e ./build/Debug/.obj/src/stm32f10x_it.o

.debug_abbrev   0x00000000      0xd94
 .debug_abbrev  0x00000000      0x187 ./build/Debug/.obj/hal/STM32F10x_StdPeriph_Driver/src/misc.o
 .debug_abbrev  0x00000187      0x182 ./build/Debug/.obj/hal/STM32F10x_StdPeriph_Driver/src/stm32f10x_exti.o
 .debug_abbrev  0x00000309      0x220 ./build/Debug/.obj/hal/STM32F10x_StdPeriph_Driver/src/stm32f10x_gpio.o
 .debug_abbrev  0x00000529      0x204 ./build/Debug/.obj/hal/STM32F10x_StdPeriph_Driver/src/stm32f10x_rcc.o
 .debug_abbrev  0x0000072d      0x187 ./build/Debug/.obj/hal/STM32F10x_StdPeriph_Driver/system_stm32f10x.o
 .debug_abbrev  0x000008b4      0x1b9 ./build/Debug/.obj/src/drive/src/EC11.o
 .debug_abbrev  0x00000a6d      0x225 ./build/Debug/.obj/src/drive/src/OLED.o
 .debug_abbrev  0x00000c92       0xac ./build/Debug/.obj/src/main.o
 .debug_abbrev  0x00000d3e       0x12 ./build/Debug/.obj/src/startup_stm32f10x_md.o
 .debug_abbrev  0x00000d50       0x44 ./build/Debug/.obj/src/stm32f10x_it.o

.debug_loc      0x00000000     0x181a
 .debug_loc     0x00000000      0x16b ./build/Debug/.obj/hal/STM32F10x_StdPeriph_Driver/src/misc.o
 .debug_loc     0x0000016b      0x17d ./build/Debug/.obj/hal/STM32F10x_StdPeriph_Driver/src/stm32f10x_exti.o
 .debug_loc     0x000002e8      0x62c ./build/Debug/.obj/hal/STM32F10x_StdPeriph_Driver/src/stm32f10x_gpio.o
 .debug_loc     0x00000914      0x654 ./build/Debug/.obj/hal/STM32F10x_StdPeriph_Driver/src/stm32f10x_rcc.o
 .debug_loc     0x00000f68       0xff ./build/Debug/.obj/hal/STM32F10x_StdPeriph_Driver/system_stm32f10x.o
 .debug_loc     0x00001067       0x37 ./build/Debug/.obj/src/drive/src/EC11.o
 .debug_loc     0x0000109e      0x77c ./build/Debug/.obj/src/drive/src/OLED.o

.debug_aranges  0x00000000      0x400
 .debug_aranges
                0x00000000       0x40 ./build/Debug/.obj/hal/STM32F10x_StdPeriph_Driver/src/misc.o
 .debug_aranges
                0x00000040       0x58 ./build/Debug/.obj/hal/STM32F10x_StdPeriph_Driver/src/stm32f10x_exti.o
 .debug_aranges
                0x00000098       0xa8 ./build/Debug/.obj/hal/STM32F10x_StdPeriph_Driver/src/stm32f10x_gpio.o
 .debug_aranges
                0x00000140      0x118 ./build/Debug/.obj/hal/STM32F10x_StdPeriph_Driver/src/stm32f10x_rcc.o
 .debug_aranges
                0x00000258       0x38 ./build/Debug/.obj/hal/STM32F10x_StdPeriph_Driver/system_stm32f10x.o
 .debug_aranges
                0x00000290       0x30 ./build/Debug/.obj/src/drive/src/EC11.o
 .debug_aranges
                0x000002c0       0x98 ./build/Debug/.obj/src/drive/src/OLED.o
 .debug_aranges
                0x00000358       0x20 ./build/Debug/.obj/src/main.o
 .debug_aranges
                0x00000378       0x28 ./build/Debug/.obj/src/startup_stm32f10x_md.o
 .debug_aranges
                0x000003a0       0x60 ./build/Debug/.obj/src/stm32f10x_it.o

.debug_ranges   0x00000000      0x380
 .debug_ranges  0x00000000       0x30 ./build/Debug/.obj/hal/STM32F10x_StdPeriph_Driver/src/misc.o
 .debug_ranges  0x00000030       0x48 ./build/Debug/.obj/hal/STM32F10x_StdPeriph_Driver/src/stm32f10x_exti.o
 .debug_ranges  0x00000078       0x98 ./build/Debug/.obj/hal/STM32F10x_StdPeriph_Driver/src/stm32f10x_gpio.o
 .debug_ranges  0x00000110      0x108 ./build/Debug/.obj/hal/STM32F10x_StdPeriph_Driver/src/stm32f10x_rcc.o
 .debug_ranges  0x00000218       0x28 ./build/Debug/.obj/hal/STM32F10x_StdPeriph_Driver/system_stm32f10x.o
 .debug_ranges  0x00000240       0x38 ./build/Debug/.obj/src/drive/src/EC11.o
 .debug_ranges  0x00000278       0x88 ./build/Debug/.obj/src/drive/src/OLED.o
 .debug_ranges  0x00000300       0x10 ./build/Debug/.obj/src/main.o
 .debug_ranges  0x00000310       0x20 ./build/Debug/.obj/src/startup_stm32f10x_md.o
 .debug_ranges  0x00000330       0x50 ./build/Debug/.obj/src/stm32f10x_it.o

.debug_line     0x00000000     0x24fb
 .debug_line    0x00000000      0x29b ./build/Debug/.obj/hal/STM32F10x_StdPeriph_Driver/src/misc.o
 .debug_line    0x0000029b      0x362 ./build/Debug/.obj/hal/STM32F10x_StdPeriph_Driver/src/stm32f10x_exti.o
 .debug_line    0x000005fd      0x6af ./build/Debug/.obj/hal/STM32F10x_StdPeriph_Driver/src/stm32f10x_gpio.o
 .debug_line    0x00000cac      0x85d ./build/Debug/.obj/hal/STM32F10x_StdPeriph_Driver/src/stm32f10x_rcc.o
 .debug_line    0x00001509      0x3a4 ./build/Debug/.obj/hal/STM32F10x_StdPeriph_Driver/system_stm32f10x.o
 .debug_line    0x000018ad      0x292 ./build/Debug/.obj/src/drive/src/EC11.o
 .debug_line    0x00001b3f      0x6e9 ./build/Debug/.obj/src/drive/src/OLED.o
 .debug_line    0x00002228      0x134 ./build/Debug/.obj/src/main.o
 .debug_line    0x0000235c       0x79 ./build/Debug/.obj/src/startup_stm32f10x_md.o
 .debug_line    0x000023d5      0x126 ./build/Debug/.obj/src/stm32f10x_it.o

.debug_str      0x00000000     0x13b1
 .debug_str     0x00000000      0x37c ./build/Debug/.obj/hal/STM32F10x_StdPeriph_Driver/src/misc.o
                                0x3c1 (size before relaxing)
 .debug_str     0x0000037c      0x1d0 ./build/Debug/.obj/hal/STM32F10x_StdPeriph_Driver/src/stm32f10x_exti.o
                                0x34c (size before relaxing)
 .debug_str     0x0000054c      0x399 ./build/Debug/.obj/hal/STM32F10x_StdPeriph_Driver/src/stm32f10x_gpio.o
                                0x533 (size before relaxing)
 .debug_str     0x000008e5      0x42f ./build/Debug/.obj/hal/STM32F10x_StdPeriph_Driver/src/stm32f10x_rcc.o
                                0x61d (size before relaxing)
 .debug_str     0x00000d14       0xa5 ./build/Debug/.obj/hal/STM32F10x_StdPeriph_Driver/system_stm32f10x.o
                                0x2ef (size before relaxing)
 .debug_str     0x00000db9      0x3a1 ./build/Debug/.obj/src/drive/src/EC11.o
                                0x81a (size before relaxing)
 .debug_str     0x0000115a      0x175 ./build/Debug/.obj/src/drive/src/OLED.o
                                0x46f (size before relaxing)
 .debug_str     0x000012cf       0x12 ./build/Debug/.obj/src/main.o
                                0x1b2 (size before relaxing)
 .debug_str     0x000012e1       0x2b ./build/Debug/.obj/src/startup_stm32f10x_md.o
                                 0x48 (size before relaxing)
 .debug_str     0x0000130c       0xa5 ./build/Debug/.obj/src/stm32f10x_it.o
                                0x1d4 (size before relaxing)

.comment        0x00000000       0x4d
 .comment       0x00000000       0x4d ./build/Debug/.obj/hal/STM32F10x_StdPeriph_Driver/src/misc.o
                                 0x4e (size before relaxing)
 .comment       0x0000004d       0x4e ./build/Debug/.obj/hal/STM32F10x_StdPeriph_Driver/src/stm32f10x_exti.o
 .comment       0x0000004d       0x4e ./build/Debug/.obj/hal/STM32F10x_StdPeriph_Driver/src/stm32f10x_gpio.o
 .comment       0x0000004d       0x4e ./build/Debug/.obj/hal/STM32F10x_StdPeriph_Driver/src/stm32f10x_rcc.o
 .comment       0x0000004d       0x4e ./build/Debug/.obj/hal/STM32F10x_StdPeriph_Driver/system_stm32f10x.o
 .comment       0x0000004d       0x4e ./build/Debug/.obj/src/drive/src/EC11.o
 .comment       0x0000004d       0x4e ./build/Debug/.obj/src/drive/src/OLED.o
 .comment       0x0000004d       0x4e ./build/Debug/.obj/src/main.o
 .comment       0x0000004d       0x4e ./build/Debug/.obj/src/stm32f10x_it.o

.debug_frame    0x00000000      0x81c
 .debug_frame   0x00000000       0x60 ./build/Debug/.obj/hal/STM32F10x_StdPeriph_Driver/src/misc.o
 .debug_frame   0x00000060       0xa0 ./build/Debug/.obj/hal/STM32F10x_StdPeriph_Driver/src/stm32f10x_exti.o
 .debug_frame   0x00000100      0x160 ./build/Debug/.obj/hal/STM32F10x_StdPeriph_Driver/src/stm32f10x_gpio.o
 .debug_frame   0x00000260      0x228 ./build/Debug/.obj/hal/STM32F10x_StdPeriph_Driver/src/stm32f10x_rcc.o
 .debug_frame   0x00000488       0x6c ./build/Debug/.obj/hal/STM32F10x_StdPeriph_Driver/system_stm32f10x.o
 .debug_frame   0x000004f4       0x5c ./build/Debug/.obj/src/drive/src/EC11.o
 .debug_frame   0x00000550      0x1d8 ./build/Debug/.obj/src/drive/src/OLED.o
 .debug_frame   0x00000728       0x28 ./build/Debug/.obj/src/main.o
 .debug_frame   0x00000750       0xa0 ./build/Debug/.obj/src/stm32f10x_it.o
 .debug_frame   0x000007f0       0x2c c:/users/sounyz/.eide/tools/gcc_arm/bin/../lib/gcc/arm-none-eabi/10.2.1/../../../../arm-none-eabi/lib/thumb/v7-m/nofp\libc_nano.a(lib_a-init.o)
